 Rttdll

 Timestamp is 59adc7b2 (Mon Sep  4 17:37:54 2017)

 Preferred load address is 10000000

 Start         Length     Name                   Class
 0001:00000000 0004eef0H .text                   CODE
 0001:0004eef0 0000fa24H .text$mn                CODE
 0002:00000000 00000004H .00cfg                  DATA
 0002:00000004 00000004H .CRT$XCA                DATA
 0002:00000008 00000004H .CRT$XCZ                DATA
 0002:0000000c 00000004H .CRT$XIA                DATA
 0002:00000010 0000000cH .CRT$XIC                DATA
 0002:0000001c 00000004H .CRT$XIZ                DATA
 0002:00000020 00000004H .CRT$XPA                DATA
 0002:00000024 00000008H .CRT$XPX                DATA
 0002:0000002c 00000004H .CRT$XPXA               DATA
 0002:00000030 00000004H .CRT$XPZ                DATA
 0002:00000034 00000004H .CRT$XTA                DATA
 0002:00000038 00000008H .CRT$XTZ                DATA
 0002:00000040 0000a3ecH .rdata                  DATA
 0002:0000a42c 00000000H .rdata$r                DATA
 0002:0000a42c 000001e4H .rdata$zzzdbg           DATA
 0002:0000a610 00000004H .rtc$IAA                DATA
 0002:0000a614 00000004H .rtc$IZZ                DATA
 0002:0000a618 00000004H .rtc$TAA                DATA
 0002:0000a61c 00000004H .rtc$TZZ                DATA
 0002:0000a620 000003e0H .xdata$x                DATA
 0002:0000aa00 00000643H .edata                  DATA
 0003:00000000 0000aea0H .data                   DATA
 0003:0000ae90 00000000H .data$r                 DATA
 0003:0000aea0 00027640H .bss                    DATA
 0004:00000000 000000a4H .gfids$y                DATA

  Address         Publics by Value              Rva+Base       Lib:Object

 0000:00000000       ___guard_longjmp_count     00000000     <absolute>
 0000:00000000       ___guard_fids_count        00000000     <absolute>
 0000:00000000       __except_list              00000000     <absolute>
 0000:00000000       ___guard_longjmp_table     00000000     <absolute>
 0000:00000000       ___guard_iat_table         00000000     <absolute>
 0000:00000000       ___guard_iat_count         00000000     <absolute>
 0000:00000000       ___safe_se_handler_table   00000000     <absolute>
 0000:00000000       ___dynamic_value_reloc_table 00000000     <absolute>
 0000:00000000       ___guard_fids_table        00000000     <absolute>
 0000:00000000       ___safe_se_handler_count   00000000     <absolute>
 0000:00000100       ___guard_flags             00000100     <absolute>
 0000:00000000       ___ImageBase               10000000     <linker-defined>
 0001:00000000       __rtuParsePipeHandle       10001000 f   Rtusb:Rtusb.obj
 0001:00000050       _RTUErrorMessage           10001050 f   Rtusb:Rtusb.obj
 0001:00000080       _RTUGetDevice              10001080 f   Rtusb:Rtusb.obj
 0001:00000090       _RTUDeviceSpeed            10001090 f   Rtusb:Rtusb.obj
 0001:000000a0       _RTUAltInterfaces          100010a0 f   Rtusb:Rtusb.obj
 0001:000000d0       _RTUGetDescriptor          100010d0 f   Rtusb:Rtusb.obj
 0001:00000120       _RTUGetConfiguration       10001120 f   Rtusb:Rtusb.obj
 0001:00000150       _RTUGetInterface           10001150 f   Rtusb:Rtusb.obj
 0001:00000170       _RTUGetEndpoint            10001170 f   Rtusb:Rtusb.obj
 0001:000001d0       _RTUEndpointDirection      100011d0 f   Rtusb:Rtusb.obj
 0001:00000200       _RTUEndpointType           10001200 f   Rtusb:Rtusb.obj
 0001:00000210       _RTUEndpointPacketSize     10001210 f   Rtusb:Rtusb.obj
 0001:00000230       _RTUEndpointInterval       10001230 f   Rtusb:Rtusb.obj
 0001:00000270       _RTUFindEndpoint           10001270 f   Rtusb:Rtusb.obj
 0001:000002d0       _RTUFindInterface          100012d0 f   Rtusb:Rtusb.obj
 0001:000003b0       _RTUSuspendHubs            100013b0 f   Rtusb:Rtusb.obj
 0001:000003e0       _RTUClaimInterface         100013e0 f   Rtusb:Rtusb.obj
 0001:000006f0       _RTUSetClientData          100016f0 f   Rtusb:Rtusb.obj
 0001:00000760       _RTUGetClientData          10001760 f   Rtusb:Rtusb.obj
 0001:000007d0       _RTUOpenPipe               100017d0 f   Rtusb:Rtusb.obj
 0001:00000a00       _RTUSetPipeMsgQ            10001a00 f   Rtusb:Rtusb.obj
 0001:00000a80       _RTUSetPipeOption          10001a80 f   Rtusb:Rtusb.obj
 0001:00000c00       _RTUClosePipe              10001c00 f   Rtusb:Rtusb.obj
 0001:00000df0       _RTUStartIO                10001df0 f   Rtusb:Rtusb.obj
 0001:00000f70       _RTUIOWait                 10001f70 f   Rtusb:Rtusb.obj
 0001:00001050       _RTUIOWaitTimed            10002050 f   Rtusb:Rtusb.obj
 0001:00001130       _RTUSendSetup              10002130 f   Rtusb:Rtusb.obj
 0001:000012b0       _RTUCancelIO               100022b0 f   Rtusb:Rtusb.obj
 0001:000012f0       _RTUDeviceOfPipe           100022f0 f   Rtusb:Rtusb.obj
 0001:00001320       _RTUResetDevice            10002320 f   Rtusb:Rtusb.obj
 0001:00001370       _RTURegisterCallback       10002370 f   Rtusb:Rtusb.obj
 0001:000013c0       __rtuRegisterHCI           100023c0 f   Rtusb:Rtusb.obj
 0001:00001510       _RTUShutDown               10002510 f   Rtusb:Rtusb.obj
 0001:00001540       __rtuSetUHCIRootPollHandler 10002540 f   Rtusb:Rtusb.obj
 0001:00001550       _RTUWaitInitialEnumDone    10002550 f   Rtusb:Rtusb.obj
 0001:00002830       _USBSetKeyboardLEDs        10003830 f   Rtusb:Usbkb.obj
 0001:00002870       _USBKeyboard               10003870 f   Rtusb:Usbkb.obj
 0001:00002f10       _USBDiskMountDevice        10003f10 f   Rtusb:Usbdisk.obj
 0001:000037f0       _USBDiskReadSectors        100047f0 f   Rtusb:Usbdisk.obj
 0001:00003a30       _USBDiskWriteSectors       10004a30 f   Rtusb:Usbdisk.obj
 0001:00003a60       _USBDiskMediaChanged       10004a60 f   Rtusb:Usbdisk.obj
 0001:00003aa0       _USBDiskGetSize            10004aa0 f   Rtusb:Usbdisk.obj
 0001:00003af0       _USBDiskSCSICommand        10004af0 f   Rtusb:Usbdisk.obj
 0001:00003b80       _USBDiskInitDevice         10004b80 f   Rtusb:Usbdisk.obj
 0001:00003d20       _USBDisk                   10004d20 f   Rtusb:Usbdisk.obj
 0001:00003e70       _RTURegisterXHCI           10004e70 f   Rtusb:Xhci.obj
 0001:00006380       _RTURegisterEHCI           10007380 f   Rtusb:Ehci.obj
 0001:00008810       _RTURegisterUHCI           10009810 f   Rtusb:Uhci.obj
 0001:0000a640       _RTURegisterOHCI           1000b640 f   Rtusb:Ohci.obj
 0001:0000c3a0       __rtuPhysAddr              1000d3a0 f   Rtusb:Usbutil.obj
 0001:0000c3e0       __rtuVirtAddr              1000d3e0 f   Rtusb:Usbutil.obj
 0001:0000c420       __rtuSizeLn2               1000d420 f   Rtusb:Usbutil.obj
 0001:0000c4c0       __rtuMallocPhysMemAligned  1000d4c0 f   Rtusb:Usbutil.obj
 0001:0000c630       __rtuFreePhysMemAligned    1000d630 f   Rtusb:Usbutil.obj
 0001:0000c690       __rtuAddBuffers            1000d690 f   Rtusb:Usbutil.obj
 0001:0000c6c0       __rtuDeleteBuffers         1000d6c0 f   Rtusb:Usbutil.obj
 0001:0000c6f0       __rtuGetBuffer             1000d6f0 f   Rtusb:Usbutil.obj
 0001:0000c750       _RTUFreeBuffer             1000d750 f   Rtusb:Usbutil.obj
 0001:0000c790       __rtuInitAddr              1000d790 f   Rtusb:Usbutil.obj
 0001:0000c7d0       __rtuIncAddr               1000d7d0 f   Rtusb:Usbutil.obj
 0001:0000c810       __rtuVirtualString         1000d810 f   Rtusb:Usbutil.obj
 0001:0000c920       _RTUSetMessageHandler      1000d920 f   Rtusb:Usbutil.obj
 0001:0000c930       _RTUDiagMessage            1000d930 f   Rtusb:Usbutil.obj
 0001:0000c950       _RTUSYSMalloc              1000d950 f   Rtusb:Sysurtk32.obj
 0001:0000c9a0       __free_base                1000d9a0 f   Rttheap:Rttheap.obj
 0001:0000c9a0       _RTUSYSFree                1000d9a0 f   Rtusb:Sysurtk32.obj
 0001:0000c9a0       _RTFSYSFree                1000d9a0 f   Rtfsk32:Sysrtk32.obj
 0001:0000c9b0       _RTUSYSErrorExit           1000d9b0 f   Rtusb:Sysurtk32.obj
 0001:0000c9e0       _RTUSYSAllocPage           1000d9e0 f   Rtusb:Sysurtk32.obj
 0001:0000ca30       _RTUSYSGetPhysAddr         1000da30 f   Rtusb:Sysurtk32.obj
 0001:0000ca40       _RTUSYSInstallIntHandler   1000da40 f   Rtusb:Sysurtk32.obj
 0001:0000ca60       _RTUSYSGetTime             1000da60 f   Rtusb:Sysurtk32.obj
 0001:0000ca60       _RTFSYSGetTime             1000da60 f   Rtfsk32:Sysrtk32.obj
 0001:0000ca70       _RTUSYSDelay               1000da70 f   Rtusb:Sysurtk32.obj
 0001:0000cb00       _RTUSYSCreateThread        1000db00 f   Rtusb:Sysurtk32.obj
 0001:0000cb30       _RTUCreateMsgQ             1000db30 f   Rtusb:Sysurtk32.obj
 0001:0000cb50       _RTUMsgQCount              1000db50 f   Rtusb:Sysurtk32.obj
 0001:0000cb60       _RTUDeleteMsgQ             1000db60 f   Rtusb:Sysurtk32.obj
 0001:0000cb70       _RTUPutMsgQ                1000db70 f   Rtusb:Sysurtk32.obj
 0001:0000cba0       _RTUGetMsgQ                1000dba0 f   Rtusb:Sysurtk32.obj
 0001:0000cbc0       _RTUGetMsgQTimed           1000dbc0 f   Rtusb:Sysurtk32.obj
 0001:0000cc00       _RTFSYSDiagMessage         1000dc00 f   Rtfsk32:Sysrtk32.obj
 0001:0000cc00       _RTUSYSDiagMessage         1000dc00 f   Rtusb:Sysurtk32.obj
 0001:0000cc10       _RTUSYSAllocMutex          1000dc10 f   Rtusb:Sysurtk32.obj
 0001:0000cc30       _RTUSYSLockMutex           1000dc30 f   Rtusb:Sysurtk32.obj
 0001:0000cc40       _RTUAllocSpinlock          1000dc40 f   Rtusb:Sysurtk32.obj
 0001:0000cc70       _RTUSYSLockSpinlock        1000dc70 f   Rtusb:Sysurtk32.obj
 0001:0000cc80       _RTUSYSReleaseSpinlock     1000dc80 f   Rtusb:Sysurtk32.obj
 0001:0000cc90       _RTUSYSAtomicInc           1000dc90 f   Rtusb:Sysurtk32.obj
 0001:0000cca0       _RTUSYSAtomicDec           1000dca0 f   Rtusb:Sysurtk32.obj
 0001:0000ccb0       _RTUSYSInsertKeyboardScanCode 1000dcb0 f   Rtusb:Sysurtk32.obj
 0001:0000cd10       _RTUSYSSetKeyboardLanguage 1000dd10 f   Rtusb:Sysurtk32.obj
 0001:0000cdb0       _RTUSYSSWAP16              1000ddb0 f   Rtusb:Sysuswap.obj
 0001:0000cdb8       _RTUSYSSWAP32              1000ddb8 f   Rtusb:Sysuswap.obj
 0001:0000f7e0       _RTUSYSNewDiskDevice       100107e0 f   RtfilesX:Drvusb.obj
 0001:000114b0       _RTFCharToUnicode          100124b0 f   RtfilesX:Rtfiles.obj
 0001:00011630       _RTFUnicodeToChar          10012630 f   RtfilesX:Rtfiles.obj
 0001:00012940       _RTFPartitionSectors       10013940 f   RtfilesX:Rtfiles.obj
 0001:00012960       _RTFPartitionStart         10013960 f   RtfilesX:Rtfiles.obj
 0001:00012980       _RTFDiagMessage            10013980 f   RtfilesX:Rtfiles.obj
 0001:00013690       _RTFExtendedFileSize       10014690 f   RtfilesX:Rtfiles.obj
 0001:00013700       _RTFCreateDir              10014700 f   RtfilesX:Rtfiles.obj
 0001:00015f10       _RTFSetVolumeLabel         10016f10 f   RtfilesX:Rtfiles.obj
 0001:000162e0       _RTFOpen                   100172e0 f   RtfilesX:Rtfiles.obj
 0001:000169a0       _RTFMakeTempFileName       100179a0 f   RtfilesX:Rtfiles.obj
 0001:00016c50       _RTFDelete                 10017c50 f   RtfilesX:Rtfiles.obj
 0001:00016e40       _RTFRename                 10017e40 f   RtfilesX:Rtfiles.obj
 0001:000172d0       _RTFGetAttributes          100182d0 f   RtfilesX:Rtfiles.obj
 0001:00017390       _RTFSetAttributes          10018390 f   RtfilesX:Rtfiles.obj
 0001:000174d0       _RTFExpandName             100184d0 f   RtfilesX:Rtfiles.obj
 0001:00017700       _RTFClose                  10018700 f   RtfilesX:Rtfiles.obj
 0001:00017a70       _RTFSetFileTime            10018a70 f   RtfilesX:Rtfiles.obj
 0001:00017b30       _RTFGetFileInfoEx          10018b30 f   RtfilesX:Rtfiles.obj
 0001:00017e10       _RTFMakeFileName           10018e10 f   RtfilesX:Rtfiles.obj
 0001:00017e40       _RTFRead                   10018e40 f   RtfilesX:Rtfiles.obj
 0001:000186e0       _RTFWrite                  100196e0 f   RtfilesX:Rtfiles.obj
 0001:00018e20       _RTFCommit                 10019e20 f   RtfilesX:Rtfiles.obj
 0001:00018eb0       _RTFTruncate               10019eb0 f   RtfilesX:Rtfiles.obj
 0001:00019120       _RTFSeekEx                 1001a120 f   RtfilesX:Rtfiles.obj
 0001:000195f0       _RTFExtendEx               1001a5f0 f   RtfilesX:Rtfiles.obj
 0001:00019920       _RTFExtend                 1001a920 f   RtfilesX:Rtfiles.obj
 0001:00019950       _RTFFindClose              1001a950 f   RtfilesX:Rtfiles.obj
 0001:00019960       _RTFFindNextEx             1001a960 f   RtfilesX:Rtfiles.obj
 0001:00019e00       _RTFFindFirstEx            1001ae00 f   RtfilesX:Rtfiles.obj
 0001:0001a050       _RTFGetDiskInfoEx          1001b050 f   RtfilesX:Rtfiles.obj
 0001:0001a370       _RTFGetDeviceIndex         1001b370 f   RtfilesX:Rtfiles.obj
 0001:0001a4f0       _RTFDeviceIoControl        1001b4f0 f   RtfilesX:Rtfiles.obj
 0001:0001a580       _RTFGetCurrentDir          1001b580 f   RtfilesX:Rtfiles.obj
 0001:0001a680       _RTFSetCurrentDir          1001b680 f   RtfilesX:Rtfiles.obj
 0001:0001a7a0       _RTFRemoveDir              1001b7a0 f   RtfilesX:Rtfiles.obj
 0001:0001aa10       _RTFCloseAll               1001ba10 f   RtfilesX:Rtfiles.obj
 0001:0001aa80       _RTFShutDown               1001ba80 f   RtfilesX:Rtfiles.obj
 0001:0001ab20       _RTFErrorMessage           1001bb20 f   RtfilesX:Rtfiles.obj
 0001:0001df90       @_XRaiseException@4        1001ef90 f   RtfilesX:Rtfex.obj
 0001:0001e020       @_XReExecute@0             1001f020 f   RtfilesX:Rtfex.obj
 0001:0001e050       @_XInitBlock@4             1001f050 f   RtfilesX:Rtfex.obj
 0001:0001e090       @_XHandled@4               1001f090 f   RtfilesX:Rtfex.obj
 0001:0001e0a0       @_XCloseBlock@4            1001f0a0 f   RtfilesX:Rtfex.obj
 0001:0001e100       @_XCloseBlockCanReturn@4   1001f100 f   RtfilesX:Rtfex.obj
 0001:0001e160       @_XCloseBlockNoPropagate@4 1001f160 f   RtfilesX:Rtfex.obj
 0001:0001e1b0       _rtfSaveContext            1001f1b0 f   RtfilesX:Rtfex32.obj
 0001:0001e1b0       __rtfSaveContext@4         1001f1b0     RtfilesX:Rtfex32.obj
 0001:0001e1c7       __rtfRestoreContext@8      1001f1c7     RtfilesX:Rtfex32.obj
 0001:0001e1c7       _rtfRestoreContext         1001f1c7 f   RtfilesX:Rtfex32.obj
 0001:0001e1e0       _RTInSW                    1001f1e0 f   RtfilesX:Portio32.obj
 0001:0001e1f6       _RTInSD                    1001f1f6 f   RtfilesX:Portio32.obj
 0001:0001e20c       _RTOutSW                   1001f20c f   RtfilesX:Portio32.obj
 0001:0001e222       _RTOutSD                   1001f222 f   RtfilesX:Portio32.obj
 0001:0001e238       __rtfLock                  1001f238 f   RtfilesX:Lock32.obj
 0001:0001e290       _RTFSYSGetDateTime         1001f290 f   Rtfsk32:Sysrtk32.obj
 0001:0001e300       _RTFSYSAllocMutex          1001f300 f   Rtfsk32:Sysrtk32.obj
 0001:0001e320       _RTFSYSLockMutex           1001f320 f   Rtfsk32:Sysrtk32.obj
 0001:0001e340       _RTFSYSSignalSemaphore     1001f340 f   Rtfsk32:Sysrtk32.obj
 0001:0001e340       _RTFSYSFreeMutex           1001f340 f   Rtfsk32:Sysrtk32.obj
 0001:0001e340       _RTUSYSFreeMutex           1001f340 f   Rtusb:Sysurtk32.obj
 0001:0001e350       _RTFSYSAllocSemaphore      1001f350 f   Rtfsk32:Sysrtk32.obj
 0001:0001e370       _RTFSYSWaitSemaphore       1001f370 f   Rtfsk32:Sysrtk32.obj
 0001:0001e3d0       _RTFSYSInstallIntHandler   1001f3d0 f   Rtfsk32:Sysrtk32.obj
 0001:0001e3f0       _RTFSYSAllocTLS            1001f3f0 f   Rtfsk32:Sysrtk32.obj
 0001:0001e400       _RTFSYSSetTLS              1001f400 f   Rtfsk32:Sysrtk32.obj
 0001:0001e420       _RTFSYSGetTLS              1001f420 f   Rtfsk32:Sysrtk32.obj
 0001:0001e430       _RTFSYSErrorExit           1001f430 f   Rtfsk32:Sysrtk32.obj
 0001:0001e440       _RTFSYSDelay               1001f440 f   Rtfsk32:Sysrtk32.obj
 0001:0001e4b0       _RTFSYSGetDMABuffer        1001f4b0 f   Rtfsk32:Sysrtk32.obj
 0001:0001e540       _RTFSYSMapPhysicalMemory   1001f540 f   Rtfsk32:Sysrtk32.obj
 0001:0001e540       _AcpiOsMapMemory           1001f540 f   Acpica:osontime.obj
 0001:0001e568       EnterCriticalSection       1001f568 f   Rtk32:Csa.obj
 0001:0001e568       _EnterCriticalSection@4    1001f568     Rtk32:Csa.obj
 0001:0001e60e       TryEnterCriticalSection    1001f60e f   Rtk32:Csa.obj
 0001:0001e60e       _TryEnterCriticalSection@4 1001f60e     Rtk32:Csa.obj
 0001:0001e6aa       LeaveCriticalSection       1001f6aa f   Rtk32:Csa.obj
 0001:0001e6aa       _LeaveCriticalSection@4    1001f6aa     Rtk32:Csa.obj
 0001:0001e710       __rtkInsertBefore          1001f710 f   Rtk32:Kernel.obj
 0001:0001e730       __rtkInsertAfter           1001f730 f   Rtk32:Kernel.obj
 0001:0001e750       __rtkGetFirst              1001f750 f   Rtk32:Kernel.obj
 0001:0001e770       __rtkCancel                1001f770 f   Rtk32:Kernel.obj
 0001:0001e790       __rtkFirstNode             1001f790 f   Rtk32:Kernel.obj
 0001:0001e7b0       __rtkNextNode              1001f7b0 f   Rtk32:Kernel.obj
 0001:0001e7d0       __rtkPointerStr            1001f7d0 f   Rtk32:Kernel.obj
 0001:0001e860       __rtkSaveStackPosError     1001f860 f   Rtk32:Kernel.obj
 0001:0001e870       __rtkPopStackPosError      1001f870 f   Rtk32:Kernel.obj
 0001:0001e880       __rtkMakeStackFrame        1001f880 f   Rtk32:Kernel.obj
 0001:0001e8f0       __rtkCodePos               1001f8f0 f   Rtk32:Kernel.obj
 0001:0001e920       _RTKAlloc                  1001f920 f   Rtk32:Kernel.obj
 0001:0001ea30       __rtk_TimeStatistic        1001fa30 f   Rtk32:Kernel.obj
 0001:0001eaf0       _RTKClearStatistic         1001faf0 f   Rtk32:Kernel.obj
 0001:0001eb90       __rtkPutPrimQ              1001fb90 f   Rtk32:Kernel.obj
 0001:0001ebd0       __rtkPutReadyQ             1001fbd0 f   Rtk32:Kernel.obj
 0001:0001ec20       __rtkPutTimeQ              1001fc20 f   Rtk32:Kernel.obj
 0001:0001ec60       __rtkNextReadyTask         1001fc60 f   Rtk32:Kernel.obj
 0001:0001ec90       __rtkBlockCurrentTask      1001fc90 f   Rtk32:Kernel.obj
 0001:0001ee30       __rtkDropPrio              1001fe30 f   Rtk32:Kernel.obj
 0001:0001ef30       __rtkRaisePrio             1001ff30 f   Rtk32:Kernel.obj
 0001:0001efd0       __rtk_CheckReschedule      1001ffd0 f   Rtk32:Kernel.obj
 0001:0001f100       __rtk_IRQCheckReschedule   10020100 f   Rtk32:Kernel.obj
 0001:0001f180       __rtkException             10020180 f   Rtk32:Kernel.obj
 0001:0001f2f0       _RTKFatalError             100202f0 f   Rtk32:Kernel.obj
 0001:0001f3c0       __rtkStackCheck            100203c0 f   Rtk32:Kernel.obj
 0001:0001f450       _RTKStackCheck             10020450 f   Rtk32:Kernel.obj
 0001:0001f460       __rtkSemaException         10020460 f   Rtk32:Kernel.obj
 0001:0001f4f0       __rtkCheckHandle           100204f0 f   Rtk32:Kernel.obj
 0001:0001f520       __rtkCheckSema             10020520 f   Rtk32:Kernel.obj
 0001:0001f550       __rtkCheckMCB              10020550 f   Rtk32:Kernel.obj
 0001:0001f580       __rtkCheckIRQ              10020580 f   Rtk32:Kernel.obj
 0001:0001f5b0       _RTKSetIRQStack            100205b0 f   Rtk32:Kernel.obj
 0001:0001f750       _RTKSetIRQHandler          10020750 f   Rtk32:Kernel.obj
 0001:0001f820       _RTKCallIRQHandlerFar      10020820 f   Rtk32:Kernel.obj
 0001:0001f850       __rtkDeQueue               10020850 f   Rtk32:Kernel.obj
 0001:0001f980       _RTKTerminateTask          10020980 f   Rtk32:Kernel.obj
 0001:0001fb50       _RTKDeallocTerminatedTasks 10020b50 f   Rtk32:Kernel.obj
 0001:0001fbb0       _RTKSetPriority            10020bb0 f   Rtk32:Kernel.obj
 0001:0001fc80       _RTKCreateThread           10020c80 f   Rtk32:Kernel.obj
 0001:00020000       _RTKGetTaskState           10021000 f   Rtk32:Kernel.obj
 0001:00020030       _RTKGetTaskPrio            10021030 f   Rtk32:Kernel.obj
 0001:000200b0       _RTKSetTaskStartStopHook   100210b0 f   Rtk32:Kernel.obj
 0001:000200e0       _RTKGetTime                100210e0 f   Rtk32:Kernel.obj
 0001:000200f0       _RTKDelayUntil             100210f0 f   Rtk32:Kernel.obj
 0001:000201d0       _RTKDelay                  100211d0 f   Rtk32:Kernel.obj
 0001:00020300       _RTKScheduler              10021300 f   Rtk32:Kernel.obj
 0001:00020350       __rtkPreemptionsOFFDbg     10021350 f   Rtk32:Kernel.obj
 0001:00020370       __rtkPreemptionsONDbg      10021370 f   Rtk32:Kernel.obj
 0001:00020380       _RTKPreemptionsON          10021380 f   Rtk32:Kernel.obj
 0001:000203d0       _RTKTimeSlice              100213d0 f   Rtk32:Kernel.obj
 0001:000203e0       _RTKFirstTask              100213e0 f   Rtk32:Kernel.obj
 0001:000203f0       _RTKNextTask               100213f0 f   Rtk32:Kernel.obj
 0001:00020430       _RTKInitialized            10021430 f   Rtk32:Kernel.obj
 0001:00020440       _RTKExit                   10021440 f   Rtk32:Kernel.obj
 0001:00020510       _RTKInstallExitTask        10021510 f   Rtk32:Kernel.obj
 0001:000205a0       __rtk_TimeInterrupts       100215a0 f   Rtk32:Kernel.obj
 0001:000205c0       _RTKernelInit              100215c0 f   Rtk32:Kernel.obj
 0001:00020b00       _CLKTicksToSecsScaled      10021b00 f   Rtk32:Clock.obj
 0001:00020b50       _CLKSecsScaledToTicks      10021b50 f   Rtk32:Clock.obj
 0001:00020ba0       _CLKTicksToMilliSecs       10021ba0 f   Rtk32:Clock.obj
 0001:00020bc0       _CLKTicksToMicroSecs       10021bc0 f   Rtk32:Clock.obj
 0001:00020be0       _CLKSecondsToTicks         10021be0 f   Rtk32:Clock.obj
 0001:00020bf0       _CLKMilliSecsToTicks       10021bf0 f   Rtk32:Clock.obj
 0001:00020c10       _CLKMicroSecsToTicks       10021c10 f   Rtk32:Clock.obj
 0001:00020c30       _CLKSetTimerIntVal         10021c30 f   Rtk32:Clock.obj
 0001:00020c80       _KBInit                    10021c80 f   Rtk32:Rtkeybrd.obj
 0001:00020d00       _inportb                   10021d00     Rtk32:Portio.obj
 0001:00020d00       _RTIn                      10021d00 f   Rtk32:Portio.obj
 0001:00020d00       _inp                       10021d00     Rtk32:Portio.obj
 0001:00020d09       _RTInW                     10021d09 f   Rtk32:Portio.obj
 0001:00020d09       _inpw                      10021d09     Rtk32:Portio.obj
 0001:00020d09       _inportw                   10021d09     Rtk32:Portio.obj
 0001:00020d13       _inportd                   10021d13     Rtk32:Portio.obj
 0001:00020d13       _RTInD                     10021d13 f   Rtk32:Portio.obj
 0001:00020d13       _inpd                      10021d13     Rtk32:Portio.obj
 0001:00020d1a       _outp                      10021d1a     Rtk32:Portio.obj
 0001:00020d1a       _outportb                  10021d1a     Rtk32:Portio.obj
 0001:00020d1a       _RTOut                     10021d1a f   Rtk32:Portio.obj
 0001:00020d26       _RTOutW                    10021d26 f   Rtk32:Portio.obj
 0001:00020d26       _outportw                  10021d26     Rtk32:Portio.obj
 0001:00020d26       _outpw                     10021d26     Rtk32:Portio.obj
 0001:00020d33       _outportd                  10021d33     Rtk32:Portio.obj
 0001:00020d33       _outpd                     10021d33     Rtk32:Portio.obj
 0001:00020d33       _RTOutD                    10021d33 f   Rtk32:Portio.obj
 0001:00020d40       __rtk32SharedIRQHandler    10021d40 f   Rtk32:Shareint.obj
 0001:00020e00       _RTInstallSharedIRQHandler 10021e00 f   Rtk32:Shareint.obj
 0001:00020e20       _RTInstallSharedIRQHandlerEx 10021e20 f   Rtk32:Shareint.obj
 0001:00020ed0       _RTRemoveSharedIRQHandler  10021ed0 f   Rtk32:Shareint.obj
 0001:00020ef0       _RTRemoveSharedIRQHandlerEx 10021ef0 f   Rtk32:Shareint.obj
 0001:00020f40       _FTSetResolution           10021f40 f   Rtk32:Finetime.obj
 0001:00020f70       _FTElapsedSecsScaled       10021f70 f   Rtk32:Finetime.obj
 0001:00020fb0       _FTTimeToSecsScaled        10021fb0 f   Rtk32:Finetime.obj
 0001:00021020       _FTElapsedMicroSecs        10022020 f   Rtk32:Finetime.obj
 0001:00021040       _RTKRTLCreateThread        10022040 f   Rtk32:Rtlthread.obj
 0001:00021120       _RTKCreateMailbox          10022120 f   Rtk32:Mbox.obj
 0001:00021200       _RTKDeleteMailbox          10022200 f   Rtk32:Mbox.obj
 0001:00021310       _RTKMessages               10022310 f   Rtk32:Mbox.obj
 0001:00021400       _RTKGet                    10022400 f   Rtk32:Mbox.obj
 0001:000215a0       _RTKPutCond                100225a0 f   Rtk32:Mbox.obj
 0001:000216d0       _RTKGetUntil               100226d0 f   Rtk32:Mbox.obj
 0001:00021880       _RTKGetTimed               10022880 f   Rtk32:Mbox.obj
 0001:00021ae0       _RTKOpenSemaphore          10022ae0 f   Rtk32:Sema.obj
 0001:00021b60       _RTKDeleteSemaphore        10022b60 f   Rtk32:Sema.obj
 0001:00021c50       _RTKResourceOwner          10022c50 f   Rtk32:Sema.obj
 0001:00021ce0       _RTKSignal                 10022ce0 f   Rtk32:Sema.obj
 0001:00021ee0       _RTKWait                   10022ee0 f   Rtk32:Sema.obj
 0001:00022100       _RTKWaitCond               10023100 f   Rtk32:Sema.obj
 0001:00022240       _RTKWaitUntil              10023240 f   Rtk32:Sema.obj
 0001:000224c0       _RTKWaitTimed              100234c0 f   Rtk32:Sema.obj
 0001:000224e0       _RTKCurrentTaskHandle      100234e0 f   Rtk32:Currt.obj
 0001:000224f0       _RTKAllocUserData          100234f0 f   Rtk32:Userdata.obj
 0001:00022550       _RTKSetUserData            10023550 f   Rtk32:Userdata.obj
 0001:00022600       _RTKGetUserData            10023600 f   Rtk32:Userdata.obj
 0001:000226a0       _RTKGetLocalData           100236a0 f   Rtk32:Userdata.obj
 0001:00022750       _GetCurrentThreadId@0      10023750 f   Rtk32:Rtwin32.obj
 0001:00022760       _CreateThread@24           10023760 f   Rtk32:Rtwin32.obj
 0001:00022c00       _ExitThread@4              10023c00 f   Rtk32:Rtwin32.obj
 0001:00022c50       _GetCurrentThread@0        10023c50 f   Rtk32:Rtwin32.obj
 0001:00022ca0       _Sleep@4                   10023ca0 f   Rtk32:Rtwin32.obj
 0001:00022dc0       _GetTickCount@0            10023dc0 f   Rtk32:Rtwin32.obj
 0001:00022e50       _GetTickCount64@0          10023e50 f   Rtk32:Rtwin32.obj
 0001:00022e60       _ResumeThread@4            10023e60 f   Rtk32:Rtwin32.obj
 0001:00022ec0       _InitializeCriticalSectionAndSpinCount@8 10023ec0 f   Rtk32:Rtwin32.obj
 0001:00022fd0       _InitializeCriticalSection@4 10023fd0 f   Rtk32:Rtwin32.obj
 0001:00022fe0       __rtkInitCriticalSection   10023fe0 f   Rtk32:Rtwin32.obj
 0001:00023020       _DeleteCriticalSection@4   10024020 f   Rtk32:Rtwin32.obj
 0001:00023070       _QueryPerformanceCounter@4 10024070 f   Rtk32:Rtwin32.obj
 0001:00023090       _RTKToWin32Handle          10024090 f   Rtk32:Rtwin32.obj
 0001:00023100       _FTMultiply                10024100 f   Rtk32:Ftm386.obj
 0001:00023123       _FTDivide                  10024123 f   Rtk32:Ftm386.obj
 0001:00023131       _FTShift                   10024131 f   Rtk32:Ftm386.obj
 0001:00023158       _FTSubtract                10024158 f   Rtk32:Ftm386.obj
 0001:00023174       _FTAdd                     10024174 f   Rtk32:Ftm386.obj
 0001:00023190       _FTIntMultDiv              10024190 f   Rtk32:Ftm386.obj
 0001:0002319d       _FTMultDivDouble           1002419d f   Rtk32:Ftm386.obj
 0001:000231dc       _RTKUserTrace              100241dc f   Rtk32:Utrace.obj
 0001:00023250       _RTKSetTraceBufferSize     10024250 f   Rtk32:Rttrace.obj
 0001:00023310       _RTKClearTraceBuffer       10024310 f   Rtk32:Rttrace.obj
 0001:00023380       _RTKStopTracing            10024380 f   Rtk32:Rttrace.obj
 0001:000233a0       _RTKTraceAll               100243a0 f   Rtk32:Rttrace.obj
 0001:000233c0       _RTKReceive                100243c0 f   Rtk32:Rtmp.obj
 0001:00023550       _RTKSendCond               10024550 f   Rtk32:Rtmp.obj
 0001:000236a0       _RTKResume                 100246a0 f   Rtk32:Resume.obj
 0001:00023750       _RTKSuspend                10024750 f   Rtk32:Suspend.obj
 0001:00023840       TimerInterrupt             10024840 f   Clkpc:Clkpct.obj
 0001:00023847       InstallInterrupt           10024847 f   Clkpc:Clkpct.obj
 0001:00023867       RemoveInterrupt            10024867 f   Clkpc:Clkpct.obj
 0001:00023877       __rtkCLKSetup              10024877 f   Clkpc:Clkpct.obj
 0001:00023892       __rtkCLKDone               10024892 f   Clkpc:Clkpct.obj
 0001:000238a5       __rtkCLKSetTimerInterval   100248a5 f   Clkpc:Clkpct.obj
 0001:000238ea       __rtkCLKCurrentTimerInterval 100248ea f   Clkpc:Clkpct.obj
 0001:000238f0       __rtkHRTSetup              100248f0 f   Hrtpent:Hrtpent.obj
 0001:0002391e       __rtkHRTDone               1002491e f   Hrtpent:Hrtpent.obj
 0001:0002391f       _FTReadTime                1002491f f   Hrtpent:Hrtpent.obj
 0001:00023930       __rtkSYSSetup              10024930 f   Drvrt32:Sysrt32.obj
 0001:00023ab0       __rtkSYSDefaultMessageHandler 10024ab0 f   Drvrt32:Sysrt32.obj
 0001:00023ac0       __rtkSYSFatalErrorExit     10024ac0 f   Drvrt32:Sysrt32.obj
 0001:00023ad0       __rtkSYSGetMainTaskInfo    10024ad0 f   Drvrt32:Sysrt32.obj
 0001:00023af0       __rtkSYSDataTaskInit       10024af0 f   Drvrt32:Sysrt32.obj
 0001:00023e70       __rtkSYSTaskDone           10024e70 f   Drvrt32:Sysrt32.obj
 0001:00023ef0       __rtkMEMAlloc              10024ef0 f   Drvrt32:Stcheap.obj
 0001:00023f20       __rtkMEMFree               10024f20 f   Drvrt32:Stcheap.obj
 0001:00023f40       _RTKEnableInterrupts       10024f40 f   Drvrt32:Iflag.obj
 0001:00023f46       _RTKDisableInterrupts      10024f46 f   Drvrt32:Iflag.obj
 0001:00023f48       __rtkIRQSaveAndDisableIFFlag 10024f48 f   Drvrt32:Iflag.obj
 0001:00023f4c       __rtkIRQRestoreIFFlag      10024f4c f   Drvrt32:Iflag.obj
 0001:00023f55       __rtkIRQIntsEnabled        10024f55 f   Drvrt32:Iflag.obj
 0001:00024024       __rtkIFlagCheckIOPL        10025024 f   Drvrt32:Iflag.obj
 0001:00024050       __rtkFLTSave               10025050 f   Drvrt32:Fltnull.obj
 0001:00024050       _AcpiOsUnmapMemory         10025050 f   Acpica:osontime.obj
 0001:00024050       __rtkIRQDone               10025050 f   Drvrt32:Irqrtt.obj
 0001:00024050       __rtkFLTRestore            10025050 f   Drvrt32:Fltnull.obj
 0001:00024050       __rtkSYSDone               10025050 f   Drvrt32:Sysrt32.obj
 0001:00024050       __rtkIPIHandler            10025050 f   Rtk32:Kernel.obj
 0001:00024050       __rtkFLTSetup              10025050 f   Drvrt32:Fltnull.obj
 0001:00024050       _AcpiOsVprintf             10025050 f   Acpica:osontimeprint.obj
 0001:00024050       _RTUSYSDiskRemoved         10025050 f   RtfilesX:Drvusb.obj
 0001:00024050       __rtkFLTDone               10025050 f   Drvrt32:Fltnull.obj
 0001:00024060       __rtkCPUPause              10025060 f   Drvrt32:Cpu386f.obj
 0001:00024063       __rtkCPUGetAndAdd          10025063 f   Drvrt32:Cpu386f.obj
 0001:00024080       __rtkCPUJumpToWithStack    10025080 f   Drvrt32:Cpu386f.obj
 0001:0002408a       __rtkCPUMakeFPStack        1002508a f   Drvrt32:Cpu386f.obj
 0001:00024098       _rtkGetCPU                 10025098 f   Drvrt32:Cpu386f.obj
 0001:000240be       __rtkCPUSetup              100250be f   Drvrt32:Cpu386f.obj
 0001:000240d5       __rtkCPUDone               100250d5 f   Drvrt32:Cpu386f.obj
 0001:000240d6       __rtkCPUSwapStacks         100250d6 f   Drvrt32:Cpu386f.obj
 0001:000240ed       __rtkCPUInitTaskStack      100250ed f   Drvrt32:Cpu386f.obj
 0001:00024115       __rtkCPUGetStackPointer    10025115 f   Drvrt32:Cpu386f.obj
 0001:0002411a       __rtkCPUMatchingMem        1002511a f   Drvrt32:Cpu386f.obj
 0001:0002443e       __rtkCPUGetLowHandler      1002543e f   Drvrt32:Cpu386f.obj
 0001:0002444b       __rtkIPILowHandler         1002544b f   Drvrt32:Cpu386f.obj
 0001:00024460       __tdsFindAddress           10025460 f   Drvrt32:Tdsgetp.obj
 0001:000244c0       __rtkSRCGetSourceInfo      100254c0 f   Drvrt32:Tdsgetp.obj
 0001:00024500       __rtkIRQMaxIRQs            10025500 f   Drvrt32:Irqrtt.obj
 0001:00024510       __rtkIRQRestoreHandlerFar  10025510 f   Drvrt32:Irqrtt.obj
 0001:00024530       __rtkIRQSetHandler         10025530 f   Drvrt32:Irqrtt.obj
 0001:00024550       __rtkIRQSaveHandlerFar     10025550 f   Drvrt32:Irqrtt.obj
 0001:00024570       __rtkIRQSetup              10025570 f   Drvrt32:Irqrtt.obj
 0001:00024580       __rtkIRQCallIntFar         10025580 f   Drvrt32:Irqcall.obj
 0001:000245b8       __rtkSYSIdle               100255b8 f   Drvrt32:Halt386.obj
 0001:000245c7       __rtkSYSIdle2              100255c7 f   Drvrt32:Halt386.obj
 0001:000245cc       _RTKIRQTopPriority         100255cc f   Drvrt32:I8259.obj
 0001:000245e7       _RTKEnableIRQ              100255e7 f   Drvrt32:I8259.obj
 0001:000245ec       _RTKDisableIRQ             100255ec f   Drvrt32:I8259.obj
 0001:000245f1       _RTKIRQEnd                 100255f1 f   Drvrt32:I8259.obj
 0001:000245f8       __SYSRTTDBGHook            100255f8 f   Drvrt32:Rttdbg.obj
 0001:00024610       __SYSFSGetRelative         10025610 f   Drvrt32:Fsseg.obj
 0001:00024618       __SYSFSSet                 10025618 f   Drvrt32:Fsseg.obj
 0001:0002461e       __SYSFSGet                 1002561e f   Drvrt32:Fsseg.obj
 0001:00024630       _MEMSTHeapAlloc            10025630 f   Drvrt32:Stheap.obj
 0001:000247a0       _MEMSTHeapFree             100257a0 f   Drvrt32:Stheap.obj
 0001:00024850       _malloc                    10025850 f   Rttheap:Rttheap.obj
 0001:00024880       _free                      10025880 f   Rttheap:Rttheap.obj
 0001:000248a0       _realloc                   100258a0 f   Rttheap:Rttheap.obj
 0001:000248e0       __recalloc                 100258e0 f   Rttheap:Rttheap.obj
 0001:00024900       _RTFSYSAlloc               10025900 f   Rtfsk32:Sysrtk32.obj
 0001:00024900       __malloc_base              10025900 f   Rttheap:Rttheap.obj
 0001:00024910       _GetEnvironmentStringsA@0  10025910 f   Rtt32:System.obj
 0001:00024940       _GetEnvironmentStrings@0   10025940 f   Rtt32:System.obj
 0001:00024950       __rttLocateEnvString       10025950 f   Rtt32:System.obj
 0001:000249f0       _SetEnvironmentVariableA@8 100259f0 f   Rtt32:System.obj
 0001:00024a50       _GetCommandLineA@0         10025a50 f   Rtt32:System.obj
 0001:00024a80       _RTSetExitHandler          10025a80 f   Rtt32:System.obj
 0001:00024a90       _ExitProcess@4             10025a90 f   Rtt32:System.obj
 0001:00024ad0       _TerminateProcess@8        10025ad0 f   Rtt32:System.obj
 0001:00024af0       _GetStartupInfoW@4         10025af0 f   Rtt32:System.obj
 0001:00024af0       _GetStartupInfoA@4         10025af0 f   Rtt32:System.obj
 0001:00024b20       _GetVersionExA@4           10025b20 f   Rtt32:System.obj
 0001:00024b40       _SetConsoleCtrlHandler@8   10025b40 f   Rtt32:System.obj
 0001:00024b50       _MessageBoxA@16            10025b50 f   Rtt32:System.obj
 0001:00024b90       _GetCurrentProcess@0       10025b90 f   Rtt32:System.obj
 0001:00024ba0       _OutputDebugStringA@4      10025ba0 f   Rtt32:System.obj
 0001:00024bf0       _IsDebuggerPresent@0       10025bf0 f   Rtt32:System.obj
 0001:00024c10       _Beep@8                    10025c10 f   Rtt32:System.obj
 0001:00024cb0       _EncodePointer@4           10025cb0 f   Rtt32:System.obj
 0001:00024cb0       _DecodePointer@4           10025cb0 f   Rtt32:System.obj
 0001:00024cc0       _RTProcessEvents           10025cc0 f   Rtt32:Conin.obj
 0001:00024d10       _ReadConsoleInputW@16      10025d10 f   Rtt32:Conin.obj
 0001:00024de0       _ReadConsoleInputA@16      10025de0 f   Rtt32:Conin.obj
 0001:00024e70       _GetNumberOfConsoleInputEvents@8 10025e70 f   Rtt32:Conin.obj
 0001:00024e90       _PeekConsoleInputA@16      10025e90 f   Rtt32:Conin.obj
 0001:00024f50       _WriteConsoleInputW@16     10025f50 f   Rtt32:Conin.obj
 0001:00025050       _WriteConsoleInputA@16     10026050 f   Rtt32:Conin.obj
 0001:00025110       _FlushConsoleInputBuffer@4 10026110 f   Rtt32:Conin.obj
 0001:00025150       _GetNumberOfConsoleMouseButtons@4 10026150 f   Rtt32:Conin.obj
 0001:00025170       _GetOEMCP@0                10026170 f   Rtt32:Cp.obj
 0001:00025170       _GetConsoleCP@0            10026170 f   Rtt32:Conin.obj
 0001:00025180       _ReadConsoleA@20           10026180 f   Rtt32:Conin.obj
 0001:00025280       _RTDisplayChar             10026280 f   Rtt32:Screen.obj
 0001:00025290       _RTSetDisplayHandler       10026290 f   Rtt32:Screen.obj
 0001:00025400       _RTDisplayScroll           10026400 f   Rtt32:Screen.obj
 0001:00025500       _RTDisplayClear            10026500 f   Rtt32:Screen.obj
 0001:000256a0       _RTDisplayCharAt           100266a0 f   Rtt32:Screen.obj
 0001:000257c0       _RTDisplayString           100267c0 f   Rtt32:Screen.obj
 0001:000257f0       _RTDisplayHex              100267f0 f   Rtt32:Screen.obj
 0001:00025820       _RTDisplayInt              10026820 f   Rtt32:Screen.obj
 0001:000258a0       _RTCMOSRead                100268a0 f   Rtt32:Cmos.obj
 0001:000259b0       _RTCMOSReadTime            100269b0 f   Rtt32:Cmos.obj
 0001:00025c00       _RTCMOSSetSystemTime       10026c00 f   Rtt32:Cmos.obj
 0001:00025ce0       _RTCMOSExtendHeap          10026ce0 f   Rtt32:Cmosheap.obj
 0001:00026000       _RTFindPhysMem             10027000 f   Rtt32:Rtmapmem.obj
 0001:00026100       _RTReserveVirtualAddress   10027100 f   Rtt32:Rtmapmem.obj
 0001:000261e0       _RTReleaseVirtualAddress   100271e0 f   Rtt32:Rtmapmem.obj
 0001:00026240       _RTMapMem                  10027240 f   Rtt32:Rtmapmem.obj
 0001:00026310       _RTExtendHeap              10027310 f   Rtt32:Rtmapmem.obj
 0001:000265e0       _RTAllocPhysPageAligned    100275e0 f   Rtt32:Rtmapmem.obj
 0001:000266c0       _RTGetPhysAddress          100276c0 f   Rtt32:Rtmapmem.obj
 0001:00026720       _RTSetPageFlags            10027720 f   Rtt32:Rtmapmem.obj
 0001:000267a0       _RTMapPhysMem              100277a0 f   Rtt32:Rtmapmem.obj
 0001:00026820       __rttFindMPFPS             10027820 f   Rtt32:Mp.obj
 0001:00026ae0       _RTMPSetIOAPICVector       10027ae0 f   Rtt32:Mp.obj
 0001:00026bf0       _RTMPCPUs                  10027bf0 f   Rtt32:Mp.obj
 0001:00027150       _RTMPIsAPICMode            10028150 f   Rtt32:Mp.obj
 0001:00027160       _RTMPSetAPICMode           10028160 f   Rtt32:Mp.obj
 0001:00027fa0       _RTMPSendIPInterrupt       10028fa0 f   Rtt32:Mp.obj
 0001:00028090       _RTMPSetPICMode            10029090 f   Rtt32:Mp.obj
 0001:000281e0       _RTMPStopAll               100291e0 f   Rtt32:Mp.obj
 0001:00028300       _RTMPInitAPICTimer         10029300 f   Rtt32:Mp.obj
 0001:00028520       _RTMPTableCreate           10029520 f   Rtt32:Mp.obj
 0001:00028600       _RTMPTableCPUEx            10029600 f   Rtt32:Mp.obj
 0001:000286e0       _RTMPTableIOAPIC           100296e0 f   Rtt32:Mp.obj
 0001:00028740       _RTMPTableBus              10029740 f   Rtt32:Mp.obj
 0001:000287b0       _RTMPTableInterrupt        100297b0 f   Rtt32:Mp.obj
 0001:00028820       _RTMPTablePCIInterrupt     10029820 f   Rtt32:Mp.obj
 0001:00028850       _RTMPSetupMSI              10029850 f   Rtt32:Mp.obj
 0001:00028f00       _RTMPBalanceINTCPUs        10029f00 f   Rtt32:Mp.obj
 0001:000291d0       _RTMPSetAPICModeACPI       1002a1d0 f   Rtt32:Apicacpi.obj
 0001:00029230       _RTT_BIOS_NextDevice       1002a230 f   Rtt32:Rttbios.obj
 0001:00029330       _RTT_BIOS_Installed        1002a330 f   Rtt32:Rttbios.obj
 0001:00029620       _RTT_BIOS_FindClassCode    1002a620 f   Rtt32:Rttbios.obj
 0001:00029660       _RTT_BIOS_ReadConfigData   1002a660 f   Rtt32:Rttbios.obj
 0001:00029af0       _RTT_BIOS_WriteConfigData  1002aaf0 f   Rtt32:Rttbios.obj
 0001:00029d10       _RTT_BIOS_LocateCapability 1002ad10 f   Rtt32:Rttbios.obj
 0001:00029e00       __imp__OutputDebugStringA@4 1002ae00     Rtt32:284.OBJ
 0001:00029e04       __imp__DebugBreak@0        1002ae04     Rtt32:40.OBJ
 0001:00029e08       __imp__VirtualAlloc@16     1002ae08     Rtt32:385.OBJ
 0001:00029e0c       __imp__GetTickCount@0      1002ae0c     Rtt32:192.OBJ
 0001:00029e10       _RTLockSpinlockFast        1002ae10 f   Rtt32:Spinf.obj
 0001:00029e2e       _RTReleaseSpinlockFast     1002ae2e f   Rtt32:Spinf.obj
 0001:00029e3c       __imp__InterlockedIncrement@4 1002ae3c     Rtt32:236.OBJ
 0001:00029e40       __imp__InterlockedDecrement@4 1002ae40     Rtt32:232.OBJ
 0001:00029e50       _RTInsertKeyboardScanCode  1002ae50 f   Rtt32:Keybrd.obj
 0001:0002a7a0       _RTSetKeyboard             1002b7a0 f   Rtt32:Keybrd.obj
 0001:0002a940       _RTGetKeyEvents            1002b940 f   Rtt32:Keybrd.obj
 0001:0002a9e0       _RTGetAppHeader            1002b9e0 f   Rtt32:Rttarget.obj
 0001:0002a9e5       _RTGetSerialParameters     1002b9e5 f   Rtt32:Rttarget.obj
 0001:0002a9ea       _RTSaveVector              1002b9ea f   Rtt32:Rttarget.obj
 0001:0002a9ef       _RTRestoreVector           1002b9ef f   Rtt32:Rttarget.obj
 0001:0002a9f4       _RTGetDescriptor           1002b9f4 f   Rtt32:Rttarget.obj
 0001:0002a9f9       _RTSetDescriptor           1002b9f9 f   Rtt32:Rttarget.obj
 0001:0002a9fe       _RTGetCR0                  1002b9fe f   Rtt32:Rttarget.obj
 0001:0002aa03       _RTSetCR0                  1002ba03 f   Rtt32:Rttarget.obj
 0001:0002aa08       _RTChainProgram            1002ba08 f   Rtt32:Rttarget.obj
 0001:0002aa0d       _RTBootRM                  1002ba0d f   Rtt32:Rttarget.obj
 0001:0002aa12       _RTBootPM                  1002ba12 f   Rtt32:Rttarget.obj
 0001:0002aa17       _RTBCDisplayChar           1002ba17 f   Rtt32:Rttarget.obj
 0001:0002aa1c       _RTBCDisplayString         1002ba1c f   Rtt32:Rttarget.obj
 0001:0002aa21       __rttBootApicMode          1002ba21 f   Rtt32:Rttarget.obj
 0001:0002aa26       __rttBootGetApicMode       1002ba26 f   Rtt32:Rttarget.obj
 0001:0002aa2b       __rttCopyBIOSData          1002ba2b f   Rtt32:Rttarget.obj
 0001:0002aa30       _RTGetGMode                1002ba30 f   Rtt32:Rttarget.obj
 0001:0002aa3e       _RTGetExtMem               1002ba3e f   Rtt32:Rttarget.obj
 0001:0002aa4c       _RTGetVideoRAMAddr         1002ba4c f   Rtt32:Rttarget.obj
 0001:0002aa5a       _RTSetBootParams           1002ba5a f   Rtt32:Rttarget.obj
 0001:0002aa76       _DebugBreak@0              1002ba76 f   Rtt32:Rttarget.obj
 0001:0002aa76       DebugBreak                 1002ba76     Rtt32:Rttarget.obj
 0001:0002aa78       _RTGetBootFlags            1002ba78 f   Rtt32:Rttarget.obj
 0001:0002aa80       _RTSetFlags                1002ba80 f   Rtt32:Rttarget.obj
 0001:0002aacb       _RTCallDebugger            1002bacb f   Rtt32:Rttarget.obj
 0001:0002aada       _RTTerminate               1002bada f   Rtt32:Rttarget.obj
 0001:0002ab27       _RTSetIntVector            1002bb27 f   Rtt32:Rttarget.obj
 0001:0002ab2d       _RTSetTrapVector           1002bb2d f   Rtt32:Rttarget.obj
 0001:0002ab33       _RTWait                    1002bb33 f   Rtt32:Rttarget.obj
 0001:0002ab5a       _RTHalt                    1002bb5a f   Rtt32:Rttarget.obj
 0001:0002ab66       _RTGetDSSelectorLimit      1002bb66 f   Rtt32:Rttarget.obj
 0001:0002ab71       _RTGetCSSelectorLimit      1002bb71 f   Rtt32:Rttarget.obj
 0001:0002ab7c       _RTGetLDTR                 1002bb7c f   Rtt32:Rttarget.obj
 0001:0002ab80       _RTCallRing0               1002bb80 f   Rtt32:Rttarget.obj
 0001:0002aba7       __rttCallRing0             1002bba7 f   Rtt32:Rttarget.obj
 0001:0002abc9       BASetLDTR                  1002bbc9 f   Rtt32:Rttarget.obj
 0001:0002abcd       _RTSetLDTR                 1002bbcd f   Rtt32:Rttarget.obj
 0001:0002abf7       BASetCR3                   1002bbf7 f   Rtt32:Rttarget.obj
 0001:0002abfb       _RTSetCR3                  1002bbfb f   Rtt32:Rttarget.obj
 0001:0002ac25       _RTGetPageAccess           1002bc25 f   Rtt32:Rttarget.obj
 0001:0002acd7       _RTSetPageAccess           1002bcd7 f   Rtt32:Rttarget.obj
 0001:0002acfb       __rttPrefetchRing0         1002bcfb f   Rtt32:Rttarget.obj
 0001:0002ad1f       RTEvalCheck                1002bd1f f   Rtt32:Rttarget.obj
 0001:0002ad1f       _RTEvalCheck@4             1002bd1f     Rtt32:Rttarget.obj
 0001:0002ad30       BAGetCR4                   1002bd30 f   Rtt32:Rttarget.obj
 0001:0002ad34       _RTGetCR4                  1002bd34 f   Rtt32:Rttarget.obj
 0001:0002ad43       BASetCR4                   1002bd43 f   Rtt32:Rttarget.obj
 0001:0002ad47       _RTSetCR4                  1002bd47 f   Rtt32:Rttarget.obj
 0001:0002adc4       __imp__WriteConsoleInputA@16 1002bdc4     Rtt32:395.OBJ
 0001:0002af90       __imp__SetLastError@4      1002bf90     Rtt32:336.OBJ
 0001:0002af94       __imp__DosDateTimeToFileTime@12 1002bf94     Rtt32:49.OBJ
 0001:0002af98       __imp__LocalFileTimeToFileTime@8 1002bf98     Rtt32:259.OBJ
 0001:0002af9c       __imp__GetLastError@0      1002bf9c     Rtt32:142.OBJ
 0001:0002afa0       __imp__FileTimeToDosDateTime@12 1002bfa0     Rtt32:61.OBJ
 0001:0002afa4       __imp__FileTimeToLocalFileTime@8 1002bfa4     Rtt32:62.OBJ
 0001:0002afa8       __imp__GetLocalTime@4      1002bfa8     Rtt32:146.OBJ
 0001:0002afb0       _RTLocateSection           1002bfb0 f   Rtt32:Sections.obj
 0001:0002b050       _RTSectionName             1002c050 f   Rtt32:Sections.obj
 0001:0002b090       __imp__GetNumberOfConsoleInputEvents@8 1002c090     Rtt32:158.OBJ
 0001:0002b094       __imp__ReadConsoleInputA@16 1002c094     Rtt32:294.OBJ
 0001:0002b098       __imp__GetStdHandle@4      1002c098     Rtt32:170.OBJ
 0001:0002b09c       __imp__CloseHandle@4       1002c09c     Rtt32:9.OBJ
 0001:0002b0a0       _RTAllocHandleType         1002c0a0 f   Rtt32:Handles.obj
 0001:0002b0f0       _RTAllocHandle             1002c0f0 f   Rtt32:Handles.obj
 0001:0002b240       _RTGetHandleObject         1002c240 f   Rtt32:Handles.obj
 0001:0002b290       _RTGetHandleType           1002c290 f   Rtt32:Handles.obj
 0001:0002b2d0       _RTParseHandle             1002c2d0 f   Rtt32:Handles.obj
 0001:0002b420       _CloseHandle@4             1002c420 f   Rtt32:Handles.obj
 0001:0002b440       _GetStdHandle@4            1002c440 f   Rtt32:Handles.obj
 0001:0002b4f0       _SetStdHandle@8            1002c4f0 f   Rtt32:Handles.obj
 0001:0002b540       _DuplicateHandle@28        1002c540 f   Rtt32:Handles.obj
 0001:0002b5f0       _GetLastError@0            1002c5f0 f   Rtt32:Lasterr.obj
 0001:0002b5f0       GetLastError               1002c5f0     Rtt32:Lasterr.obj
 0001:0002b5f7       _SetLastError@4            1002c5f7 f   Rtt32:Lasterr.obj
 0001:0002b5f7       SetLastError               1002c5f7     Rtt32:Lasterr.obj
 0001:0002b610       __rttVerifyModuleHandle    1002c610 f   Rtt32:Loadl.obj
 0001:0002b850       _RTTarget32SystemInit      1002c850 f   Rtt32:Loadl.obj
 0001:0002b880       _RTDLLThreadEvent          1002c880 f   Rtt32:Loadl.obj
 0001:0002b900       _GetModuleHandleExA@12     1002c900 f   Rtt32:Loadl.obj
 0001:0002bbf0       _GetModuleHandleA@4        1002cbf0 f   Rtt32:Loadl.obj
 0001:0002bc10       _LoadLibraryExA@12         1002cc10 f   Rtt32:Loadl.obj
 0001:0002c990       _LoadLibraryA@4            1002d990 f   Rtt32:Loadl.obj
 0001:0002c9b0       _FreeLibrary@4             1002d9b0 f   Rtt32:Loadl.obj
 0001:0002cad0       _GetModuleFileNameA@12     1002dad0 f   Rtt32:Loadl.obj
 0001:0002cb50       _GetProcAddress@8          1002db50 f   Rtt32:Loadl.obj
 0001:0002cf50       GetCPU                     1002df50 f   Rtt32:Inter.obj
 0001:0002cf7b       InterlockedDecrement       1002df7b     Rtt32:Inter.obj
 0001:0002cf7b       _InterlockedDecrement@4    1002df7b f   Rtt32:Inter.obj
 0001:0002cfa7       _InterlockedIncrement@4    1002dfa7 f   Rtt32:Inter.obj
 0001:0002cfa7       InterlockedIncrement       1002dfa7     Rtt32:Inter.obj
 0001:0002cfce       InterlockedExchange        1002dfce     Rtt32:Inter.obj
 0001:0002cfce       _InterlockedExchange@8     1002dfce f   Rtt32:Inter.obj
 0001:0002cfe0       _InterlockedCompareExchange@12 1002dfe0 f   Rtt32:Inter.obj
 0001:0002cfe0       InterlockedCompareExchange 1002dfe0     Rtt32:Inter.obj
 0001:0002d015       _InterlockedExchangeAdd@8  1002e015 f   Rtt32:Inter.obj
 0001:0002d015       InterlockedExchangeAdd     1002e015     Rtt32:Inter.obj
 0001:0002d040       _GetLocalTime@4            1002e040 f   Rtt32:Systime.obj
 0001:0002d440       _GetSystemTime@4           1002e440 f   Rtt32:Systime.obj
 0001:0002d460       _SetSystemTime@4           1002e460 f   Rtt32:Systime.obj
 0001:0002d4e0       _GetSystemTimeAsFileTime@4 1002e4e0 f   Rtt32:Systime.obj
 0001:0002d510       _SystemTimeToFileTime@8    1002e510 f   Rtt32:Systime.obj
 0001:0002d6e0       _FileTimeToSystemTime@8    1002e6e0 f   Rtt32:Systime.obj
 0001:0002d8f0       _DosDateTimeToFileTime@12  1002e8f0 f   Rtt32:Systime.obj
 0001:0002d980       _FileTimeToDosDateTime@12  1002e980 f   Rtt32:Systime.obj
 0001:0002da20       _FileTimeToLocalFileTime@8 1002ea20 f   Rtt32:Systime.obj
 0001:0002dab0       _LocalFileTimeToFileTime@8 1002eab0 f   Rtt32:Systime.obj
 0001:0002db30       _GetTimeZoneInformation@4  1002eb30 f   Rtt32:Systime.obj
 0001:0002dbb0       _RTRDTSC                   1002ebb0 f   Rtt32:Rdtsc.obj
 0001:0002dbbf       _RTCPUID                   1002ebbf f   Rtt32:Rdtsc.obj
 0001:0002dc00       _RTSMBIOSGetStructure      1002ec00 f   Rtt32:Smi.obj
 0001:0002ddb0       _RTSMBIOSGetCPUSpeed       1002edb0 f   Rtt32:Smi.obj
 0001:0002de00       GetBitAddress              1002ee00 f   Rtt32:Tls.obj
 0001:0002de12       _TlsAlloc@0                1002ee12 f   Rtt32:Tls.obj
 0001:0002de12       TlsAlloc                   1002ee12     Rtt32:Tls.obj
 0001:0002de68       TlsFree                    1002ee68     Rtt32:Tls.obj
 0001:0002de68       _TlsFree@4                 1002ee68 f   Rtt32:Tls.obj
 0001:0002deb4       TlsSetValue                1002eeb4     Rtt32:Tls.obj
 0001:0002deb4       _TlsSetValue@8             1002eeb4 f   Rtt32:Tls.obj
 0001:0002dee7       TlsGetValue                1002eee7     Rtt32:Tls.obj
 0001:0002dee7       _TlsGetValue@4             1002eee7 f   Rtt32:Tls.obj
 0001:0002df1c       _RTSetTlsSlots             1002ef1c f   Rtt32:Tls.obj
 0001:0002dfb6       __RTBCDisplayString        1002efb6 f   Rtt32:Hltcpl3.obj
 0001:0002e1f5       _RTHaltCPL3                1002f1f5 f   Rtt32:Hltcpl3.obj
 0001:0002e27a       _RTEnableInterrupts        1002f27a f   Rtt32:I8059.obj
 0001:0002e280       _RTDisableInterrupts       1002f280 f   Rtt32:I8059.obj
 0001:0002e282       _RTSaveAndDisableInterrupts 1002f282 f   Rtt32:I8059.obj
 0001:0002e286       _RTRestoreInterrupts       1002f286 f   Rtt32:I8059.obj
 0001:0002e28f       CheckMode                  1002f28f f   Rtt32:I8059.obj
 0001:0002e2cd       _RTEnableIRQ               1002f2cd f   Rtt32:I8059.obj
 0001:0002e375       _RTDisableIRQ              1002f375 f   Rtt32:I8059.obj
 0001:0002e415       _RTIRQIsMasked             1002f415 f   Rtt32:I8059.obj
 0001:0002e4b4       _RTIRQEnd                  1002f4b4 f   Rtt32:I8059.obj
 0001:0002e4e8       _rttGetIoApicReg           1002f4e8 f   Rtt32:I8059.obj
 0001:0002e4f6       _rttSetIoApicReg           1002f4f6 f   Rtt32:I8059.obj
 0001:0002e508       _RTMPSelf                  1002f508 f   Rtt32:I8059.obj
 0001:0002e524       __imp__GetProcessHeap@0    1002f524     Rtt32:166.OBJ
 0001:0002e528       __imp__HeapAlloc@12        1002f528     Rtt32:215.OBJ
 0001:0002e52c       __imp__HeapFree@12         1002f52c     Rtt32:219.OBJ
 0001:0002e530       __imp__HeapReAlloc@16      1002f530     Rtt32:221.OBJ
 0001:0002e534       __imp__HeapSize@12         1002f534     Rtt32:223.OBJ
 0001:0002e540       __rttGetHeader             1002f540 f   Rtt32:W32hlper.obj
 0001:0002e590       __rttCheckAccess           1002f590 f   Rtt32:W32hlper.obj
 0001:0002e600       __rtttoupper               1002f600 f   Rtt32:W32hlper.obj
 0001:0002e610       __rttstricmp               1002f610 f   Rtt32:W32hlper.obj
 0001:0002e680       __rttmemicmp               1002f680 f   Rtt32:W32hlper.obj
 0001:0002e6e0       __rttNthString             1002f6e0 f   Rtt32:W32hlper.obj
 0001:0002e710       __rttTranslate             1002f710 f   Rtt32:W32hlper.obj
 0001:0002e760       __rttTranslateBack         1002f760 f   Rtt32:W32hlper.obj
 0001:0002e7c0       __rttSetCRTReg             1002f7c0 f   Rtt32:Conout.obj
 0001:0002e880       _GetConsoleMode@8          1002f880 f   Rtt32:Conout.obj
 0001:0002e8c0       _SetConsoleMode@8          1002f8c0 f   Rtt32:Conout.obj
 0001:0002e900       _WriteConsoleA@20          1002f900 f   Rtt32:Conout.obj
 0001:0002e940       _WriteConsoleW@20          1002f940 f   Rtt32:Conout.obj
 0001:0002ea30       _GetConsoleCursorInfo@8    1002fa30 f   Rtt32:Conout.obj
 0001:0002ea60       _GetConsoleScreenBufferInfo@8 1002fa60 f   Rtt32:Conout.obj
 0001:0002ead0       _SetConsoleCursorInfo@8    1002fad0 f   Rtt32:Conout.obj
 0001:0002eb40       _SetConsoleCursorPosition@8 1002fb40 f   Rtt32:Conout.obj
 0001:0002eb90       _WriteConsoleOutputA@20    1002fb90 f   Rtt32:Conout.obj
 0001:0002ecd0       _WriteConsoleOutputW@20    1002fcd0 f   Rtt32:Conout.obj
 0001:0002ed00       _RTGetBIOSDataPtr          1002fd00 f   Rtt32:Biosdata.obj
 0001:0002eea0       __rttIncLimited            1002fea0 f   Rtt32:Ft.obj
 0001:0002eec2       __rttDecLimited            1002fec2 f   Rtt32:Ft.obj
 0001:0002eede       __rttFTAddScaled           1002fede f   Rtt32:Ft.obj
 0001:0002eef0       __rttFTSubScaled           1002fef0 f   Rtt32:Ft.obj
 0001:0002ef02       __rttFTSubScaledMax        1002ff02 f   Rtt32:Ft.obj
 0001:0002ef30       __rttAccessPageTable       1002ff30 f   Rtt32:Mapping.obj
 0001:0002f070       __rttAvailablePages        10030070 f   Rtt32:Mapping.obj
 0001:0002f140       __rttScanAvailablePages    10030140 f   Rtt32:Mapping.obj
 0001:0002f240       __rttAddPageTable          10030240 f   Rtt32:Mapping.obj
 0001:0002f2a0       __rttHeapInit              100302a0 f   Rtt32:Mapping.obj
 0001:0002f410       __rttMap                   10030410 f   Rtt32:Mapping.obj
 0001:0002f630       __rttScanPhysical          10030630 f   Rtt32:Mapping.obj
 0001:0002f6d0       __rttPageType              100306d0 f   Rtt32:Mapping.obj
 0001:0002f720       __rttPhysPage              10030720 f   Rtt32:Mapping.obj
 0001:0002f760       _AcpiOsDeleteSemaphore     10030760 f   Acpica:osontime.obj
 0001:0002f760       _AcpiOsSignalSemaphore     10030760 f   Acpica:osontime.obj
 0001:0002f760       _AcpiExPciBarSpaceHandler  10030760 f   Acpica:exregion.obj
 0001:0002f760       _AcpiOsTerminate           10030760 f   Acpica:osontime.obj
 0001:0002f760       _AcpiOsSignal              10030760 f   Acpica:osontime.obj
 0001:0002f760       _AcpiOsInitialize          10030760 f   Acpica:osontime.obj
 0001:0002f760       _AcpiExCmosSpaceHandler    10030760 f   Acpica:exregion.obj
 0001:0002f760       __rtkFLTSwappingNeeded     10030760 f   Drvrt32:Fltnull.obj
 0001:0002f760       _AcpiEvCmosRegionSetup     10030760 f   Acpica:evrgnini.obj
 0001:0002f760       _AcpiOsWaitSemaphore       10030760 f   Acpica:osontime.obj
 0001:0002f760       _AcpiEvPciBarRegionSetup   10030760 f   Acpica:evrgnini.obj
 0001:0002f760       __rtkFLTDataSize           10030760 f   Drvrt32:Fltnull.obj
 0001:0002f770       _RTLockHeap                10030770 f   Rtt32:Valloc.obj
 0001:0002f780       _RTUnlockHeap              10030780 f   Rtt32:Valloc.obj
 0001:0002f790       _VirtualAlloc@16           10030790 f   Rtt32:Valloc.obj
 0001:0002fd70       _VirtualFree@12            10030d70 f   Rtt32:Valloc.obj
 0001:0002ff80       _VirtualProtect@16         10030f80 f   Rtt32:Valloc.obj
 0001:00030040       _GlobalMemoryStatus@4      10031040 f   Rtt32:Valloc.obj
 0001:00030200       __rttUefiTable             10031200 f   Rtt32:Uefitables.obj
 0001:00030310       @__rttSetMsr               10031310 f   Rtt32:Mpasm.obj
 0001:00030310       @__rttSetMsr@4             10031310     Rtt32:Mpasm.obj
 0001:0003031b       @__rttGetMsr               1003131b f   Rtt32:Mpasm.obj
 0001:0003031b       @__rttGetMsr@4             1003131b     Rtt32:Mpasm.obj
 0001:0003032a       __rttPause                 1003132a f   Rtt32:Mpasm.obj
 0001:0003032d       __rttMulDivRound           1003132d f   Rtt32:Mpasm.obj
 0001:00030343       __rttBits                  10031343 f   Rtt32:Mpasm.obj
 0001:0003034f       __rttMPLockedOr            1003134f f   Rtt32:Mpasm.obj
 0001:0003035b       __rttMPLockedNotAnd        1003135b f   Rtt32:Mpasm.obj
 0001:00030369       __rttGetTS                 10031369 f   Rtt32:Mpasm.obj
 0001:00030378       __rttAdjustTS              10031378 f   Rtt32:Mpasm.obj
 0001:00030393       @__rttGetApRegs@4          10031393     Rtt32:Mpasm.obj
 0001:00030393       @__rttGetApRegs            10031393 f   Rtt32:Mpasm.obj
 0001:000303dd       SetCr3                     100313dd f   Rtt32:Mpasm.obj
 0001:000303e1       SetLdtr                    100313e1 f   Rtt32:Mpasm.obj
 0001:000303e5       SynchTSC                   100313e5 f   Rtt32:Mpasm.obj
 0001:0003041d       __rttPauseHandler          1003141d f   Rtt32:Mpasm.obj
 0001:000305be       Halt                       100315be f   Rtt32:Mpasm.obj
 0001:000305e3       WaitUntilNewCPU            100315e3 f   Rtt32:Mpasm.obj
 0001:000305fe       __rttMoveToCPU             100315fe f   Rtt32:Mpasm.obj
 0001:00030640       _wsprintfA                 10031640 f   Rtt32:Wsprintf.obj
 0001:00030840       _IsProcessorFeaturePresent@4 10031840 f   Rtt32:Ispfp.obj
 0001:00030b50       _RTMPACPITableCreate       10031b50 f   Rtt32:Mpacpi.obj
 0001:000314c0       __rttbios_FarCall          100324c0 f   Rtt32:Bfcall.obj
 0001:00031500       _RTACPIIsValid             10032500 f   Rtt32:Acpi.obj
 0001:00031520       _RTACPIGetStructure        10032520 f   Rtt32:Acpi.obj
 0001:00031870       _RTPrinterStatus           10032870 f   Rtt32:Pport.obj
 0001:000319d0       _RTPrintByte               100329d0 f   Rtt32:Pport.obj
 0001:00031a90       __rttFSystemCallHandle     10032a90 f   Rtt32:Files.obj
 0001:00031ae0       __rttFSystemCallName       10032ae0 f   Rtt32:Files.obj
 0001:00031e80       _GetFileType@4             10032e80 f   Rtt32:Files.obj
 0001:00031ed0       _FindFirstFileA@8          10032ed0 f   Rtt32:Files.obj
 0001:00031f80       _FindNextFileA@8           10032f80 f   Rtt32:Files.obj
 0001:00032000       _CreateFileA@28            10033000 f   Rtt32:Files.obj
 0001:00032080       _FindClose@4               10033080 f   Rtt32:Files.obj
 0001:00032090       _FindFirstFileExA@24       10033090 f   Rtt32:Files.obj
 0001:000320c0       _SetFilePointerEx@20       100330c0 f   Rtt32:Files.obj
 0001:00032110       _GetFileInformationByHandleEx@16 10033110 f   Rtt32:Files.obj
 0001:000321f0       _RTGetFS                   100331f0 f   Rtt32:Fs0.obj
 0001:000321f8       _RTSetFS                   100331f8 f   Rtt32:Fs0.obj
 0001:00032210       _HeapAlloc@12              10033210 f   Rtt32:Heap.obj
 0001:00032770       _HeapFree@12               10033770 f   Rtt32:Heap.obj
 0001:000327f0       _HeapReAlloc@16            100337f0 f   Rtt32:Heap.obj
 0001:00032990       _HeapSize@12               10033990 f   Rtt32:Heap.obj
 0001:000329a0       _HeapCreate@12             100339a0 f   Rtt32:Heap.obj
 0001:000329f0       _GetProcessHeap@0          100339f0 f   Rtt32:Heap.obj
 0001:00032a40       _RTGetProcessPhysMemHeap   10033a40 f   Rtt32:Heap.obj
 0001:00032af0       CallName                   10033af0 f   Rtt32:Fdisp.obj
 0001:00032b00       GetFullPathNameA           10033b00 f   Rtt32:Fdisp.obj
 0001:00032b00       _GetFullPathNameA@16       10033b00     Rtt32:Fdisp.obj
 0001:00032b08       GetFileAttributesA         10033b08 f   Rtt32:Fdisp.obj
 0001:00032b08       _GetFileAttributesA@4      10033b08     Rtt32:Fdisp.obj
 0001:00032b10       _SetFileAttributesA@8      10033b10     Rtt32:Fdisp.obj
 0001:00032b10       SetFileAttributesA         10033b10 f   Rtt32:Fdisp.obj
 0001:00032b18       _DeleteFileA@4             10033b18     Rtt32:Fdisp.obj
 0001:00032b18       DeleteFileA                10033b18 f   Rtt32:Fdisp.obj
 0001:00032b20       _MoveFileA@8               10033b20     Rtt32:Fdisp.obj
 0001:00032b20       MoveFileA                  10033b20 f   Rtt32:Fdisp.obj
 0001:00032b28       GetTempFileNameA           10033b28 f   Rtt32:Fdisp.obj
 0001:00032b28       _GetTempFileNameA@16       10033b28     Rtt32:Fdisp.obj
 0001:00032b30       _CreateDirectoryA@8        10033b30     Rtt32:Fdisp.obj
 0001:00032b30       CreateDirectoryA           10033b30 f   Rtt32:Fdisp.obj
 0001:00032b38       RemoveDirectoryA           10033b38 f   Rtt32:Fdisp.obj
 0001:00032b38       _RemoveDirectoryA@4        10033b38     Rtt32:Fdisp.obj
 0001:00032b40       GetDriveTypeA              10033b40 f   Rtt32:Fdisp.obj
 0001:00032b40       _GetDriveTypeA@4           10033b40     Rtt32:Fdisp.obj
 0001:00032b48       GetDiskFreeSpaceA          10033b48 f   Rtt32:Fdisp.obj
 0001:00032b48       _GetDiskFreeSpaceA@20      10033b48     Rtt32:Fdisp.obj
 0001:00032b50       _GetVolumeInformationA@32  10033b50     Rtt32:Fdisp.obj
 0001:00032b50       GetVolumeInformationA      10033b50 f   Rtt32:Fdisp.obj
 0001:00032b58       SetVolumeLabelA            10033b58 f   Rtt32:Fdisp.obj
 0001:00032b58       _SetVolumeLabelA@8         10033b58     Rtt32:Fdisp.obj
 0001:00032b60       _ReadFile@20               10033b60     Rtt32:Fdisp.obj
 0001:00032b60       ReadFile                   10033b60 f   Rtt32:Fdisp.obj
 0001:00032b68       WriteFile                  10033b68 f   Rtt32:Fdisp.obj
 0001:00032b68       _WriteFile@20              10033b68     Rtt32:Fdisp.obj
 0001:00032b70       SetFilePointer             10033b70 f   Rtt32:Fdisp.obj
 0001:00032b70       _SetFilePointer@16         10033b70     Rtt32:Fdisp.obj
 0001:00032b78       _SetEndOfFile@4            10033b78     Rtt32:Fdisp.obj
 0001:00032b78       SetEndOfFile               10033b78 f   Rtt32:Fdisp.obj
 0001:00032b80       _FlushFileBuffers@4        10033b80     Rtt32:Fdisp.obj
 0001:00032b80       FlushFileBuffers           10033b80 f   Rtt32:Fdisp.obj
 0001:00032b88       GetFileSize                10033b88 f   Rtt32:Fdisp.obj
 0001:00032b88       _GetFileSize@8             10033b88     Rtt32:Fdisp.obj
 0001:00032b90       GetFileTime                10033b90 f   Rtt32:Fdisp.obj
 0001:00032b90       _GetFileTime@16            10033b90     Rtt32:Fdisp.obj
 0001:00032b98       _GetFileInformationByHandle@8 10033b98     Rtt32:Fdisp.obj
 0001:00032b98       GetFileInformationByHandle 10033b98 f   Rtt32:Fdisp.obj
 0001:00032ba0       _SetFileTime@16            10033ba0     Rtt32:Fdisp.obj
 0001:00032ba0       SetFileTime                10033ba0 f   Rtt32:Fdisp.obj
 0001:00032ba8       _DeviceIoControl@32        10033ba8     Rtt32:Fdisp.obj
 0001:00032ba8       DeviceIoControl            10033ba8 f   Rtt32:Fdisp.obj
 0001:00032bb0       CallHandle                 10033bb0 f   Rtt32:Fdisp.obj
 0001:00032bd0       _WideCharToMultiByte@32    10033bd0 f   Rtt32:Wchar.obj
 0001:00032e30       _MultiByteToWideChar@24    10033e30 f   Rtt32:Wchar.obj
 0001:00033070       _CreateFileW@28            10034070 f   Rtt32:Wchar.obj
 0001:00033120       _FindFirstFileW@8          10034120 f   Rtt32:Wchar.obj
 0001:000331f0       _FindNextFileW@8           100341f0 f   Rtt32:Wchar.obj
 0001:00033270       _GetModuleHandleW@4        10034270 f   Rtt32:Wchar.obj
 0001:000332e0       _GetModuleHandleExW@12     100342e0 f   Rtt32:Wchar.obj
 0001:00033380       _GetEnvironmentStringsW@0  10034380 f   Rtt32:Wchar.obj
 0001:000333e0       _FreeEnvironmentStringsW@4 100343e0 f   Rtt32:Wchar.obj
 0001:00033400       _IsValidLocale@8           10034400 f   Rtt32:Lcid.obj
 0001:00033400       _SetEnvironmentVariableW@8 10034400 f   Rtt32:Wchar.obj
 0001:00033410       _GetCommandLineW@0         10034410 f   Rtt32:Wchar.obj
 0001:00033420       _OutputDebugStringW@4      10034420 f   Rtt32:Wchar.obj
 0001:00033460       _FindFirstFileExW@24       10034460 f   Rtt32:Wchar.obj
 0001:00033490       _GetDateFormatW@24         10034490 f   Rtt32:Wchar.obj
 0001:00033530       _GetTimeFormatW@24         10034530 f   Rtt32:Wchar.obj
 0001:000335d0       _LoadLibraryExW@12         100345d0 f   Rtt32:Wchar.obj
 0001:00033630       _LoadLibraryW@4            10034630 f   Rtt32:Wchar.obj
 0001:00033650       _GetModuleFileNameW@12     10034650 f   Rtt32:Wchar.obj
 0001:000336b0       _FlsAlloc@4                100346b0 f   Rtt32:Fls.obj
 0001:000336c0       _FlsGetValue@4             100346c0 f   Rtt32:Fls.obj
 0001:000336d0       _FlsSetValue@8             100346d0 f   Rtt32:Fls.obj
 0001:000336f0       _FlsFree@4                 100346f0 f   Rtt32:Fls.obj
 0001:00033700       _SetErrorMode@4            10034700 f   Rtt32:Unsupported.obj
 0001:00033710       _InitializeCriticalSectionEx@12 10034710 f   Rtt32:Unsupported.obj
 0001:00033730       _RTLoadApp                 10034730 f   Rtt32:Dbg.obj
 0001:00033735       _RTRunApp                  10034735 f   Rtt32:Dbg.obj
 0001:0003373a       _RTReadDBGRegs             1003473a f   Rtt32:Dbg.obj
 0001:0003373f       _RTWriteDBGRegs            1003473f f   Rtt32:Dbg.obj
 0001:00033744       _RTDisablePageing          10034744 f   Rtt32:Dbg.obj
 0001:00033749       _RTGetCR2                  10034749 f   Rtt32:Dbg.obj
 0001:0003374e       _RTGetIDTR                 1003474e f   Rtt32:Dbg.obj
 0001:00033753       _RTSetIDTR                 10034753 f   Rtt32:Dbg.obj
 0001:00033758       _RTSetAppHeader            10034758 f   Rtt32:Dbg.obj
 0001:00033760       __imp__wsprintfA           10034760     Rtt32:401.OBJ
 0001:00033770       _LCMapStringW@24           10034770 f   Rtt32:Strings.obj
 0001:00033780       _GetStringTypeW@16         10034780 f   Rtt32:Strings.obj
 0001:00033790       _CompareStringW@24         10034790 f   Rtt32:Strings.obj
 0001:00033860       _lstrlenW@4                10034860 f   Rtt32:Strings.obj
 0001:00033880       _GetDateFormatA@24         10034880 f   Rtt32:Getdatef.obj
 0001:00033de0       _GetTimeFormatA@24         10034de0 f   Rtt32:Getdatef.obj
 0001:00034250       _AcpiTerminate             10035250 f   Acpica:utxface.obj
 0001:000342a0       _AcpiEvaluateObject        100352a0 f   Acpica:nsxfeval.obj
 0001:000344d0       _AcpiWalkNamespace         100354d0 f   Acpica:nsxfeval.obj
 0001:00034580       _AcpiInitializeSubsystem   10035580 f   Acpica:utxfinit.obj
 0001:00034660       _AcpiEnableSubsystem       10035660 f   Acpica:utxfinit.obj
 0001:00034700       _AcpiLoadTables            10035700 f   Acpica:tbxfload.obj
 0001:00034880       _AcpiAllocateRootTable     10035880 f   Acpica:tbxface.obj
 0001:000348a0       _AcpiInitializeTables      100358a0 f   Acpica:tbxface.obj
 0001:00034920       _AcpiGetTableByIndex       10035920 f   Acpica:tbxface.obj
 0001:000349b0       _AcpiOsGetRootPointer      100359b0 f   Acpica:osontime.obj
 0001:000349c0       _AcpiOsTableOverride       100359c0 f   Acpica:osontime.obj
 0001:000349c0       _AcpiOsPredefinedOverride  100359c0 f   Acpica:osontime.obj
 0001:000349e0       _AcpiOsPhysicalTableOverride 100359e0 f   Acpica:osontime.obj
 0001:000349f0       _AcpiOsGetTimer            100359f0 f   Acpica:osontime.obj
 0001:00034a10       _AcpiOsPrintf              10035a10 f   Acpica:osontime.obj
 0001:00034a30       _AcpiOsAllocate            10035a30 f   Acpica:osontime.obj
 0001:00034a60       _AcpiOsFree                10035a60 f   Acpica:osontime.obj
 0001:00034a80       _AcpiOsCreateSemaphore     10035a80 f   Acpica:osontime.obj
 0001:00034a90       _AcpiOsCreateLock          10035a90 f   Acpica:osontime.obj
 0001:00034ab0       _AcpiOsDeleteLock          10035ab0 f   Acpica:osontime.obj
 0001:00034ac0       _AcpiOsAcquireLock         10035ac0 f   Acpica:osontime.obj
 0001:00034ae0       _AcpiOsReleaseLock         10035ae0 f   Acpica:osontime.obj
 0001:00034af0       _AcpiOsInstallInterruptHandler 10035af0 f   Acpica:osontime.obj
 0001:00034b10       _AcpiOsRemoveInterruptHandler 10035b10 f   Acpica:osontime.obj
 0001:00034b30       _AcpiOsStall               10035b30 f   Acpica:osontime.obj
 0001:00034b50       _AcpiOsSleep               10035b50 f   Acpica:osontime.obj
 0001:00034b60       _AcpiOsReadPciConfiguration 10035b60 f   Acpica:osontime.obj
 0001:00034ba0       _AcpiOsWritePciConfiguration 10035ba0 f   Acpica:osontime.obj
 0001:00034be0       _AcpiOsReadPort            10035be0 f   Acpica:osontime.obj
 0001:00034c50       _AcpiOsWritePort           10035c50 f   Acpica:osontime.obj
 0001:00034cb0       _AcpiOsReadMemory          10035cb0 f   Acpica:osontime.obj
 0001:00034d40       _AcpiOsWriteMemory         10035d40 f   Acpica:osontime.obj
 0001:00034e00       _AcpiOsCreateCache         10035e00 f   Acpica:osontime.obj
 0001:00034e50       _AcpiOsDeleteCache         10035e50 f   Acpica:osontime.obj
 0001:00034e60       _AcpiOsAcquireObject       10035e60 f   Acpica:osontime.obj
 0001:00034ea0       _AcpiOsReleaseObject       10035ea0 f   Acpica:osontime.obj
 0001:00034eb0       _AcpiOsGetThreadId         10035eb0 f   Acpica:osontime.obj
 0001:00034ec0       _AcpiOsExecute             10035ec0 f   Acpica:osontime.obj
 0001:00034ed0       _AcpiOsDiv64By32           10035ed0 f   Acpica:osontime.obj
 0001:00034ef0       _AcpiOsShiftRight64        10035ef0 f   Acpica:osontime.obj
 0001:00034f00       _AcpiOsAcquireGlobalLock   10035f00 f   Acpica:osontime.obj
 0001:00034f40       _AcpiOsReleaseGlobalLock   10035f40 f   Acpica:osontime.obj
 0001:00034f70       _AcpiGetType               10035f70 f   Acpica:nsxfobj.obj
 0001:00034fe0       _AcpiGetParent             10035fe0 f   Acpica:nsxfobj.obj
 0001:00035060       _AcpiGetHandle             10036060 f   Acpica:nsxfname.obj
 0001:000350f0       _AcpiGetName               100360f0 f   Acpica:nsxfname.obj
 0001:000351a0       _AcpiGetIrqRoutingTable    100361a0 f   Acpica:rsxface.obj
 0001:00035220       _AcpiGetCurrentResources   10036220 f   Acpica:rsxface.obj
 0001:00035250       _AcpiUtMutexInitialize     10036250 f   Acpica:utmutex.obj
 0001:000352c0       _AcpiUtMutexTerminate      100362c0 f   Acpica:utmutex.obj
 0001:000353a0       _AcpiUtAcquireMutex        100363a0 f   Acpica:utmutex.obj
 0001:00035440       _AcpiUtReleaseMutex        10036440 f   Acpica:utmutex.obj
 0001:000354b0       _AcpiUtInitGlobals         100364b0 f   Acpica:utinit.obj
 0001:00035640       _AcpiUtSubsystemShutdown   10036640 f   Acpica:utinit.obj
 0001:000356c0       _AcpiError                 100366c0 f   Acpica:utxferror.obj
 0001:00035700       _AcpiException             10036700 f   Acpica:utxferror.obj
 0001:00035750       _AcpiWarning               10036750 f   Acpica:utxferror.obj
 0001:00035790       _AcpiInfo                  10036790 f   Acpica:utxferror.obj
 0001:000357c0       _AcpiBiosError             100367c0 f   Acpica:utxferror.obj
 0001:00035800       _AcpiBiosWarning           10036800 f   Acpica:utxferror.obj
 0001:00035840       _AcpiOsAllocateZeroed      10036840 f   Acpica:utalloc.obj
 0001:00035870       _AcpiUtCreateCaches        10036870 f   Acpica:utalloc.obj
 0001:000358f0       _AcpiUtDeleteCaches        100368f0 f   Acpica:utalloc.obj
 0001:00035960       _AcpiUtValidateBuffer      10036960 f   Acpica:utalloc.obj
 0001:000359a0       _AcpiUtInitializeBuffer    100369a0 f   Acpica:utalloc.obj
 0001:00035a10       _AcpiUtMemcmp              10036a10 f   Acpica:utclib.obj
 0001:00035a50       _AcpiUtMemcpy              10036a50 f   Acpica:utclib.obj
 0001:00035a80       _AcpiUtMemset              10036a80 f   Acpica:utclib.obj
 0001:00035ac0       _AcpiUtStrlen              10036ac0 f   Acpica:utclib.obj
 0001:00035ae0       _AcpiUtStrcpy              10036ae0 f   Acpica:utclib.obj
 0001:00035b10       _AcpiUtStrncpy             10036b10 f   Acpica:utclib.obj
 0001:00035b50       _AcpiUtStrcmp              10036b50 f   Acpica:utclib.obj
 0001:00035b80       _AcpiUtStrncmp             10036b80 f   Acpica:utclib.obj
 0001:00035bd0       _AcpiUtStrcat              10036bd0 f   Acpica:utclib.obj
 0001:00035c00       _AcpiUtStrtoul             10036c00 f   Acpica:utclib.obj
 0001:00035d80       _AcpiUtToUpper             10036d80 f   Acpica:utclib.obj
 0001:00035da0       _AcpiUtToLower             10036da0 f   Acpica:utclib.obj
 0001:00035dc0       _AcpiUtInitializeInterfaces 10036dc0 f   Acpica:utosi.obj
 0001:00035e10       _AcpiUtInterfaceTerminate  10036e10 f   Acpica:utosi.obj
 0001:00035e90       _AcpiUtGetInterface        10036e90 f   Acpica:utosi.obj
 0001:00035ed0       _AcpiUtOsiImplementation   10036ed0 f   Acpica:utosi.obj
 0001:00035fc0       _AcpiUtAddAddressRange     10036fc0 f   Acpica:utaddress.obj
 0001:00036050       _AcpiUtRemoveAddressRange  10037050 f   Acpica:utaddress.obj
 0001:000360b0       _AcpiUtDeleteAddressLists  100370b0 f   Acpica:utaddress.obj
 0001:000360f0       _AcpiUtGetRegionName       100370f0 f   Acpica:utdecode.obj
 0001:00036130       _AcpiUtGetEventName        10037130 f   Acpica:utdecode.obj
 0001:00036150       _AcpiUtGetTypeName         10037150 f   Acpica:utdecode.obj
 0001:00036170       _AcpiUtGetObjectTypeName   10037170 f   Acpica:utdecode.obj
 0001:00036190       _AcpiUtGetNodeName         10037190 f   Acpica:utdecode.obj
 0001:000361d0       _AcpiUtGetDescriptorName   100371d0 f   Acpica:utdecode.obj
 0001:00036200       _AcpiUtGetReferenceName    10037200 f   Acpica:utdecode.obj
 0001:00036240       _AcpiUtValidObjectType     10037240 f   Acpica:utdecode.obj
 0001:00036250       _AcpiUtDeleteInternalObjectList 10037250 f   Acpica:utdelete.obj
 0001:00036280       _AcpiUtUpdateObjectReference 10037280 f   Acpica:utdelete.obj
 0001:000367c0       _AcpiUtAddReference        100377c0 f   Acpica:utdelete.obj
 0001:000367e0       _AcpiUtRemoveReference     100377e0 f   Acpica:utdelete.obj
 0001:00036810       _AcpiExEnterInterpreter    10037810 f   Acpica:exutils.obj
 0001:00036840       _AcpiExExitInterpreter     10037840 f   Acpica:exutils.obj
 0001:00036870       _AcpiExTruncateFor32bitTable 10037870 f   Acpica:exutils.obj
 0001:000368b0       _AcpiExAcquireGlobalLock   100378b0 f   Acpica:exutils.obj
 0001:000368f0       _AcpiExReleaseGlobalLock   100378f0 f   Acpica:exutils.obj
 0001:00036930       _AcpiExEisaIdToString      10037930 f   Acpica:exutils.obj
 0001:000369d0       _AcpiIsValidSpaceId        100379d0 f   Acpica:exutils.obj
 0001:000369f0       _AcpiUtCopyIobjectToEobject 100379f0 f   Acpica:utcopy.obj
 0001:00036cc0       _AcpiUtCopyEobjectToIobject 10037cc0 f   Acpica:utcopy.obj
 0001:00036f40       _AcpiUtCopyIobjectToIobject 10037f40 f   Acpica:utcopy.obj
 0001:00037280       _AcpiUtCreateInternalObjectDbg 10038280 f   Acpica:utobject.obj
 0001:00037300       _AcpiUtCreatePackageObject 10038300 f   Acpica:utobject.obj
 0001:00037360       _AcpiUtCreateIntegerObject 10038360 f   Acpica:utobject.obj
 0001:00037390       _AcpiUtCreateBufferObject  10038390 f   Acpica:utobject.obj
 0001:00037410       _AcpiUtCreateStringObject  10038410 f   Acpica:utobject.obj
 0001:00037480       _AcpiUtValidInternalObject 10038480 f   Acpica:utobject.obj
 0001:000374a0       _AcpiUtAllocateObjectDescDbg 100384a0 f   Acpica:utobject.obj
 0001:000374e0       _AcpiUtDeleteObjectDesc    100384e0 f   Acpica:utobject.obj
 0001:00037520       _AcpiUtGetObjectSize       10038520 f   Acpica:utobject.obj
 0001:00037750       _AcpiNsEvaluate            10038750 f   Acpica:nseval.obj
 0001:000379a0       _AcpiNsExecModuleCodeList  100389a0 f   Acpica:nseval.obj
 0001:00037ad0       _AcpiUtPredefinedWarning   10038ad0 f   Acpica:uterror.obj
 0001:00037b20       _AcpiUtPredefinedInfo      10038b20 f   Acpica:uterror.obj
 0001:00037b70       _AcpiUtPredefinedBiosError 10038b70 f   Acpica:uterror.obj
 0001:00037bc0       _AcpiUtNamespaceError      10038bc0 f   Acpica:uterror.obj
 0001:00037c80       _AcpiUtMethodError         10038c80 f   Acpica:uterror.obj
 0001:00037d10       _AcpiNsPrintNodePathname   10038d10 f   Acpica:nsutils.obj
 0001:00037d80       _AcpiNsGetType             10038d80 f   Acpica:nsutils.obj
 0001:00037db0       _AcpiNsLocal               10038db0 f   Acpica:nsutils.obj
 0001:00037df0       _AcpiNsGetInternalNameLength 10038df0 f   Acpica:nsutils.obj
 0001:00037e70       _AcpiNsBuildInternalName   10038e70 f   Acpica:nsutils.obj
 0001:00037f40       _AcpiNsInternalizeName     10038f40 f   Acpica:nsutils.obj
 0001:00037fd0       _AcpiNsExternalizeName     10038fd0 f   Acpica:nsutils.obj
 0001:00038160       _AcpiNsValidateHandle      10039160 f   Acpica:nsutils.obj
 0001:00038190       _AcpiNsTerminate           10039190 f   Acpica:nsutils.obj
 0001:000381c0       _AcpiNsOpensScope          100391c0 f   Acpica:nsutils.obj
 0001:000381f0       _AcpiNsGetNode             100391f0 f   Acpica:nsutils.obj
 0001:000382a0       _AcpiUtCreateRwLock        100392a0 f   Acpica:utlock.obj
 0001:000382d0       _AcpiUtDeleteRwLock        100392d0 f   Acpica:utlock.obj
 0001:00038300       _AcpiUtAcquireReadLock     10039300 f   Acpica:utlock.obj
 0001:00038360       _AcpiUtReleaseReadLock     10039360 f   Acpica:utlock.obj
 0001:000383b0       _AcpiUtAcquireWriteLock    100393b0 f   Acpica:utlock.obj
 0001:000383d0       _AcpiUtReleaseWriteLock    100393d0 f   Acpica:utlock.obj
 0001:000383f0       _AcpiNsGetNextNode         100393f0 f   Acpica:nswalk.obj
 0001:00038410       _AcpiNsWalkNamespace       10039410 f   Acpica:nswalk.obj
 0001:00038570       _AcpiUtEvaluateObject      10039570 f   Acpica:uteval.obj
 0001:00038710       _AcpiUtEvaluateNumericObject 10039710 f   Acpica:uteval.obj
 0001:00038750       _AcpiUtExecute_HID         10039750 f   Acpica:utids.obj
 0001:00038800       _AcpiUtExecute_CID         10039800 f   Acpica:utids.obj
 0001:00038940       _AcpiNsAttachObject        10039940 f   Acpica:nsobject.obj
 0001:00038a20       _AcpiNsDetachObject        10039a20 f   Acpica:nsobject.obj
 0001:00038a90       _AcpiNsGetAttachedObject   10039a90 f   Acpica:nsobject.obj
 0001:00038ad0       _AcpiNsGetSecondaryObject  10039ad0 f   Acpica:nsobject.obj
 0001:00038af0       _AcpiNsRootInitialize      10039af0 f   Acpica:nsaccess.obj
 0001:00038d80       _AcpiNsLookup              10039d80 f   Acpica:nsaccess.obj
 0001:000390c0       _AcpiEvInitializeEvents    1003a0c0 f   Acpica:evevent.obj
 0001:00039120       _AcpiEvInstallXruptHandlers 1003a120 f   Acpica:evevent.obj
 0001:000391e0       _AcpiEvFixedEventDetect    1003a1e0 f   Acpica:evevent.obj
 0001:000392f0       _AcpiEvInstallRegionHandlers 1003a2f0 f   Acpica:evhandler.obj
 0001:00039350       _AcpiEvInstallSpaceHandler 1003a350 f   Acpica:evhandler.obj
 0001:00039670       _AcpiTbInitializeFacs      1003a670 f   Acpica:tbutils.obj
 0001:000396a0       _AcpiTbTablesLoaded        1003a6a0 f   Acpica:tbutils.obj
 0001:000396b0       _AcpiTbCheckDsdtHeader     1003a6b0 f   Acpica:tbutils.obj
 0001:00039720       _AcpiTbCopyDsdt            1003a720 f   Acpica:tbutils.obj
 0001:000397b0       _AcpiTbParseRootTable      1003a7b0 f   Acpica:tbutils.obj
 0001:00039980       _AcpiEnable                1003a980 f   Acpica:evxfevnt.obj
 0001:000399e0       _AcpiDisable               1003a9e0 f   Acpica:evxfevnt.obj
 0001:00039a30       _AcpiEnableEvent           1003aa30 f   Acpica:evxfevnt.obj
 0001:00039ab0       _AcpiDisableEvent          1003aab0 f   Acpica:evxfevnt.obj
 0001:00039b30       _AcpiHwSetMode             1003ab30 f   Acpica:hwacpi.obj
 0001:00039c10       _AcpiHwGetMode             1003ac10 f   Acpica:hwacpi.obj
 0001:00039c60       _AcpiEvAddressSpaceDispatch 1003ac60 f   Acpica:evregion.obj
 0001:00039e40       _AcpiEvDetachRegion        1003ae40 f   Acpica:evregion.obj
 0001:00039f90       _AcpiEvAttachRegion        1003af90 f   Acpica:evregion.obj
 0001:00039fc0       _AcpiEvExecuteRegMethod    1003afc0 f   Acpica:evregion.obj
 0001:0003a0c0       _AcpiEvExecuteRegMethods   1003b0c0 f   Acpica:evregion.obj
 0001:0003a230       _AcpiNsLoadTable           1003b230 f   Acpica:nsload.obj
 0001:0003a2c0       _AcpiTbInitTableDescriptor 1003b2c0 f   Acpica:tbdata.obj
 0001:0003a2f0       _AcpiTbAcquireTable        1003b2f0 f   Acpica:tbdata.obj
 0001:0003a350       _AcpiTbReleaseTable        1003b350 f   Acpica:tbdata.obj
 0001:0003a370       _AcpiTbAcquireTempTable    1003b370 f   Acpica:tbdata.obj
[...]
 0003:0000ae28       $SG19491                   10076e28     Rtt32:Except.obj
 0003:0000ae58       $SG19492                   10076e58     Rtt32:Except.obj
 0003:0000ae60       $SG19529                   10076e60     Rtt32:Lcid.obj
 0003:0000aea0       _RTFBufferData             10076ea0     Init.obj
 0003:0002aea0       _RTFBufferTable            10096ea0     Init.obj
 0003:0002b6a0       _RTFDriveTable             100976a0     Init.obj
 0003:0002c5a0       _RTFFileTable              100985a0     Init.obj
 0003:0002d1a0       _IDE                       100991a0     Init.obj
 0003:0002d2c0       _SATA                      100992c0     Init.obj
 0003:0002d3e0       _AHCI                      100993e0     Init.obj
 0003:0002d4a0       _USBFloppy                 100994a0     Init.obj
 0003:0002d4f0       _USBDisks                  100994f0     Init.obj
 0003:0002d590       _CardReader                10099590     Init.obj
 0003:0002d6d0       _HubQ                      100996d0     Rtusb:Rtusb.obj
 0003:0002d6d4       _HubLock                   100996d4     Rtusb:Rtusb.obj
 0003:0002d6d8       _Drivers                   100996d8     Rtusb:Rtusb.obj
 0003:0002d818       _Lock                      10099818     Rtusb:Rtusb.obj
 0003:0002d81c       _DriverCount               1009981c     Rtusb:Rtusb.obj
 0003:0002d820       _HandleMap                 10099820     Rtusb:Rtusb.obj
 0003:0002d824       _?Next@?1??AllocHandleSlot@@9@9 10099824     Rtusb:Rtusb.obj
 0003:0002d828       _?Unique@?1??MakeNewPipeHandle@@9@9 10099828     Rtusb:Rtusb.obj
 0003:0002d82c       _UHCIRootPollHandler       1009982c     Rtusb:Rtusb.obj
 0003:0002d830       _Q                         10099830     Rtusb:Usbkb.obj
 0003:0002d834       _LEDQ                      10099834     Rtusb:Usbkb.obj
 0003:0002d838       _Data                      10099838     Rtusb:Usbkb.obj
 0003:0002d8c8       _DeviceData                100998c8     Rtusb:Xhci.obj
 0003:0002d8f0       _XHCICount                 100998f0     Rtusb:Xhci.obj
 0003:0002d8f4       _NullTRB                   100998f4     Rtusb:Xhci.obj
 0003:0002d8f8       _DeviceData                100998f8     Rtusb:Ehci.obj
 0003:0002d920       _EHCICount                 10099920     Rtusb:Ehci.obj
 0003:0002d924       _DeviceData                10099924     Rtusb:Uhci.obj
 0003:0002d94c       _UHCICount                 1009994c     Rtusb:Uhci.obj
 0003:0002d950       _DeviceData                10099950     Rtusb:Ohci.obj
 0003:0002d978       _OHCICount                 10099978     Rtusb:Ohci.obj
 0003:0002d97c       _PoolLock                  1009997c     Rtusb:Usbutil.obj
 0003:0002d980       _PageRoot                  10099980     Rtusb:Usbutil.obj
 0003:0002d984       _Pools                     10099984     Rtusb:Usbutil.obj
 0003:0002d9b4       _FreeBuffers               100999b4     Rtusb:Usbutil.obj
 0003:0002d9bc       _?Init@?1??_rtuMallocPhysMemAligned@@9@9 100999bc     Rtusb:Usbutil.obj
 0003:0002d9c0       _ControllerRC              100999c0     RtfilesX:Drvide.obj
 0003:0002dae0       _?HaveScanned@?1??ScanPCIIDE@@9@9 10099ae0     RtfilesX:Drvide.obj
 0003:0002dae8       _ControllerRC              10099ae8     RtfilesX:Drvahci.obj
 0003:0002dbf8       _Controllers               10099bf8     RtfilesX:Drvahci.obj
 0003:0002dbfc       _Zero                      10099bfc     RtfilesX:Drvahci.obj
 0003:0002dc00       _PeekBuffer                10099c00     RtfilesX:Rtfiles.obj
 0003:0002dc04       _DefaultDrive              10099c04     RtfilesX:Rtfiles.obj
 0003:0002dc08       _RTFLock                   10099c08     RtfilesX:Rtfiles.obj
 0003:0002dc0c       _OpenFlags                 10099c0c     RtfilesX:Rtfiles.obj
 0003:0002dc10       _Unique                    10099c10     RtfilesX:Rtfiles.obj
 0003:0002dc14       _UnicodeMap1252            10099c14     RtfilesX:Rtfiles.obj
 0003:0002dc18       _UnicodeUpper              10099c18     RtfilesX:Rtfiles.obj
 0003:0002dc20       _BufferStat                10099c20     RtfilesX:Rtfiles.obj
 0003:0002dc54       _FirstDiskBuffer           10099c54     RtfilesX:Rtfiles.obj
 0003:0002dc58       _?TimeStamp@?1??RTFMakeTempFileName@@9@9 10099c58     RtfilesX:Rtfiles.obj
 0003:0002dc5c       $SG6269                    10099c5c     RtfilesX:Rtfiles.obj
 0003:0002dc60       $SG6748                    10099c60     RtfilesX:Rtfiles.obj
 0003:0002dc64       $SG7102                    10099c64     RtfilesX:Rtfiles.obj
 0003:0002dc68       _?Inc@?1??MakeGUID@@9@9    10099c68     RtfilesX:Rtfgpt.obj
 0003:0002dc6c       _TimerInterval             10099c6c     Rtfsk32:Sysrtk32.obj
 0003:0002dc70       _TimerCallback             10099c70     Rtfsk32:Sysrtk32.obj
 0003:0002dc74       _RTFTimerTaskHandle        10099c74     Rtfsk32:Sysrtk32.obj
 0003:0002dc78       _LastSwitchTime            10099c78     Rtk32:Kernel.obj
 0003:0002dc80       _DefaultIntState           10099c80     Rtk32:Kernel.obj
 0003:0002dc90       _ExitTaskStack             10099c90     Rtk32:Kernel.obj
 0003:0002dc94       _SourceString              10099c94     Rtk32:Kernel.obj
 0003:0002dcbc       _ExitTaskName              10099cbc     Rtk32:Kernel.obj
 0003:0002dcc0       _ExitTaskFlags             10099cc0     Rtk32:Kernel.obj
 0003:0002dcc4       _Initialized               10099cc4     Rtk32:Kernel.obj
 0003:0002dcc8       _MathTask                  10099cc8     Rtk32:Kernel.obj
 0003:0002dccc       _LastScheduleTime          10099ccc     Rtk32:Kernel.obj
 0003:0002dcd0       _TimeSliceTicks            10099cd0     Rtk32:Kernel.obj
 0003:0002dcd8       _InitFPData                10099cd8     Rtk32:Kernel.obj
 0003:0002dd68       _UserHook                  10099d68     Rtk32:Kernel.obj
 0003:0002dd6c       _InError                   10099d6c     Rtk32:Kernel.obj
 0003:0002dd70       _ExitTaskHandle            10099d70     Rtk32:Kernel.obj
 0003:0002dd74       _hin                       10099d74     Rtk32:Rtkeybrd.obj
 0003:0002dd78       _KeyboardBuffer            10099d78     Rtk32:Rtkeybrd.obj
 0003:0002dd7c       _HandlerIdx                10099d7c     Rtk32:Shareint.obj
 0003:0002ddfc       _HData                     10099dfc     Rtk32:Shareint.obj
 0003:0002de7c       _Handlers                  10099e7c     Rtk32:Shareint.obj
 0003:0002defc       _UserDataIndex             10099efc     Rtk32:Userdata.obj
 0003:0002df00       _ThreadHT                  10099f00     Rtk32:Rtwin32.obj
 0003:0002df04       _SemaHT                    10099f04     Rtk32:Rtwin32.obj
 0003:0002df08       _EventHT                   10099f08     Rtk32:Rtwin32.obj
 0003:0002df0c       _MutexHT                   10099f0c     Rtk32:Rtwin32.obj
 0003:0002df10       _WTimerHT                  10099f10     Rtk32:Rtwin32.obj
 0003:0002df14       _OrgHook                   10099f14     Rtk32:Rtwin32.obj
 0003:0002df18       _Init                      10099f18     Rtk32:Rtwin32.obj
 0003:0002df20       _APCLock                   10099f20     Rtk32:Rtwin32.obj
 0003:0002df38       _TimerLock                 10099f38     Rtk32:Rtwin32.obj
 0003:0002df50       _TimerAlert                10099f50     Rtk32:Rtwin32.obj
 0003:0002df54       _TimerManager              10099f54     Rtk32:Rtwin32.obj
 0003:0002df58       _?TickHigh32Bits@?1??GetTickCount@@9@9 10099f58     Rtk32:Rtwin32.obj
 0003:0002df5c       _?LastGetTickCountCall@?1??GetTickCount@@9@9 10099f5c     Rtk32:Rtwin32.obj
 0003:0002df64       _MainTEB                   10099f64     Drvrt32:Sysrt32.obj
 0003:0002df68       _LDTLock                   10099f68     Drvrt32:Sysrt32.obj
 0003:0002df6c       _TLSDir                    10099f6c     Drvrt32:Sysrt32.obj
 0003:0002df70       _LDTSize                   10099f70     Drvrt32:Sysrt32.obj
 0003:0002df74       _LDT                       10099f74     Drvrt32:Sysrt32.obj
 0003:0002df7c       _UsedList                  10099f7c     Drvrt32:Stheap.obj
 0003:0002df80       _FreeList                  10099f80     Drvrt32:Stheap.obj
 0003:0002df84       _Lock                      10099f84     Drvrt32:Stheap.obj
 0003:0002df88       _Init                      10099f88     Drvrt32:Stheap.obj
 0003:0002ef90       _ada_cth                   1009af90     Rtt32:System.obj
 0003:0002efa4       _ExitHandler               1009afa4     Rtt32:System.obj
 0003:0002efa8       _Events                    1009afa8     Rtt32:Conin.obj
 0003:0002f4bc       _MI                        1009b4bc     Rtt32:Screen.obj
 0003:0002f4c0       _PixelsPerScanLine         1009b4c0     Rtt32:Screen.obj
 0003:0002f4c4       _FrameBuffer               1009b4c4     Rtt32:Screen.obj
 0003:0002f4d4       _ColOfs                    1009b4d4     Rtt32:Screen.obj
 0003:0002f4d8       _RowOfs                    1009b4d8     Rtt32:Screen.obj
 0003:0002f4dc       _UserMPTableSize           1009b4dc     Rtt32:Mp.obj
 0003:0002f4e0       _IOAPIC_BIOS_IDs           1009b4e0     Rtt32:Mp.obj
 0003:0002f4e4       _?HaltTime@?1??MPDebugHandler@@9@9 1009b4e4     Rtt32:Mp.obj
 0003:0002f4ec       _?Max@?1??RTMPSendIPInterrupt@@9@9 1009b4ec     Rtt32:Mp.obj
 0003:0002f4f0       _APIC_IDs                  1009b4f0     Rtt32:Mp.obj
 0003:0002f518       _APICFlags                 1009b518     Rtt32:Mp.obj
 0003:0002f51c       _CPUs                      1009b51c     Rtt32:Mp.obj
 0003:0002f520       _BootCPU                   1009b520     Rtt32:Mp.obj
 0003:0002f524       _RunningCPUMAP             1009b524     Rtt32:Mp.obj
 0003:0002f528       _IoApics                   1009b528     Rtt32:Mp.obj
 0003:0002f52c       _ChangedIRQs               1009b52c     Rtt32:Mp.obj
 0003:0002f530       _IRQMap                    1009b530     Rtt32:Mp.obj
 0003:0002f730       _?TSSLIST@?1??RTMPStartCPU@@9@9 1009b730     Rtt32:Mp.obj
 0003:0002f7b0       _?ap_data@?1??RTMPStartCPU@@9@9 1009b7b0     Rtt32:Mp.obj
 0003:0002f7b4       _?TimerModes@?1??RTMPInitAPICTimer@@9@9 1009b7b4     Rtt32:Mp.obj
 0003:0002f838       _Lock                      1009b838     Rtt32:Rttbios.obj
 0003:0002f850       _NotPresent                1009b850     Rtt32:Rttbios.obj
 0003:0002f8d0       _PMMIO                     1009b8d0     Rtt32:Rttbios.obj
 0003:0002f950       _MMIO                      1009b950     Rtt32:Rttbios.obj
 0003:0002f9d0       _?ComposeLocale@?N@??RTInsertKeyboardScanCode@@9@9 1009b9d0     Rtt32:Keybrd.obj
 0003:0002f9d4       _?ComposeValue@?N@??RTInsertKeyboardScanCode@@9@9 1009b9d4     Rtt32:Keybrd.obj
 0003:0002f9d8       _?Max@?1??SendToKeyboard@@9@9 1009b9d8     Rtt32:Keybrd.obj
 0003:0002f9dc       _?LastScanCode@?1??RTInsertKeyboardScanCode@@9@9 1009b9dc     Rtt32:Keybrd.obj
 0003:0002f9dd       _?GlobalEnhanced@?1??RTInsertKeyboardScanCode@@9@9 1009b9dd     Rtt32:Keybrd.obj
 0003:0002f9de       _?CombineKey@?BB@??RTInsertKeyboardScanCode@@9@9 1009b9de     Rtt32:Keybrd.obj
 0003:0002f9e0       _?Max2@?1??SendToKeyboard@@9@9 1009b9e0     Rtt32:Keybrd.obj
 0003:0002f9e4       _?Max1@?1??SendToKeyboard@@9@9 1009b9e4     Rtt32:Keybrd.obj
 0003:0002f9e8       _ScanCodes                 1009b9e8     Rtt32:Keybrd.obj
 0003:0002fa14       _Initialized               1009ba14     Rtt32:Keybrd.obj
 0003:0002fa20       _MaxObjects                1009ba20     Rtt32:Handles.obj
 0003:0002fa28       _Lock                      1009ba28     Rtt32:Handles.obj
 0003:0002fa40       _RTDLLNames                1009ba40     Rtt32:Loadl.obj
 0003:0002fb40       _RTDLLTable                1009bb40     Rtt32:Loadl.obj
 0003:00030140       _DLLNameTable              1009c140     Rtt32:Loadl.obj
 0003:00030144       _SysModule                 1009c144     Rtt32:Loadl.obj
 0003:00030148       $SG19955                   1009c148     Rtt32:Loadl.obj
 0003:00030150       _LastTimeUpdate            1009c150     Rtt32:Systime.obj
 0003:00030158       _TimeLock                  1009c158     Rtt32:Systime.obj
 0003:00030170       _SMIEntryPoint             1009c170     Rtt32:Smi.obj
 0003:00030174       _SMITable                  1009c174     Rtt32:Smi.obj
 0003:000301b4       _IsInit                    1009c1b4     Rtt32:Conout.obj
 0003:000301b8       _ShadowVideoRAM            1009c1b8     Rtt32:Conout.obj
 0003:000301c0       _CrtBase                   1009c1c0     Rtt32:Conout.obj
 0003:000301c8       _BiosData                  1009c1c8     Rtt32:Biosdata.obj
 0003:00030690       _IsInit                    1009c690     Rtt32:Biosdata.obj
 0003:00030694       _?OrgAccess@?1??_rttAccessPageTable@@9@9 1009c694     Rtt32:Mapping.obj
 0003:00030698       __rttPageTableLimit        1009c698     Rtt32:Mapping.obj
 0003:0003069c       __rttNextPage              1009c69c     Rtt32:Mapping.obj
 0003:000306a0       _Lock                      1009c6a0     Rtt32:Valloc.obj
 0003:000306b8       _SmallBlockWaterMark       1009c6b8     Rtt32:Valloc.obj
 0003:000306bc       _LargeBlockWaterMark       1009c6bc     Rtt32:Valloc.obj
 0003:000306c0       _FreePhysWaterMark         1009c6c0     Rtt32:Valloc.obj
 0003:000306c4       _ConfTable                 1009c6c4     Rtt32:Uefitables.obj
 0003:000306c8       _ConfEntrySize             1009c6c8     Rtt32:Uefitables.obj
 0003:000306cc       _NumberOfTableEntries      1009c6cc     Rtt32:Uefitables.obj
 0003:000306d0       _IOAPICs                   1009c6d0     Rtt32:Mpacpi.obj
 0003:000306d4       _PCIBusses                 1009c6d4     Rtt32:Mpacpi.obj
 0003:000306d8       _PCIBusNumber              1009c6d8     Rtt32:Mpacpi.obj
 0003:000306f8       _IOAPICId                  1009c6f8     Rtt32:Mpacpi.obj
 0003:00030708       _PCIBusObjects             1009c708     Rtt32:Mpacpi.obj
 0003:00030788       _Table                     1009c788     Rtt32:Mptable.obj
 0003:00030f88       _?rsdp@?1??RTACPIGetStructure@@9@9 1009cf88     Rtt32:Acpi.obj
 0003:00030f8c       _?fadt@?1??RTACPIGetStructure@@9@9 1009cf8c     Rtt32:Acpi.obj
 0003:00030f90       _?rsdt@?1??RTACPIGetStructure@@9@9 1009cf90     Rtt32:Acpi.obj
 0003:00030f94       _?xsdt@?1??RTACPIGetStructure@@9@9 1009cf94     Rtt32:Acpi.obj
 0003:00030f98       _PortType                  1009cf98     Rtt32:Pport.obj
 0003:000313a8       _DefaultFSystem            1009d3a8     Rtt32:Files.obj
 0003:000313b0       _PhysMemHeap               1009d3b0     Rtt32:Heap.obj
 0003:000313b8       _Str1                      1009d3b8     Rtt32:Wchar.obj
 0003:000314c0       _Lock                      1009d4c0     Rtt32:Wchar.obj
 0003:000314d8       _FDa                       1009d4d8     Rtt32:Wchar.obj
 0003:00031618       ?__proc_attached@@3HA      1009d618     Libcmt:dll_dllmain.obj
 0003:00031624       ?module_local_atexit_table@@3U_onexit_table_t@@A 1009d624     Libcmt:utility.obj
 0003:00031630       ?module_local_at_quick_exit_table@@3U_onexit_table_t@@A 1009d630     Libcmt:utility.obj
 0003:0003163c       ?is_initialized_as_dll@@3_NA 1009d63c     Libcmt:utility.obj
 0003:00031660       _GS_ExceptionRecord        1009d660     Libcmt:gs_report.obj
 0003:000316b0       _GS_ContextRecord          1009d6b0     Libcmt:gs_report.obj
 0003:0003197c       ?__vcrt_startup_thread_ptd@@3U__vcrt_ptd@@A 1009d97c     libvcruntime:per_thread_data.obj
 0003:000319a4       ___vcrt_lock_table         1009d9a4     libvcruntime:locks.obj
 0003:000319bc       ___vcrt_locks_initialized  1009d9bc     libvcruntime:locks.obj
 0003:000319c0       ?module_handles@@3PAPAUHINSTANCE__@@A 1009d9c0     libvcruntime:winapi_downlevel.obj
 0003:000319d0       ?encoded_function_pointers@@3PAPAXA 1009d9d0     libvcruntime:winapi_downlevel.obj
 0003:00031a20       ?heap@@3V_HeapManager@@A   1009da20     libvcruntime:undname.obj
 0003:00031a34       ?c_termination_complete@@3JA 1009da34     libucrt:exit.obj
 0003:00031a38       ?thread_local_exit_callback_func@@3P6GXPAXK0@ZA 1009da38     libucrt:exit.obj
 0003:00031a40       ?program_name@?1???$common_configure_argv@D@@YAHW4_crt_argv_mode@@@Z@4PADA 1009da40     libucrt:argv_parsing.obj
 0003:00031b70       ?__acrt_invalid_parameter_handler@@3V?$dual_state_global@P6AXPB_W00II@Z@__crt_state_management@@A 1009db70     libucrt:invalid_parameter.obj
 0003:00031b7c       ?enable_percent_n@@3IA     1009db7c     libucrt:printf_count_output.obj
 0003:00031d98       ?__acrt_lock_table@@3PAU_RTL_CRITICAL_SECTION@@A 1009dd98     libucrt:locks.obj
 0003:00031ee8       ?__acrt_locks_initialized@@3IA 1009dee8     libucrt:locks.obj
 0003:00031eec       ?state_cache@?1???$get_cached_win_policy@Ubegin_thread_init_policy_properties@?1??__acrt_get_begin_thread_init_policy@@YA?AW4begin_thread_init_policy@@XZ@@@YA?AW4begin_thread_init_policy@@W4AppPolicyThreadInitializationType@@@Z@4JA 1009deec     libucrt:win_policies.obj
 0003:00031ef0       ?module_handles@@3PAPAUHINSTANCE__@@A 1009def0     libucrt:winapi_thunks.obj
 0003:00031f40       ?encoded_function_pointers@@3PAPAXA 1009df40     libucrt:winapi_thunks.obj
 0003:00031fd4       ?fSystemSet@@3HA           1009dfd4     libucrt:mbctype.obj
 0003:00031fd8       ?initialized@?1??__acrt_initialize_multibyte@@9@4_NA 1009dfd8     libucrt:mbctype.obj
 0003:00031ff8       ?__acrt_new_handler@@3V?$dual_state_global@P6AHI@Z@__crt_state_management@@A 1009dff8     libucrt:new_handler.obj
 0003:00031ffc       ?ctrlc_action@@3V?$dual_state_global@P6AXH@Z@__crt_state_management@@A 1009dffc     libucrt:signal.obj
 0003:00032000       ?ctrlbreak_action@@3V?$dual_state_global@P6AXH@Z@__crt_state_management@@A 1009e000     libucrt:signal.obj
 0003:00032004       ?abort_action@@3V?$dual_state_global@P6AXH@Z@__crt_state_management@@A 1009e004     libucrt:signal.obj
 0003:00032008       ?term_action@@3V?$dual_state_global@P6AXH@Z@__crt_state_management@@A 1009e008     libucrt:signal.obj
 0003:0003200c       ?user_matherr@@3V?$dual_state_global@P6AHPAU_exception@@@Z@__crt_state_management@@A 1009e00c     libucrt:matherr.obj
 0003:00032010       ?__acrt_global_new_mode@@3V?$dual_state_global@J@__crt_state_management@@A 1009e010     libucrt:new_mode.obj
 0003:0003201c       ?__acrt_app_type@@3W4_crt_app_type@@A 1009e01c     libucrt:report_runtime_error.obj
 0003:00032024       __pmatherr_set             1009e024     libucrt:libm_error.obj
 0003:00032028       _LastContext               1009e028     Acpica:osontime.obj
 0003:0003202c       _HeapHandle                1009e02c     Acpica:osontime.obj
 0003:00032048       $SG6216                    1009e048     Acpica:nsaccess.obj
 0004:00000000       __guard_fids_?dllmain_crt_process_attach@@YAHQAUHINSTANCE__@@QAX@Z 1009f000     Libcmt:dll_dllmain.obj
 0004:00000008       __guard_fids_?dllmain_dispatch@@YAHQAUHINSTANCE__@@KQAX@Z 1009f008     Libcmt:dll_dllmain.obj
 0004:0000000c       __guard_fids__             1009f00c     Libcmt:guard_support.obj
 0004:00000010       __guard_fids____vcrt_initialize_ptd 1009f010     libvcruntime:per_thread_data.obj
 0004:00000014       __guard_fids___beginthreadex 1009f014     libucrt:thread.obj
 0004:00000018       __guard_fids____dcrt_uninitialize_environments_nolock 1009f018     libucrt:environment_initialization.obj
 0004:00000020       __guard_fids__             1009f020     libucrt:initialization.obj
 0004:00000080       __guard_fids____acrt_initialize_ptd 1009f080     libucrt:per_thread_data.obj
 0004:00000084       __guard_fids_??$expand_argument_wildcards@D@@YAHQAD0AAV?$argument_list@D@?A0x5f5c8891@@@Z 1009f084     libucrt:argv_wildcards.obj
 0004:00000088       __guard_fids__             1009f088     libucrt:stdio_initializer.obj
 0004:0000008c       __guard_fids__             1009f08c     libucrt:stdio_initializer.obj
 0004:00000090       __guard_fids__             1009f090     libucrt:locale_initializer.obj
 0004:00000094       __guard_fids__             1009f094     libucrt:multibyte_initializer.obj
 0004:00000098       __guard_fids____libm_error_support 1009f098     libucrt:libm_error.obj
 0004:0000009c       __guard_fids__             1009f09c     libucrt:sse2_initializer.obj
 0004:000000a0       __guard_fids__             1009f0a0     libucrt:console_output_initializer.obj
