 hello

 Timestamp is 59861e6b (Sat Aug  5 15:37:15 2017)

 Preferred load address is 00400000

 Start         Length     Name                   Class
 0001:00000000 0000a920H .text                   CODE
 0001:0000a920 0000faebH .text$mn                CODE
 0002:00000000 00000004H .00cfg                  DATA
 0002:00000004 00000004H .CRT$XCA                DATA
 0002:00000008 00000004H .CRT$XCAA               DATA
 0002:0000000c 00000004H .CRT$XCZ                DATA
 0002:00000010 00000004H .CRT$XIA                DATA
 0002:00000014 00000004H .CRT$XIAA               DATA
 0002:00000018 00000004H .CRT$XIAC               DATA
 0002:0000001c 0000000cH .CRT$XIC                DATA
 0002:00000028 00000004H .CRT$XIZ                DATA
 0002:0000002c 00000004H .CRT$XPA                DATA
 0002:00000030 00000008H .CRT$XPX                DATA
 0002:00000038 00000004H .CRT$XPXA               DATA
 0002:0000003c 00000004H .CRT$XPZ                DATA
 0002:00000040 00000004H .CRT$XTA                DATA
 0002:00000044 0000000cH .CRT$XTZ                DATA
 0002:00000050 00007454H .rdata                  DATA
 0002:000074a4 00000000H .rdata$r                DATA
 0002:000074a4 000002a4H .rdata$zzzdbg           DATA
 0002:00007748 00000004H .rtc$IAA                DATA
 0002:0000774c 00000004H .rtc$IZZ                DATA
 0002:00007750 00000004H .rtc$TAA                DATA
 0002:00007754 00000004H .rtc$TZZ                DATA
 0002:00007758 000003b8H .xdata$x                DATA
 0002:00007b10 00000051H .edata                  DATA
 0003:00000000 000015d0H .data                   DATA
 0003:000015d0 00000000H .data$r                 DATA
 0003:000015d0 000023b0H .bss                    DATA
 0004:00000000 0000008cH .gfids$x                DATA
 0004:0000008c 00000020H .gfids$y                DATA

  Address         Publics by Value              Rva+Base       Lib:Object

 0000:00000000       __except_list              00000000     <absolute>
 0000:00000000       ___guard_longjmp_count     00000000     <absolute>
 0000:00000000       ___guard_fids_count        00000000     <absolute>
 0000:00000000       ___guard_longjmp_table     00000000     <absolute>
 0000:00000000       ___guard_iat_table         00000000     <absolute>
 0000:00000000       ___guard_iat_count         00000000     <absolute>
 0000:00000000       ___guard_fids_table        00000000     <absolute>
 0000:00000000       ___safe_se_handler_table   00000000     <absolute>
 0000:00000000       ___dynamic_value_reloc_table 00000000     <absolute>
 0000:00000000       ___safe_se_handler_count   00000000     <absolute>
 0000:00000100       ___guard_flags             00000100     <absolute>
 0000:00000000       ___ImageBase               00400000     <linker-defined>
 0001:00000000       _CreateThread@24           00401000 f   Rtt32:Thread.obj
 0001:00000010       _GetCurrentThread@0        00401010 f   Rtt32:Thread.obj
 0001:00000010       _GetCurrentProcessId@0     00401010 f   Rtt32:System.obj
 0001:00000020       _WaitForSingleObjectEx@12  00401020 f   Rtt32:Thread.obj
 0001:00000030       _LeaveCriticalSection@4    00401030 f   Rtt32:Thread.obj
 0001:00000030       _EnterCriticalSection@4    00401030 f   Rtt32:Thread.obj
 0001:00000030       _DeleteCriticalSection@4   00401030 f   Rtt32:Thread.obj
 0001:00000030       _InitializeCriticalSection@4 00401030 f   Rtt32:Thread.obj
 0001:00000040       _QueryPerformanceCounter@4 00401040 f   Rtt32:Thread.obj
 0001:00000050       _GetLastError@0            00401050 f   Rtt32:Lasterr.obj
 0001:00000050       GetLastError               00401050     Rtt32:Lasterr.obj
 0001:00000057       _SetLastError@4            00401057 f   Rtt32:Lasterr.obj
 0001:00000057       SetLastError               00401057     Rtt32:Lasterr.obj
 0001:00000070       _GetEnvironmentStringsA@0  00401070 f   Rtt32:System.obj
 0001:000000a0       _GetEnvironmentStrings@0   004010a0 f   Rtt32:System.obj
 0001:000000b0       __rttLocateEnvString       004010b0 f   Rtt32:System.obj
 0001:00000150       _SetEnvironmentVariableA@8 00401150 f   Rtt32:System.obj
 0001:000001b0       _GetCommandLineA@0         004011b0 f   Rtt32:System.obj
 0001:000001e0       _ExitProcess@4             004011e0 f   Rtt32:System.obj
 0001:00000220       _TerminateProcess@8        00401220 f   Rtt32:System.obj
 0001:00000240       _GetStartupInfoW@4         00401240 f   Rtt32:System.obj
 0001:00000270       _SetConsoleCtrlHandler@8   00401270 f   Rtt32:System.obj
 0001:00000280       _GetCurrentProcess@0       00401280 f   Rtt32:System.obj
 0001:00000290       _OutputDebugStringA@4      00401290 f   Rtt32:System.obj
 0001:000002e0       _IsDebuggerPresent@0       004012e0 f   Rtt32:System.obj
 0001:00000300       _DecodePointer@4           00401300 f   Rtt32:System.obj
 0001:00000300       _EncodePointer@4           00401300 f   Rtt32:System.obj
 0001:00000310       _RTGetAppHeader            00401310 f   Rtt32:Rttarget.obj
 0001:00000315       _RTGetSerialParameters     00401315 f   Rtt32:Rttarget.obj
 0001:0000031a       _RTSaveVector              0040131a f   Rtt32:Rttarget.obj
 0001:0000031f       _RTRestoreVector           0040131f f   Rtt32:Rttarget.obj
 0001:00000324       _RTGetDescriptor           00401324 f   Rtt32:Rttarget.obj
 0001:00000329       _RTSetDescriptor           00401329 f   Rtt32:Rttarget.obj
 0001:0000032e       _RTGetCR0                  0040132e f   Rtt32:Rttarget.obj
 0001:00000333       _RTSetCR0                  00401333 f   Rtt32:Rttarget.obj
 0001:00000338       _RTChainProgram            00401338 f   Rtt32:Rttarget.obj
 0001:0000033d       _RTBootRM                  0040133d f   Rtt32:Rttarget.obj
 0001:00000342       _RTBootPM                  00401342 f   Rtt32:Rttarget.obj
 0001:00000347       _RTBCDisplayChar           00401347 f   Rtt32:Rttarget.obj
 0001:0000034c       _RTBCDisplayString         0040134c f   Rtt32:Rttarget.obj
 0001:00000351       __rttBootApicMode          00401351 f   Rtt32:Rttarget.obj
 0001:00000356       __rttBootGetApicMode       00401356 f   Rtt32:Rttarget.obj
 0001:0000035b       __rttCopyBIOSData          0040135b f   Rtt32:Rttarget.obj
 0001:00000360       _RTGetGMode                00401360 f   Rtt32:Rttarget.obj
 0001:0000036e       _RTGetExtMem               0040136e f   Rtt32:Rttarget.obj
 0001:0000037c       _RTGetVideoRAMAddr         0040137c f   Rtt32:Rttarget.obj
 0001:0000038a       _RTSetBootParams           0040138a f   Rtt32:Rttarget.obj
 0001:000003a6       DebugBreak                 004013a6     Rtt32:Rttarget.obj
 0001:000003a6       _DebugBreak@0              004013a6 f   Rtt32:Rttarget.obj
 0001:000003a8       _RTGetBootFlags            004013a8 f   Rtt32:Rttarget.obj
 0001:000003b0       _RTSetFlags                004013b0 f   Rtt32:Rttarget.obj
 0001:000003fb       _RTCallDebugger            004013fb f   Rtt32:Rttarget.obj
 0001:0000040a       _RTTerminate               0040140a f   Rtt32:Rttarget.obj
 0001:00000457       _RTSetIntVector            00401457 f   Rtt32:Rttarget.obj
 0001:0000045d       _RTSetTrapVector           0040145d f   Rtt32:Rttarget.obj
 0001:00000463       _RTWait                    00401463 f   Rtt32:Rttarget.obj
 0001:0000048a       _RTHalt                    0040148a f   Rtt32:Rttarget.obj
 0001:00000496       _RTGetDSSelectorLimit      00401496 f   Rtt32:Rttarget.obj
 0001:000004a1       _RTGetCSSelectorLimit      004014a1 f   Rtt32:Rttarget.obj
 0001:000004ac       _RTGetLDTR                 004014ac f   Rtt32:Rttarget.obj
 0001:000004b0       _RTCallRing0               004014b0 f   Rtt32:Rttarget.obj
 0001:000004d7       __rttCallRing0             004014d7 f   Rtt32:Rttarget.obj
 0001:000004f9       BASetLDTR                  004014f9 f   Rtt32:Rttarget.obj
 0001:000004fd       _RTSetLDTR                 004014fd f   Rtt32:Rttarget.obj
 0001:00000527       BASetCR3                   00401527 f   Rtt32:Rttarget.obj
 0001:0000052b       _RTSetCR3                  0040152b f   Rtt32:Rttarget.obj
 0001:00000555       _RTGetPageAccess           00401555 f   Rtt32:Rttarget.obj
 0001:00000607       _RTSetPageAccess           00401607 f   Rtt32:Rttarget.obj
 0001:0000062b       __rttPrefetchRing0         0040162b f   Rtt32:Rttarget.obj
 0001:0000064f       _RTEvalCheck@4             0040164f     Rtt32:Rttarget.obj
 0001:0000064f       RTEvalCheck                0040164f f   Rtt32:Rttarget.obj
 0001:00000660       BAGetCR4                   00401660 f   Rtt32:Rttarget.obj
 0001:00000664       _RTGetCR4                  00401664 f   Rtt32:Rttarget.obj
 0001:00000673       BASetCR4                   00401673 f   Rtt32:Rttarget.obj
 0001:00000677       _RTSetCR4                  00401677 f   Rtt32:Rttarget.obj
 0001:000006f4       TickISR                    004016f4 f   Rtt32:Tick.obj
 0001:00000716       GetTickCount64             00401716     Rtt32:Tick.obj
 0001:00000716       _GetTickCount@0            00401716 f   Rtt32:Tick.obj
 0001:00000716       _GetTickCount64@0          00401716     Rtt32:Tick.obj
 0001:00000716       GetTickCount               00401716     Rtt32:Tick.obj
 0001:00001780       __rttGetHeader             00402780 f   Rtt32:W32hlper.obj
 0001:000017d0       __rtttoupper               004027d0 f   Rtt32:W32hlper.obj
 0001:000017e0       __rttstricmp               004027e0 f   Rtt32:W32hlper.obj
 0001:00001850       __rttmemicmp               00402850 f   Rtt32:W32hlper.obj
 0001:000018b0       __rttNthString             004028b0 f   Rtt32:W32hlper.obj
 0001:000018e0       __rttTranslate             004028e0 f   Rtt32:W32hlper.obj
 0001:00001930       __rttTranslateBack         00402930 f   Rtt32:W32hlper.obj
 0001:00001970       _RTDisplayChar             00402970 f   Rtt32:Screen.obj
 0001:00001980       _RTSetDisplayHandler       00402980 f   Rtt32:Screen.obj
 0001:00001af0       _RTDisplayScroll           00402af0 f   Rtt32:Screen.obj
 0001:00001bf0       _RTDisplayClear            00402bf0 f   Rtt32:Screen.obj
 0001:00001d90       _RTDisplayCharAt           00402d90 f   Rtt32:Screen.obj
 0001:00001ec0       _RTDisplayString           00402ec0 f   Rtt32:Screen.obj
 0001:00001ef0       _RTDisplayHex              00402ef0 f   Rtt32:Screen.obj
 0001:00001f20       _RTDisplayInt              00402f20 f   Rtt32:Screen.obj
 0001:00001fa0       _inp                       00402fa0     Rtt32:Portio.obj
 0001:00001fa0       _inportb                   00402fa0     Rtt32:Portio.obj
 0001:00001fa0       _RTIn                      00402fa0 f   Rtt32:Portio.obj
 0001:00001fa9       _inpw                      00402fa9     Rtt32:Portio.obj
 0001:00001fa9       _inportw                   00402fa9     Rtt32:Portio.obj
 0001:00001fa9       _RTInW                     00402fa9 f   Rtt32:Portio.obj
 0001:00001fb3       _RTInD                     00402fb3 f   Rtt32:Portio.obj
 0001:00001fb3       _inpd                      00402fb3     Rtt32:Portio.obj
 0001:00001fb3       _inportd                   00402fb3     Rtt32:Portio.obj
 0001:00001fba       _RTOut                     00402fba f   Rtt32:Portio.obj
 0001:00001fba       _outp                      00402fba     Rtt32:Portio.obj
 0001:00001fba       _outportb                  00402fba     Rtt32:Portio.obj
 0001:00001fc6       _outpw                     00402fc6     Rtt32:Portio.obj
 0001:00001fc6       _outportw                  00402fc6     Rtt32:Portio.obj
 0001:00001fc6       _RTOutW                    00402fc6 f   Rtt32:Portio.obj
 0001:00001fd3       _RTOutD                    00402fd3 f   Rtt32:Portio.obj
 0001:00001fd3       _outpd                     00402fd3     Rtt32:Portio.obj
 0001:00001fd3       _outportd                  00402fd3     Rtt32:Portio.obj
 0001:0000220f       _RTInstallSharedIRQHandler 0040320f f   Rtt32:Shareirq.obj
 0001:00002225       _RTInstallSharedIRQHandlerEx 00403225 f   Rtt32:Shareirq.obj
 0001:000022b5       _RTRemoveSharedIRQHandler  004032b5 f   Rtt32:Shareirq.obj
 0001:000022cb       _RTRemoveSharedIRQHandlerEx 004032cb f   Rtt32:Shareirq.obj
 0001:00002320       _HeapAlloc@12              00403320 f   Rtt32:Heap.obj
 0001:00002880       _HeapFree@12               00403880 f   Rtt32:Heap.obj
 0001:00002900       _HeapReAlloc@16            00403900 f   Rtt32:Heap.obj
 0001:00002aa0       _HeapSize@12               00403aa0 f   Rtt32:Heap.obj
 0001:00002ab0       _HeapCreate@12             00403ab0 f   Rtt32:Heap.obj
 0001:00002b00       _GetProcessHeap@0          00403b00 f   Rtt32:Heap.obj
 0001:00002b50       _RTGetProcessPhysMemHeap   00403b50 f   Rtt32:Heap.obj
 0001:00002c00       _RTLocateSection           00403c00 f   Rtt32:Sections.obj
 0001:00002ca0       _RTSectionName             00403ca0 f   Rtt32:Sections.obj
 0001:00002ce0       _GetLocalTime@4            00403ce0 f   Rtt32:Systime.obj
 0001:000030e0       _GetSystemTime@4           004040e0 f   Rtt32:Systime.obj
 0001:00003100       _GetSystemTimeAsFileTime@4 00404100 f   Rtt32:Systime.obj
 0001:00003130       _SystemTimeToFileTime@8    00404130 f   Rtt32:Systime.obj
 0001:00003300       _RTPrinterStatus           00404300 f   Rtt32:Pport.obj
 0001:00003460       _RTPrintByte               00404460 f   Rtt32:Pport.obj
 0001:00003520       _RTProcessEvents           00404520 f   Rtt32:Conin.obj
 0001:00003570       _ReadConsoleInputW@16      00404570 f   Rtt32:Conin.obj
 0001:00003640       _ReadConsoleInputA@16      00404640 f   Rtt32:Conin.obj
 0001:000036d0       _WriteConsoleInputW@16     004046d0 f   Rtt32:Conin.obj
 0001:000037d0       _GetConsoleCP@0            004047d0 f   Rtt32:Conin.obj
 0001:000037d0       _GetOEMCP@0                004047d0 f   Rtt32:Cp.obj
 0001:000037e0       _ReadConsoleA@20           004047e0 f   Rtt32:Conin.obj
 0001:000038e0       __rttSetCRTReg             004048e0 f   Rtt32:Conout.obj
 0001:000039a0       _GetConsoleMode@8          004049a0 f   Rtt32:Conout.obj
 0001:000039e0       _WriteConsoleA@20          004049e0 f   Rtt32:Conout.obj
 0001:00003a20       _WriteConsoleW@20          00404a20 f   Rtt32:Conout.obj
 0001:00003aa0       _RTGetBIOSDataPtr          00404aa0 f   Rtt32:Biosdata.obj
 0001:00003c40       _RTFindPhysMem             00404c40 f   Rtt32:Rtmapmem.obj
 0001:00003d40       _RTReserveVirtualAddress   00404d40 f   Rtt32:Rtmapmem.obj
 0001:00003e20       _RTMapMem                  00404e20 f   Rtt32:Rtmapmem.obj
 0001:00003ef0       _RTAllocPhysPageAligned    00404ef0 f   Rtt32:Rtmapmem.obj
 0001:00003fd0       _RTGetPhysAddress          00404fd0 f   Rtt32:Rtmapmem.obj
 0001:00004030       _RTSetPageFlags            00405030 f   Rtt32:Rtmapmem.obj
 0001:000040b0       _RTMapPhysMem              004050b0 f   Rtt32:Rtmapmem.obj
 0001:0000413a       _RTEnableInterrupts        0040513a f   Rtt32:I8059.obj
 0001:00004140       _RTDisableInterrupts       00405140 f   Rtt32:I8059.obj
 0001:00004142       _RTSaveAndDisableInterrupts 00405142 f   Rtt32:I8059.obj
 0001:00004146       _RTRestoreInterrupts       00405146 f   Rtt32:I8059.obj
 0001:0000414f       CheckMode                  0040514f f   Rtt32:I8059.obj
 0001:0000418d       _RTEnableIRQ               0040518d f   Rtt32:I8059.obj
 0001:00004235       _RTDisableIRQ              00405235 f   Rtt32:I8059.obj
 0001:000042d5       _RTIRQIsMasked             004052d5 f   Rtt32:I8059.obj
 0001:00004374       _RTIRQEnd                  00405374 f   Rtt32:I8059.obj
 0001:000043a8       _rttGetIoApicReg           004053a8 f   Rtt32:I8059.obj
 0001:000043b6       _rttSetIoApicReg           004053b6 f   Rtt32:I8059.obj
 0001:000043c8       _RTMPSelf                  004053c8 f   Rtt32:I8059.obj
 0001:000043f0       _GetCurrentThreadId@0      004053f0 f   Rtt32:Thread.obj
 0001:00004400       _RTUnlockHeap              00405400 f   Rtt32:Valloc.obj
 0001:00004400       _RTLockHeap                00405400 f   Rtt32:Valloc.obj
 0001:00004410       _VirtualAlloc@16           00405410 f   Rtt32:Valloc.obj
 0001:000049f0       _VirtualFree@12            004059f0 f   Rtt32:Valloc.obj
 0001:00004c00       _VirtualProtect@16         00405c00 f   Rtt32:Valloc.obj
 0001:00004cc0       _GlobalMemoryStatus@4      00405cc0 f   Rtt32:Valloc.obj
 0001:00004e80       __rttAccessPageTable       00405e80 f   Rtt32:Mapping.obj
 0001:00004fc0       __rttAvailablePages        00405fc0 f   Rtt32:Mapping.obj
 0001:00005090       __rttScanAvailablePages    00406090 f   Rtt32:Mapping.obj
 0001:00005190       __rttAddPageTable          00406190 f   Rtt32:Mapping.obj
 0001:000051f0       __rttHeapInit              004061f0 f   Rtt32:Mapping.obj
 0001:00005360       __rttMap                   00406360 f   Rtt32:Mapping.obj
 0001:00005580       __rttScanPhysical          00406580 f   Rtt32:Mapping.obj
 0001:00005620       __rttPageType              00406620 f   Rtt32:Mapping.obj
 0001:00005670       __rttIncLimited            00406670 f   Rtt32:Ft.obj
 0001:00005692       __rttDecLimited            00406692 f   Rtt32:Ft.obj
 0001:000056ae       __rttFTAddScaled           004066ae f   Rtt32:Ft.obj
 0001:000056c0       __rttFTSubScaled           004066c0 f   Rtt32:Ft.obj
 0001:000056d2       __rttFTSubScaledMax        004066d2 f   Rtt32:Ft.obj
 0001:00005700       _RTInsertKeyboardScanCode  00406700 f   Rtt32:Keybrd.obj
 0001:00006050       _RTSetKeyboard             00407050 f   Rtt32:Keybrd.obj
 0001:000061f0       _RTGetKeyEvents            004071f0 f   Rtt32:Keybrd.obj
 0001:00006290       _RTLockSpinlockFast        00407290 f   Rtt32:Spinf.obj
 0001:000062ae       _RTReleaseSpinlockFast     004072ae f   Rtt32:Spinf.obj
 0001:000062bc       _RTRDTSC                   004072bc f   Rtt32:Rdtsc.obj
 0001:000062cb       _RTCPUID                   004072cb f   Rtt32:Rdtsc.obj
 0001:00006304       _RTGetFS                   00407304 f   Rtt32:Fs0.obj
 0001:0000630c       _RTSetFS                   0040730c f   Rtt32:Fs0.obj
 0001:00006318       __imp__QueryPerformanceCounter@4 00407318     Rtt32:289.OBJ
 0001:0000631c       __imp__GetCurrentProcessId@0 0040731c     Rtt32:109.OBJ
 0001:00006320       __imp__GetCurrentThreadId@0 00407320     Rtt32:112.OBJ
 0001:00006324       __imp__GetSystemTimeAsFileTime@4 00407324     Rtt32:181.OBJ
 0001:00006328       __imp__InitializeSListHead@4 00407328     Rtt32:229.OBJ
 0001:0000632c       __imp__IsDebuggerPresent@0 0040732c     Rtt32:243.OBJ
 0001:00006330       __imp__UnhandledExceptionFilter@4 00407330     Rtt32:374.OBJ
 0001:00006334       __imp__SetUnhandledExceptionFilter@4 00407334     Rtt32:350.OBJ
 0001:00006338       __imp__GetStartupInfoW@4   00407338     Rtt32:169.OBJ
 0001:00006340       _IsProcessorFeaturePresent@4 00407340 f   Rtt32:Ispfp.obj
 0001:00006650       __imp__GetModuleHandleW@4  00407650     Rtt32:155.OBJ
 0001:00006654       __imp__GetCurrentProcess@0 00407654     Rtt32:108.OBJ
 0001:00006658       __imp__TerminateProcess@8  00407658     Rtt32:367.OBJ
 0001:0000665c       __imp__InterlockedPushEntrySList@8 0040765c     Rtt32:238.OBJ
 0001:00006660       __imp__InterlockedFlushSList@4 00407660     Rtt32:235.OBJ
 0001:00006670       _RtlUnwind@16              00407670 f   Rtt32:Except.obj
 0001:00006760       _RTRaiseException          00407760 f   Rtt32:Except.obj
 0001:000069d0       _UnhandledExceptionFilter@4 004079d0 f   Rtt32:Except.obj
 0001:000069e0       _SetUnhandledExceptionFilter@4 004079e0 f   Rtt32:Except.obj
 0001:00006a00       __imp__GetLastError@0      00407a00     Rtt32:142.OBJ
 0001:00006a04       __imp__SetLastError@4      00407a04     Rtt32:336.OBJ
 0001:00006a08       __imp__EnterCriticalSection@4 00407a08     Rtt32:52.OBJ
 0001:00006a0c       __imp__LeaveCriticalSection@4 00407a0c     Rtt32:251.OBJ
 0001:00006a10       __imp__DeleteCriticalSection@4 00407a10     Rtt32:42.OBJ
 0001:00006a14       __imp__InitializeCriticalSectionAndSpinCount@8 00407a14     Rtt32:227.OBJ
 0001:00006a18       __imp__TlsAlloc@0          00407a18     Rtt32:368.OBJ
 0001:00006a1c       __imp__TlsGetValue@4       00407a1c     Rtt32:370.OBJ
 0001:00006a20       __imp__TlsSetValue@8       00407a20     Rtt32:371.OBJ
 0001:00006a24       __imp__TlsFree@4           00407a24     Rtt32:369.OBJ
 0001:00006a28       __imp__FreeLibrary@4       00407a28     Rtt32:90.OBJ
 0001:00006a2c       __imp__GetProcAddress@8    00407a2c     Rtt32:164.OBJ
 0001:00006a30       __imp__LoadLibraryExW@12   00407a30     Rtt32:254.OBJ
 0001:00006a34       __imp__GetStdHandle@4      00407a34     Rtt32:170.OBJ
 0001:00006a38       __imp__WriteFile@20        00407a38     Rtt32:400.OBJ
 0001:00006a3c       __imp__GetModuleFileNameW@12 00407a3c     Rtt32:151.OBJ
 0001:00006a40       __imp__GetModuleFileNameA@12 00407a40     Rtt32:150.OBJ
 0001:00006a44       __imp__MultiByteToWideChar@24 00407a44     Rtt32:281.OBJ
 0001:00006a48       __imp__WideCharToMultiByte@32 00407a48     Rtt32:393.OBJ
 0001:00006a4c       __imp__ExitProcess@4       00407a4c     Rtt32:58.OBJ
 0001:00006a50       __imp__GetModuleHandleExW@12 00407a50     Rtt32:154.OBJ
 0001:00006a54       __imp__GetCommandLineA@0   00407a54     Rtt32:96.OBJ
 0001:00006a58       __imp__GetCommandLineW@0   00407a58     Rtt32:97.OBJ
 0001:00006a5c       __imp__GetACP@0            00407a5c     Rtt32:94.OBJ
 0001:00006a60       __imp__HeapFree@12         00407a60     Rtt32:219.OBJ
 0001:00006a64       __imp__HeapAlloc@12        00407a64     Rtt32:215.OBJ
 0001:00006a68       __imp__GetDateFormatW@24   00407a68     Rtt32:115.OBJ
 0001:00006a6c       __imp__GetTimeFormatW@24   00407a6c     Rtt32:196.OBJ
 0001:00006a70       __imp__CompareStringW@24   00407a70     Rtt32:15.OBJ
 0001:00006a74       __imp__LCMapStringW@24     00407a74     Rtt32:250.OBJ
 0001:00006a78       __imp__GetLocaleInfoW@16   00407a78     Rtt32:145.OBJ
 0001:00006a7c       __imp__IsValidLocale@8     00407a7c     Rtt32:246.OBJ
 0001:00006a80       __imp__GetUserDefaultLCID@0 00407a80     Rtt32:198.OBJ
 0001:00006a84       __imp__EnumSystemLocalesW@8 00407a84     Rtt32:56.OBJ
 0001:00006a88       __imp__GetFileType@4       00407a88     Rtt32:136.OBJ
 0001:00006a8c       __imp__GetCurrentThread@0  00407a8c     Rtt32:111.OBJ
 0001:00006a90       __imp__OutputDebugStringA@4 00407a90     Rtt32:284.OBJ
 0001:00006a94       __imp__OutputDebugStringW@4 00407a94     Rtt32:285.OBJ
 0001:00006a98       __imp__CloseHandle@4       00407a98     Rtt32:9.OBJ
 0001:00006a9c       __imp__WaitForSingleObjectEx@12 00407a9c     Rtt32:391.OBJ
 0001:00006aa0       __imp__CreateThread@24     00407aa0     Rtt32:35.OBJ
 0001:00006aa4       __imp__FindClose@4         00407aa4     Rtt32:66.OBJ
 0001:00006aa8       __imp__FindFirstFileExA@24 00407aa8     Rtt32:68.OBJ
 0001:00006aac       __imp__FindFirstFileExW@24 00407aac     Rtt32:69.OBJ
 0001:00006ab0       __imp__FindNextFileA@8     00407ab0     Rtt32:71.OBJ
 0001:00006ab4       __imp__FindNextFileW@8     00407ab4     Rtt32:72.OBJ
 0001:00006ab8       __imp__IsValidCodePage@4   00407ab8     Rtt32:245.OBJ
 0001:00006abc       __imp__GetOEMCP@0          00407abc     Rtt32:160.OBJ
 0001:00006ac0       __imp__GetCPInfo@8         00407ac0     Rtt32:104.OBJ
 0001:00006ac4       __imp__GetEnvironmentStringsW@0 00407ac4     Rtt32:123.OBJ
 0001:00006ac8       __imp__FreeEnvironmentStringsW@4 00407ac8     Rtt32:89.OBJ
 0001:00006acc       __imp__SetEnvironmentVariableA@8 00407acc     Rtt32:323.OBJ
 0001:00006ad0       __imp__SetEnvironmentVariableW@8 00407ad0     Rtt32:324.OBJ
 0001:00006ad4       __imp__SetStdHandle@8      00407ad4     Rtt32:339.OBJ
 0001:00006ad8       __imp__GetStringTypeW@16   00407ad8     Rtt32:174.OBJ
 0001:00006adc       __imp__GetProcessHeap@0    00407adc     Rtt32:166.OBJ
 0001:00006ae0       __imp__SetConsoleCtrlHandler@8 00407ae0     Rtt32:314.OBJ
 0001:00006ae4       __imp__FlushFileBuffers@4  00407ae4     Rtt32:82.OBJ
 0001:00006ae8       __imp__GetConsoleCP@0      00407ae8     Rtt32:98.OBJ
 0001:00006aec       __imp__GetConsoleMode@8    00407aec     Rtt32:100.OBJ
 0001:00006af0       __imp__HeapSize@12         00407af0     Rtt32:223.OBJ
 0001:00006af4       __imp__HeapReAlloc@16      00407af4     Rtt32:221.OBJ
 0001:00006af8       __imp__SetFilePointerEx@20 00407af8     Rtt32:333.OBJ
 0001:00006afc       __imp__WriteConsoleW@20    00407afc     Rtt32:399.OBJ
 0001:00006b00       __imp__CreateFileW@28      00407b00     Rtt32:23.OBJ
 0001:00006b04       __imp__EncodePointer@4     00407b04     Rtt32:51.OBJ
 0001:00006b08       __imp__DecodePointer@4     00407b08     Rtt32:41.OBJ
 0001:00006b0c       __imp__RaiseException@16   00407b0c     Rtt32:292.OBJ
 0001:00006b10       _InitializeSListHead@4     00407b10 f   Rtt32:Slist.obj
 0001:00006b10       InitializeSListHead        00407b10     Rtt32:Slist.obj
 0001:00006b24       _InterlockedFlushSList@4   00407b24 f   Rtt32:Slist.obj
 0001:00006b24       InterlockedFlushSList      00407b24     Rtt32:Slist.obj
 0001:00006b49       InterlockedPopEntrySList   00407b49     Rtt32:Slist.obj
 0001:00006b49       _InterlockedPopEntrySList@4 00407b49 f   Rtt32:Slist.obj
 0001:00006b6c       _InterlockedPushEntrySList@8 00407b6c f   Rtt32:Slist.obj
 0001:00006b6c       InterlockedPushEntrySList  00407b6c     Rtt32:Slist.obj
 0001:00006b92       _QueryDepthSList@4         00407b92 f   Rtt32:Slist.obj
 0001:00006b92       QueryDepthSList            00407b92     Rtt32:Slist.obj
 0001:00006ba0       _WideCharToMultiByte@32    00407ba0 f   Rtt32:Wchar.obj
 0001:00006e00       _MultiByteToWideChar@24    00407e00 f   Rtt32:Wchar.obj
 0001:00007040       _CreateFileW@28            00408040 f   Rtt32:Wchar.obj
 0001:000070f0       _FindFirstFileW@8          004080f0 f   Rtt32:Wchar.obj
 0001:000071c0       _FindNextFileW@8           004081c0 f   Rtt32:Wchar.obj
 0001:00007240       _GetModuleHandleW@4        00408240 f   Rtt32:Wchar.obj
 0001:000072b0       _GetModuleHandleExW@12     004082b0 f   Rtt32:Wchar.obj
 0001:00007350       _GetEnvironmentStringsW@0  00408350 f   Rtt32:Wchar.obj
 0001:000073b0       _FreeEnvironmentStringsW@4 004083b0 f   Rtt32:Wchar.obj
 0001:000073d0       _GetCommandLineW@0         004083d0 f   Rtt32:Wchar.obj
 0001:000073e0       _OutputDebugStringW@4      004083e0 f   Rtt32:Wchar.obj
 0001:00007420       _FindFirstFileExW@24       00408420 f   Rtt32:Wchar.obj
 0001:00007450       _GetDateFormatW@24         00408450 f   Rtt32:Wchar.obj
 0001:000074f0       _GetTimeFormatW@24         004084f0 f   Rtt32:Wchar.obj
 0001:00007590       _LoadLibraryExW@12         00408590 f   Rtt32:Wchar.obj
 0001:000075f0       _LoadLibraryW@4            004085f0 f   Rtt32:Wchar.obj
 0001:00007610       _GetModuleFileNameW@12     00408610 f   Rtt32:Wchar.obj
 0001:00007670       RaiseException             00408670     Rtt32:Raise.obj
 0001:00007670       _RaiseException@16         00408670 f   Rtt32:Raise.obj
 0001:00007682       _RTCallXHandler            00408682 f   Rtt32:Raise.obj
 0001:0000769c       GetBitAddress              0040869c f   Rtt32:Tls.obj
 0001:000076ae       TlsAlloc                   004086ae     Rtt32:Tls.obj
 0001:000076ae       _TlsAlloc@0                004086ae f   Rtt32:Tls.obj
 0001:00007704       _TlsFree@4                 00408704 f   Rtt32:Tls.obj
 0001:00007704       TlsFree                    00408704     Rtt32:Tls.obj
 0001:00007750       TlsSetValue                00408750     Rtt32:Tls.obj
 0001:00007750       _TlsSetValue@8             00408750 f   Rtt32:Tls.obj
 0001:00007783       _TlsGetValue@4             00408783 f   Rtt32:Tls.obj
 0001:00007783       TlsGetValue                00408783     Rtt32:Tls.obj
 0001:000077b8       _RTSetTlsSlots             004087b8 f   Rtt32:Tls.obj
 0001:00007800       __rttVerifyModuleHandle    00408800 f   Rtt32:Loadl.obj
 0001:00007a40       _RTTarget32SystemInit      00408a40 f   Rtt32:Loadl.obj
 0001:00007a70       _GetModuleHandleExA@12     00408a70 f   Rtt32:Loadl.obj
 0001:00007d60       _GetModuleHandleA@4        00408d60 f   Rtt32:Loadl.obj
 0001:00007d80       _LoadLibraryExA@12         00408d80 f   Rtt32:Loadl.obj
 0001:00008b00       _LoadLibraryA@4            00409b00 f   Rtt32:Loadl.obj
 0001:00008b20       _FreeLibrary@4             00409b20 f   Rtt32:Loadl.obj
 0001:00008c40       _GetModuleFileNameA@12     00409c40 f   Rtt32:Loadl.obj
 0001:00008cc0       _GetProcAddress@8          00409cc0 f   Rtt32:Loadl.obj
 0001:000090c0       _RTAllocHandleType         0040a0c0 f   Rtt32:Handles.obj
 0001:00009110       _RTAllocHandle             0040a110 f   Rtt32:Handles.obj
 0001:00009260       _RTParseHandle             0040a260 f   Rtt32:Handles.obj
 0001:000093b0       _CloseHandle@4             0040a3b0 f   Rtt32:Handles.obj
 0001:000093d0       _GetStdHandle@4            0040a3d0 f   Rtt32:Handles.obj
 0001:00009480       _SetStdHandle@8            0040a480 f   Rtt32:Handles.obj
 0001:000094d0       CallName                   0040a4d0 f   Rtt32:Fdisp.obj
 0001:000094e0       GetFullPathNameA           0040a4e0 f   Rtt32:Fdisp.obj
 0001:000094e0       _GetFullPathNameA@16       0040a4e0     Rtt32:Fdisp.obj
 0001:000094e8       _GetFileAttributesA@4      0040a4e8     Rtt32:Fdisp.obj
 0001:000094e8       GetFileAttributesA         0040a4e8 f   Rtt32:Fdisp.obj
 0001:000094f0       _SetFileAttributesA@8      0040a4f0     Rtt32:Fdisp.obj
 0001:000094f0       SetFileAttributesA         0040a4f0 f   Rtt32:Fdisp.obj
 0001:000094f8       DeleteFileA                0040a4f8 f   Rtt32:Fdisp.obj
 0001:000094f8       _DeleteFileA@4             0040a4f8     Rtt32:Fdisp.obj
 0001:00009500       _MoveFileA@8               0040a500     Rtt32:Fdisp.obj
 0001:00009500       MoveFileA                  0040a500 f   Rtt32:Fdisp.obj
 0001:00009508       GetTempFileNameA           0040a508 f   Rtt32:Fdisp.obj
 0001:00009508       _GetTempFileNameA@16       0040a508     Rtt32:Fdisp.obj
 0001:00009510       _CreateDirectoryA@8        0040a510     Rtt32:Fdisp.obj
 0001:00009510       CreateDirectoryA           0040a510 f   Rtt32:Fdisp.obj
 0001:00009518       _RemoveDirectoryA@4        0040a518     Rtt32:Fdisp.obj
 0001:00009518       RemoveDirectoryA           0040a518 f   Rtt32:Fdisp.obj
 0001:00009520       GetDriveTypeA              0040a520 f   Rtt32:Fdisp.obj
 0001:00009520       _GetDriveTypeA@4           0040a520     Rtt32:Fdisp.obj
 0001:00009528       _GetDiskFreeSpaceA@20      0040a528     Rtt32:Fdisp.obj
 0001:00009528       GetDiskFreeSpaceA          0040a528 f   Rtt32:Fdisp.obj
 0001:00009530       GetVolumeInformationA      0040a530 f   Rtt32:Fdisp.obj
 0001:00009530       _GetVolumeInformationA@32  0040a530     Rtt32:Fdisp.obj
 0001:00009538       _SetVolumeLabelA@8         0040a538     Rtt32:Fdisp.obj
 0001:00009538       SetVolumeLabelA            0040a538 f   Rtt32:Fdisp.obj
 0001:00009540       _ReadFile@20               0040a540     Rtt32:Fdisp.obj
 0001:00009540       ReadFile                   0040a540 f   Rtt32:Fdisp.obj
 0001:00009548       WriteFile                  0040a548 f   Rtt32:Fdisp.obj
 0001:00009548       _WriteFile@20              0040a548     Rtt32:Fdisp.obj
 0001:00009550       SetFilePointer             0040a550 f   Rtt32:Fdisp.obj
 0001:00009550       _SetFilePointer@16         0040a550     Rtt32:Fdisp.obj
 0001:00009558       _SetEndOfFile@4            0040a558     Rtt32:Fdisp.obj
 0001:00009558       SetEndOfFile               0040a558 f   Rtt32:Fdisp.obj
 0001:00009560       _FlushFileBuffers@4        0040a560     Rtt32:Fdisp.obj
 0001:00009560       FlushFileBuffers           0040a560 f   Rtt32:Fdisp.obj
 0001:00009568       _GetFileSize@8             0040a568     Rtt32:Fdisp.obj
 0001:00009568       GetFileSize                0040a568 f   Rtt32:Fdisp.obj
 0001:00009570       GetFileTime                0040a570 f   Rtt32:Fdisp.obj
 0001:00009570       _GetFileTime@16            0040a570     Rtt32:Fdisp.obj
 0001:00009578       GetFileInformationByHandle 0040a578 f   Rtt32:Fdisp.obj
 0001:00009578       _GetFileInformationByHandle@8 0040a578     Rtt32:Fdisp.obj
 0001:00009580       _SetFileTime@16            0040a580     Rtt32:Fdisp.obj
 0001:00009580       SetFileTime                0040a580 f   Rtt32:Fdisp.obj
 0001:00009588       _DeviceIoControl@32        0040a588     Rtt32:Fdisp.obj
 0001:00009588       DeviceIoControl            0040a588 f   Rtt32:Fdisp.obj
 0001:00009590       CallHandle                 0040a590 f   Rtt32:Fdisp.obj
 0001:000095b0       _GetACP@0                  0040a5b0 f   Rtt32:Cp.obj
 0001:000095c0       _GetCPInfo@8               0040a5c0 f   Rtt32:Cp.obj
 0001:000095f0       _LCMapStringW@24           0040a5f0 f   Rtt32:Strings.obj
 0001:00009600       _GetStringTypeW@16         0040a600 f   Rtt32:Strings.obj
 0001:00009610       _CompareStringW@24         0040a610 f   Rtt32:Strings.obj
 0001:000096e0       _lstrlenW@4                0040a6e0 f   Rtt32:Strings.obj
 0001:00009700       _InitializeCriticalSectionAndSpinCount@8 0040a700 f   Rtt32:Thread.obj
 0001:00009700       _IsValidLocale@8           0040a700 f   Rtt32:Lcid.obj
 0001:00009700       _SetEnvironmentVariableW@8 0040a700 f   Rtt32:Wchar.obj
 0001:00009710       _IsValidCodePage@4         0040a710 f   Rtt32:Lcid.obj
 0001:00009720       _GetUserDefaultLCID@0      0040a720 f   Rtt32:Lcid.obj
 0001:00009730       _GetLocaleInfoW@16         0040a730 f   Rtt32:Lcid.obj
 0001:00009760       _EnumSystemLocalesW@8      0040a760 f   Rtt32:Lcid.obj
 0001:00009780       __rttFSystemCallHandle     0040a780 f   Rtt32:Files.obj
 0001:000097d0       __rttFSystemCallName       0040a7d0 f   Rtt32:Files.obj
 0001:00009b70       _GetFileType@4             0040ab70 f   Rtt32:Files.obj
 0001:00009bc0       _FindFirstFileA@8          0040abc0 f   Rtt32:Files.obj
 0001:00009c70       _FindNextFileA@8           0040ac70 f   Rtt32:Files.obj
 0001:00009cf0       _CreateFileA@28            0040acf0 f   Rtt32:Files.obj
 0001:00009d70       _FindClose@4               0040ad70 f   Rtt32:Files.obj
 0001:00009d80       _FindFirstFileExA@24       0040ad80 f   Rtt32:Files.obj
 0001:00009db0       _SetFilePointerEx@20       0040adb0 f   Rtt32:Files.obj
 0001:00009e00       _GetFileInformationByHandleEx@16 0040ae00 f   Rtt32:Files.obj
 0001:00009ee0       _GetDateFormatA@24         0040aee0 f   Rtt32:Getdatef.obj
 0001:0000a440       _GetTimeFormatA@24         0040b440 f   Rtt32:Getdatef.obj
 0001:0000a8b0       _FlsAlloc@4                0040b8b0 f   Rtt32:Fls.obj
 0001:0000a8c0       _FlsGetValue@4             0040b8c0 f   Rtt32:Fls.obj
 0001:0000a8d0       _FlsSetValue@8             0040b8d0 f   Rtt32:Fls.obj
 0001:0000a8f0       _FlsFree@4                 0040b8f0 f   Rtt32:Fls.obj
 0001:0000a900       _InitializeCriticalSectionEx@12 0040b900 f   Rtt32:Unsupported.obj
 0001:0000a920       _main                      0040b920 f   hello.obj
 0001:0000a940       ___local_stdio_printf_options 0040b940 f i hello.obj
 0001:0000a950       __vfprintf_l               0040b950 f i hello.obj
 0001:0000a980       _printf                    0040b980 f i hello.obj
 0001:0000abe7       _mainCRTStartup            0040bbe7 f   LIBCMT:exe_main.obj
 0001:0000ac35       ___scrt_acquire_startup_lock 0040bc35 f   LIBCMT:utility.obj
 0001:0000ac6a       ___scrt_initialize_crt     0040bc6a f   LIBCMT:utility.obj
 0001:0000aca3       ___scrt_initialize_onexit_tables 0040bca3 f   LIBCMT:utility.obj
 0001:0000ad3a       ___scrt_is_nonwritable_in_current_image 0040bd3a f   LIBCMT:utility.obj
 0001:0000adc4       ___scrt_release_startup_lock 0040bdc4 f   LIBCMT:utility.obj
 0001:0000ade1       ___scrt_uninitialize_crt   0040bde1 f   LIBCMT:utility.obj
 0001:0000ae09       __onexit                   0040be09 f   LIBCMT:utility.obj
 0001:0000ae44       _atexit                    0040be44 f   LIBCMT:utility.obj
 0001:0000ae59       ___security_init_cookie    0040be59 f   LIBCMT:gs_support.obj
 0001:0000aef5       __get_startup_argv_mode    0040bef5 f   LIBCMT:argv_mode.obj
 0001:0000aef9       __get_startup_new_mode     0040bef9 f   LIBCMT:new_mode.obj
 0001:0000aef9       __get_startup_commit_mode  0040bef9 f   LIBCMT:commit_mode.obj
 0001:0000aef9       ___scrt_initialize_winrt   0040bef9 f   LIBCMT:utility_desktop.obj
 0001:0000aef9       __get_startup_thread_locale_mode 0040bef9 f   LIBCMT:thread_locale.obj
 0001:0000aef9       __matherr                  0040bef9 f   LIBCMT:matherr.obj
 0001:0000aefc       __get_startup_file_mode    0040befc f   LIBCMT:file_mode.obj
 0001:0000af02       ?__scrt_initialize_type_info@@YAXXZ 0040bf02 f   LIBCMT:tncleanup.obj
 0001:0000af0e       __initialize_default_precision 0040bf0e f   LIBCMT:default_precision.obj
 0001:0000af2f       __initialize_invalid_parameter_handler 0040bf2f f   LIBCMT:invalid_parameter_handler.obj
 0001:0000af2f       @_guard_check_icall_nop@4  0040bf2f f   LIBCMT:guard_support.obj
 0001:0000af2f       ___except_validate_context_record 0040bf2f f   libvcruntime:jbcxrval.obj
 0001:0000af2f       __initialize_denormal_control 0040bf2f f   LIBCMT:denormal_control.obj
 0001:0000af2f       ___except_validate_jump_buffer 0040bf2f f   libvcruntime:jbcxrval.obj
 0001:0000af30       ___local_stdio_scanf_options 0040bf30 f i LIBCMT:default_local_stdio_options.obj
 0001:0000af36       ___scrt_initialize_default_local_stdio_options 0040bf36 f   LIBCMT:default_local_stdio_options.obj
 0001:0000af53       ___scrt_is_user_matherr_present 0040bf53 f   LIBCMT:matherr_detection.obj
 0001:0000af5f       ___scrt_get_dyn_tls_init_callback 0040bf5f f   LIBCMT:dyn_tls_init.obj
 0001:0000af65       ___scrt_get_dyn_tls_dtor_callback 0040bf65 f   LIBCMT:dyn_tls_dtor.obj
 0001:0000af6b       ___scrt_fastfail           0040bf6b f   LIBCMT:utility_desktop.obj
 0001:0000b086       ___scrt_set_unhandled_exception_filter 0040c086 f   LIBCMT:utility_desktop.obj
 0001:0000b092       ___scrt_unhandled_exception_filter@4 0040c092 f   LIBCMT:utility_desktop.obj
 0001:0000b0d3       __crt_debugger_hook        0040c0d3 f   LIBCMT:utility_desktop.obj
 0001:0000b0db       __RTC_Initialize           0040c0db f   LIBCMT:_initsect_.obj
 0001:0000b106       __RTC_Terminate            0040c106 f   LIBCMT:_initsect_.obj
 0001:0000b131       @_guard_check_icall@4      0040c131 f i LIBCMT:checkcfg.obj
 0001:0000b140       __SEH_prolog4              0040c140 f   LIBCMT:_sehprolg4_.obj
 0001:0000b186       __SEH_epilog4              0040c186 f   LIBCMT:_sehprolg4_.obj
 0001:0000b19b       ___isa_available_init      0040c19b f   LIBCMT:_cpu_disp_.obj
 0001:0000b335       ___scrt_is_ucrt_dll_in_use 0040c335 f   LIBCMT:ucrt_detection.obj
 0001:0000b341       @__security_check_cookie@4 0040c341 f   LIBCMT:_secchk_.obj
 0001:0000b352       ___raise_securityfailure   0040c352 f   LIBCMT:gs_report.obj
 0001:0000b37a       ___report_gsfailure        0040c37a f   LIBCMT:gs_report.obj
 0001:0000b480       _strrchr                   0040c480 f   libvcruntime:strrchr.obj
 0001:0000b600       __except_handler4          0040c600 f   libvcruntime:_chandler4_.obj
 0001:0000b766       ___vcrt_initialize         0040c766 f   libvcruntime:initialization.obj
 0001:0000b78f       ___vcrt_uninitialize       0040c78f f   libvcruntime:initialization.obj
 0001:0000b7b0       _memset                    0040c7b0 f   libvcruntime:memset.obj
 0001:0000b910       __local_unwind4            0040c910 f   libvcruntime:_exsup4_.obj
 0001:0000b9e6       __seh_longjmp_unwind4@4    0040c9e6 f   libvcruntime:_exsup4_.obj
 0001:0000ba0e       @_EH4_CallFilterFunc@8     0040ca0e f   libvcruntime:_exsup4_.obj
 0001:0000ba25       @_EH4_TransferToHandler@8  0040ca25 f   libvcruntime:_exsup4_.obj
 0001:0000ba3e       @_EH4_GlobalUnwind2@8      0040ca3e f   libvcruntime:_exsup4_.obj
 0001:0000ba57       @_EH4_LocalUnwind@16       0040ca57 f   libvcruntime:_exsup4_.obj
 0001:0000ba6e       ___vcrt_freefls@4          0040ca6e f   libvcruntime:per_thread_data.obj
 0001:0000ba8a       ___vcrt_initialize_ptd     0040ca8a f   libvcruntime:per_thread_data.obj
 0001:0000babd       ___vcrt_uninitialize_ptd   0040cabd f   libvcruntime:per_thread_data.obj
 0001:0000bad8       ___vcrt_initialize_locks   0040cad8 f   libvcruntime:locks.obj
 0001:0000bb14       ___vcrt_uninitialize_locks 0040cb14 f   libvcruntime:locks.obj
 0001:0000bb43       ??$__crt_fast_encode_pointer@PAX@@YAPAXQAX@Z 0040cb43 f i libvcruntime:winapi_downlevel.obj
 0001:0000bb43       ??$__crt_fast_encode_pointer@PAP6AXXZ@@YAPAP6AXXZQAP6AXXZ@Z 0040cb43 f i LIBCMT:utility.obj
 0001:0000bc81       ___vcrt_FlsAlloc           0040cc81 f   libvcruntime:winapi_downlevel.obj
 0001:0000bcbb       ___vcrt_FlsFree            0040ccbb f   libvcruntime:winapi_downlevel.obj
 0001:0000bcf5       ___vcrt_FlsSetValue        0040ccf5 f   libvcruntime:winapi_downlevel.obj
 0001:0000bd32       ___vcrt_InitializeCriticalSectionEx 0040cd32 f   libvcruntime:winapi_downlevel.obj
 0001:0000bd78       ___vcrt_initialize_winapi_thunks 0040cd78 f   libvcruntime:winapi_downlevel.obj
 0001:0000bdb2       ___vcrt_uninitialize_winapi_thunks 0040cdb2 f   libvcruntime:winapi_downlevel.obj
 0001:0000bde4       ___vcrt_initialize_pure_virtual_call_handler 0040cde4 f   libvcruntime:purevirt_data.obj
 0001:0000be10       __global_unwind2           0040ce10 f   libvcruntime:_exsup_.obj
 0001:0000be75       __local_unwind2            0040ce75 f   libvcruntime:_exsup_.obj
 0001:0000bef9       __abnormal_termination     0040cef9 f   libvcruntime:_exsup_.obj
 0001:0000bf1c       __NLG_Notify1              0040cf1c f   libvcruntime:_exsup_.obj
 0001:0000bf25       __NLG_Notify               0040cf25 f   libvcruntime:_exsup_.obj
 0001:0000bf3c       __NLG_Dispatch             0040cf3c     libvcruntime:_exsup_.obj
 0001:0000bf3c       __NLG_Dispatch2            0040cf3c     libvcruntime:_exsup_.obj
 0001:0000bf44       __NLG_Call                 0040cf44 f   libvcruntime:_exsup_.obj
 0001:0000bf46       __NLG_Return2              0040cf46     libvcruntime:_exsup_.obj
 0001:0000bf47       _malloc                    0040cf47 f   libucrt:malloc.obj
 0001:0000bf52       ___acrt_initialize_stdio   0040cf52 f   libucrt:_file.obj
 0001:0000c01a       ___acrt_iob_func           0040d01a f   libucrt:_file.obj
 0001:0000c02a       ___acrt_uninitialize_stdio 0040d02a f   libucrt:_file.obj
 0001:0000c076       __lock_file                0040d076 f   libucrt:_file.obj
 0001:0000c08a       __unlock_file              0040d08a f   libucrt:_file.obj
 0001:0000c09e       ??$?RV<lambda_db08b09ef7aa9d4f8620ce68402612bc>@@AAV<lambda_4f2c1eaeead2a5fc776db5b62ea0fb9b>@@V<lambda_3ae262bc35d4ba6a3825c4f6bcaaf95c>@@@?$__crt_seh_guarded_call@H@@QAEH$$QAV<lambda_db08b09ef7aa9d4f8620ce68402612bc>@@AAV<lambda_4f2c1eaeead2a5fc776db5b62ea0fb9b>@@$$QAV<lambda_3ae262bc35d4ba6a3825c4f6bcaaf95c>@@@Z 0040d09e f i libucrt:output.obj
 0001:0000c0ef       ??$__acrt_lock_stream_and_call@V<lambda_4f2c1eaeead2a5fc776db5b62ea0fb9b>@@@@YAHQAU_iobuf@@$$QAV<lambda_4f2c1eaeead2a5fc776db5b62ea0fb9b>@@@Z 0040d0ef f i libucrt:output.obj
 0001:0000c117       ??$count@D@formatting_buffer@__crt_stdio_output@@QBEIXZ 0040d117 f i libucrt:output.obj
 0001:0000c12f       ??$ensure_buffer_is_big_enough@D@formatting_buffer@__crt_stdio_output@@QAE_NI@Z 0040d12f f i libucrt:output.obj
 0001:0000c1b5       ??$is_wide_character_specifier@D@__crt_stdio_output@@YA_N_KDW4length_modifier@0@@Z 0040d1b5 f i libucrt:output.obj
 0001:0000c1f5       ??$scratch_data@D@formatting_buffer@__crt_stdio_output@@QAEPADXZ 0040d1f5 f i libucrt:output.obj
 0001:0000c213       ??$type_case_integer_parse_into_buffer@I@?$output_processor@DV?$stream_output_adapter@D@__crt_stdio_output@@V?$standard_base@DV?$stream_output_adapter@D@__crt_stdio_output@@@2@@__crt_stdio_output@@AAEXII_N@Z 0040d213 f i libucrt:output.obj
 0001:0000c288       ??$type_case_integer_parse_into_buffer@_K@?$output_processor@DV?$stream_output_adapter@D@__crt_stdio_output@@V?$standard_base@DV?$stream_output_adapter@D@__crt_stdio_output@@@2@@__crt_stdio_output@@AAEX_KI_N@Z 0040d288 f i libucrt:output.obj
 0001:0000c310       ??$write_multiple_characters@V?$stream_output_adapter@D@__crt_stdio_output@@D@__crt_stdio_output@@YAXABV?$stream_output_adapter@D@0@DHQAH@Z 0040d310 f i libucrt:output.obj
 0001:0000c33c       ??0?$common_data@D@__crt_stdio_output@@IAE@XZ 0040d33c f i libucrt:output.obj
 0001:0000c383       ??0?$output_adapter_data@DV?$stream_output_adapter@D@__crt_stdio_output@@@__crt_stdio_output@@IAE@ABV?$stream_output_adapter@D@1@_KQBDQAU__crt_locale_pointers@@QAD@Z 0040d383 f i libucrt:output.obj
 0001:0000c3bf       ??0?$output_processor@DV?$stream_output_adapter@D@__crt_stdio_output@@V?$standard_base@DV?$stream_output_adapter@D@__crt_stdio_output@@@2@@__crt_stdio_output@@QAE@ABV?$stream_output_adapter@D@1@_KQBDQAU__crt_locale_pointers@@QAD@Z 0040d3bf f i libucrt:output.obj
 0001:0000c3f4       ??0_LocaleUpdate@@QAE@QAU__crt_locale_pointers@@@Z 0040d3f4 f i libucrt:output.obj
 0001:0000c477       ??1formatting_buffer@__crt_stdio_output@@QAE@XZ 0040d477 f i libucrt:output.obj
 0001:0000c491       ??4?$__crt_unique_heap_ptr@DU__crt_internal_free_policy@@@@QAEAAV0@$$QAV0@@Z 0040d491 f i libucrt:output.obj
 0001:0000c572       ?crop_zeroes@__crt_stdio_output@@YAXPADQAU__crt_locale_pointers@@@Z 0040d572 f i libucrt:output.obj
 0001:0000c5c9       ?find_next_state@?$output_processor@DV?$stream_output_adapter@D@__crt_stdio_output@@V?$standard_base@DV?$stream_output_adapter@D@__crt_stdio_output@@@2@@__crt_stdio_output@@ABE?AW4state@2@DW432@@Z 0040d5c9 f i libucrt:output.obj
 0001:0000c5fb       ?force_decimal_point@__crt_stdio_output@@YAXPADQAU__crt_locale_pointers@@@Z 0040d5fb f i libucrt:output.obj
 0001:0000c657       ?parse_int_from_format_string@?$output_processor@DV?$stream_output_adapter@D@__crt_stdio_output@@V?$standard_base@DV?$stream_output_adapter@D@__crt_stdio_output@@@2@@__crt_stdio_output@@AAE_NQAH@Z 0040d657 f i libucrt:output.obj
 0001:0000c6b3       ?process@?$output_processor@DV?$stream_output_adapter@D@__crt_stdio_output@@V?$standard_base@DV?$stream_output_adapter@D@__crt_stdio_output@@@2@@__crt_stdio_output@@QAEHXZ 0040d6b3 f i libucrt:output.obj
 0001:0000c7cf       ?state_case_flag@?$output_processor@DV?$stream_output_adapter@D@__crt_stdio_output@@V?$standard_base@DV?$stream_output_adapter@D@__crt_stdio_output@@@2@@__crt_stdio_output@@AAE_NXZ 0040d7cf f i libucrt:output.obj
 0001:0000c80c       ?state_case_normal@?$output_processor@DV?$stream_output_adapter@D@__crt_stdio_output@@V?$standard_base@DV?$stream_output_adapter@D@__crt_stdio_output@@@2@@__crt_stdio_output@@AAE_NXZ 0040d80c f i libucrt:output.obj
 0001:0000c82b       ?state_case_normal_common@?$output_processor@DV?$stream_output_adapter@D@__crt_stdio_output@@V?$standard_base@DV?$stream_output_adapter@D@__crt_stdio_output@@@2@@__crt_stdio_output@@AAE_NXZ 0040d82b f i libucrt:output.obj
 0001:0000c855       ?state_case_normal_tchar@?$output_processor@DV?$stream_output_adapter@D@__crt_stdio_output@@V?$standard_base@DV?$stream_output_adapter@D@__crt_stdio_output@@@2@@__crt_stdio_output@@AAE_ND@Z 0040d855 f i libucrt:output.obj
 0001:0000c8b6       ?state_case_precision@?$output_processor@DV?$stream_output_adapter@D@__crt_stdio_output@@V?$standard_base@DV?$stream_output_adapter@D@__crt_stdio_output@@@2@@__crt_stdio_output@@AAE_NXZ 0040d8b6 f i libucrt:output.obj
 0001:0000c8de       ?state_case_size@?$output_processor@DV?$stream_output_adapter@D@__crt_stdio_output@@V?$standard_base@DV?$stream_output_adapter@D@__crt_stdio_output@@@2@@__crt_stdio_output@@AAE_NXZ 0040d8de f i libucrt:output.obj
 0001:0000ca47       ?state_case_type@?$output_processor@DV?$stream_output_adapter@D@__crt_stdio_output@@V?$standard_base@DV?$stream_output_adapter@D@__crt_stdio_output@@@2@@__crt_stdio_output@@AAE_NXZ 0040da47 f i libucrt:output.obj
 0001:0000cc76       ?state_case_width@?$output_processor@DV?$stream_output_adapter@D@__crt_stdio_output@@V?$standard_base@DV?$stream_output_adapter@D@__crt_stdio_output@@@2@@__crt_stdio_output@@AAE_NXZ 0040dc76 f i libucrt:output.obj
 0001:0000cca1       ?to_integer_size@__crt_stdio_output@@YAIW4length_modifier@1@@Z 0040dca1 f i libucrt:output.obj
 0001:0000ccfd       ?type_case_Z@?$output_processor@DV?$stream_output_adapter@D@__crt_stdio_output@@V?$standard_base@DV?$stream_output_adapter@D@__crt_stdio_output@@@2@@__crt_stdio_output@@AAE_NXZ 0040dcfd f i libucrt:output.obj
 0001:0000cd60       ?type_case_a@?$output_processor@DV?$stream_output_adapter@D@__crt_stdio_output@@V?$standard_base@DV?$stream_output_adapter@D@__crt_stdio_output@@@2@@__crt_stdio_output@@AAE_NXZ 0040dd60 f i libucrt:output.obj
 0001:0000ceba       ?type_case_c_tchar@?$output_processor@DV?$stream_output_adapter@D@__crt_stdio_output@@V?$standard_base@DV?$stream_output_adapter@D@__crt_stdio_output@@@2@@__crt_stdio_output@@AAE_ND@Z 0040deba f i libucrt:output.obj
 0001:0000cf4a       ?type_case_integer@?$output_processor@DV?$stream_output_adapter@D@__crt_stdio_output@@V?$standard_base@DV?$stream_output_adapter@D@__crt_stdio_output@@@2@@__crt_stdio_output@@AAE_NI_N@Z 0040df4a f i libucrt:output.obj
 0001:0000d094       ?type_case_n@?$output_processor@DV?$stream_output_adapter@D@__crt_stdio_output@@V?$standard_base@DV?$stream_output_adapter@D@__crt_stdio_output@@@2@@__crt_stdio_output@@AAE_NXZ 0040e094 f i libucrt:output.obj
 0001:0000d108       ?type_case_o@?$output_processor@DV?$stream_output_adapter@D@__crt_stdio_output@@V?$standard_base@DV?$stream_output_adapter@D@__crt_stdio_output@@@2@@__crt_stdio_output@@AAE_NXZ 0040e108 f i libucrt:output.obj
 0001:0000d127       ?type_case_p@?$output_processor@DV?$stream_output_adapter@D@__crt_stdio_output@@V?$standard_base@DV?$stream_output_adapter@D@__crt_stdio_output@@@2@@__crt_stdio_output@@AAE_NXZ 0040e127 f i libucrt:output.obj
 0001:0000d13f       ?type_case_s@?$output_processor@DV?$stream_output_adapter@D@__crt_stdio_output@@V?$standard_base@DV?$stream_output_adapter@D@__crt_stdio_output@@@2@@__crt_stdio_output@@AAE_NXZ 0040e13f f i libucrt:output.obj
 0001:0000d1b2       ?validate@?$stream_output_adapter@D@__crt_stdio_output@@QBE_NXZ 0040e1b2 f i libucrt:output.obj
 0001:0000d1d3       ?validate_stream_is_ansi_if_required@?$__acrt_stdio_char_traits@D@@SA_NQAU_iobuf@@@Z 0040e1d3 f i libucrt:output.obj
 0001:0000d255       ?write_character@?$stream_output_adapter@D@__crt_stdio_output@@QBEXDQAH@Z 0040e255 f i libucrt:output.obj
 0001:0000d292       ?write_stored_string_tchar@?$output_processor@DV?$stream_output_adapter@D@__crt_stdio_output@@V?$standard_base@DV?$stream_output_adapter@D@__crt_stdio_output@@@2@@__crt_stdio_output@@AAE_ND@Z 0040e292 f i libucrt:output.obj
 0001:0000d339       ?write_string@?$stream_output_adapter@D@__crt_stdio_output@@QBEXQBDHQAH1@Z 0040e339 f i libucrt:output.obj
 0001:0000d3c3       ___stdio_common_vfprintf   0040e3c3 f   libucrt:output.obj
 0001:0000d440       _strpbrk                   0040e440 f   libucrt:strpbrk.obj
 0001:0000d480       _strncpy                   0040e480 f   libucrt:strncpy.obj
 0001:0000d5a4       __seh_filter_exe           0040e5a4 f   libucrt:exception_filter.obj
 0001:0000d717       __query_app_type           0040e717 f   libucrt:report_runtime_error.obj
 0001:0000d71d       __set_app_type             0040e71d f   libucrt:report_runtime_error.obj
 0001:0000d72c       ___acrt_has_user_matherr   0040e72c f   libucrt:matherr.obj
 0001:0000d745       ___acrt_initialize_user_matherr 0040e745 f   libucrt:matherr.obj
 0001:0000d759       ___acrt_invoke_user_matherr 0040e759 f   libucrt:matherr.obj
 0001:0000d7a2       ___setusermatherr          0040e7a2 f   libucrt:matherr.obj
 0001:0000da50       ___acrt_allocate_buffer_for_argv 0040ea50 f   libucrt:argv_parsing.obj
 0001:0000daa5       __configure_narrow_argv    0040eaa5 f   libucrt:argv_parsing.obj
 0001:0000dcb7       ??$uninitialize@A6AXAAPAPAD@Z@?$dual_state_global@PAPAD@__crt_state_management@@QAEXA6AXAAPAPAD@Z@Z 0040ecb7 f i libucrt:environment_initialization.obj
 0001:0000dcb7       ??$uninitialize@A6AXAAPAPA_W@Z@?$dual_state_global@PAPA_W@__crt_state_management@@QAEXA6AXAAPAPA_W@Z@Z 0040ecb7 f i libucrt:environment_initialization.obj
 0001:0000dd2d       ___dcrt_get_or_create_narrow_environment_nolock 0040ed2d f   libucrt:environment_initialization.obj
 0001:0000dd32       ___dcrt_uninitialize_environments_nolock 0040ed32 f   libucrt:environment_initialization.obj
 0001:0000dd69       __get_initial_narrow_environment 0040ed69 f   libucrt:environment_initialization.obj
 0001:0000dd7d       __initialize_narrow_environment 0040ed7d f   libucrt:environment_initialization.obj
 0001:0000dd82       __initterm                 0040ed82 f   libucrt:initterm.obj
 0001:0000ddde       __initterm_e               0040edde f   libucrt:initterm.obj
 0001:0000de23       ??$__crt_fast_encode_pointer@P6GXPAXK0@Z@@YAP6GXPAXK0@ZQ6GX0K0@Z@Z 0040ee23 f i libucrt:exit.obj
 0001:0000de23       ??$__crt_fast_encode_pointer@P6AHPAU_exception@@@Z@@YAP6AHPAU_exception@@@ZQ6AH0@Z@Z 0040ee23 f i libucrt:matherr.obj
 0001:0000de23       ??$__crt_fast_encode_pointer@P6AHXZ@@YAP6AHXZQ6AHXZ@Z 0040ee23 f i libucrt:onexit.obj
 0001:0000dfaf       ___scrt_is_managed_app     0040efaf f   LIBCMT:utility_desktop.obj
 0001:0000e05d       ___acrt_initialize_thread_local_exit_callback 0040f05d f   libucrt:exit.obj
 0001:0000e06c       __c_exit                   0040f06c f   libucrt:exit.obj
 0001:0000e07b       __cexit                    0040f07b f   libucrt:exit.obj
 0001:0000e08a       __exit                     0040f08a f   libucrt:exit.obj
 0001:0000e0a0       __register_thread_local_exe_atexit_callback 0040f0a0 f   libucrt:exit.obj
 0001:0000e0d8       _exit                      0040f0d8 f   libucrt:exit.obj
 0001:0000e0ee       __set_fmode                0040f0ee f   libucrt:setmode.obj
 0001:0000e12b       ___acrt_initialize_command_line 0040f12b f   libucrt:argv_data.obj
 0001:0000e144       ___p___argc                0040f144 f   libucrt:argv_data.obj
 0001:0000e14a       ___p___argv                0040f14a f   libucrt:argv_data.obj
 0001:0000e150       ??$?RV<lambda_4393c4b5ef78814305fd0c1b31d2e9a8>@@AAV<lambda_85fa512c59a4d94d4a89f575eefd92a6>@@V<lambda_8f70eeb8060c49130c088d3137313000>@@@?$__crt_seh_guarded_call@X@@QAEX$$QAV<lambda_4393c4b5ef78814305fd0c1b31d2e9a8>@@AAV<lambda_85fa512c59a4d94d4a89f575eefd92a6>@@$$QAV<lambda_8f70eeb8060c49130c088d3137313000>@@@Z 0040f150 f i libucrt:wsetlocale.obj
 0001:0000e199       ??$__acrt_lock_and_call@V<lambda_85fa512c59a4d94d4a89f575eefd92a6>@@@@YAXW4__acrt_lock_id@@$$QAV<lambda_85fa512c59a4d94d4a89f575eefd92a6>@@@Z 0040f199 f i libucrt:wsetlocale.obj
 0001:0000e1c1       ??$uninitialize@V<lambda_6b129e2e150a224552ea232eca9364df>@@@?$dual_state_global@PAU__crt_locale_data@@@__crt_state_management@@QAEX$$QAV<lambda_6b129e2e150a224552ea232eca9364df>@@@Z 0040f1c1 f i libucrt:wsetlocale.obj
 0001:0000e1f0       ___acrt_set_locale_changed 0040f1f0 f   libucrt:wsetlocale.obj
 0001:0000e1fb       ___acrt_uninitialize_locale 0040f1fb f   libucrt:wsetlocale.obj
 0001:0000e212       __configthreadlocale       0040f212 f   libucrt:wsetlocale.obj
 0001:0000e274       __query_new_mode           0040f274 f   libucrt:new_mode.obj
 0001:0000e27a       __set_new_mode             0040f27a f   libucrt:new_mode.obj
 0001:0000e2a9       ___p__commode              0040f2a9 f   libucrt:ncommode.obj
 0001:0000e2af       ??$?RV<lambda_800076c951b434888f4765a74a194fcc>@@AAV<lambda_4e60a939b0d047cfe11ddc22648dfba9>@@V<lambda_6dbb1268764f43b569ce7b67e331d33a>@@@?$__crt_seh_guarded_call@H@@QAEH$$QAV<lambda_800076c951b434888f4765a74a194fcc>@@AAV<lambda_4e60a939b0d047cfe11ddc22648dfba9>@@$$QAV<lambda_6dbb1268764f43b569ce7b67e331d33a>@@@Z 0040f2af f i libucrt:onexit.obj
 0001:0000e300       ??$?RV<lambda_995298e7d72eb4c2aab26c0585b3abe5>@@AAV<lambda_275893d493268fdec8709772e3fcec0e>@@V<lambda_293819299cbf9a7022e18b56a874bb5c>@@@?$__crt_seh_guarded_call@H@@QAEH$$QAV<lambda_995298e7d72eb4c2aab26c0585b3abe5>@@AAV<lambda_275893d493268fdec8709772e3fcec0e>@@$$QAV<lambda_293819299cbf9a7022e18b56a874bb5c>@@@Z 0040f300 f i libucrt:onexit.obj
 0001:0000e351       ??$__acrt_lock_and_call@V<lambda_275893d493268fdec8709772e3fcec0e>@@@@YAHW4__acrt_lock_id@@$$QAV<lambda_275893d493268fdec8709772e3fcec0e>@@@Z 0040f351 f i libucrt:onexit.obj
 0001:0000e379       ??$__acrt_lock_and_call@V<lambda_4e60a939b0d047cfe11ddc22648dfba9>@@@@YAHW4__acrt_lock_id@@$$QAV<lambda_4e60a939b0d047cfe11ddc22648dfba9>@@@Z 0040f379 f i libucrt:onexit.obj
 0001:0000e602       __crt_atexit               0040f602 f   libucrt:onexit.obj
 0001:0000e618       __execute_onexit_table     0040f618 f   libucrt:onexit.obj
 0001:0000e635       __initialize_onexit_table  0040f635 f   libucrt:onexit.obj
 0001:0000e672       __register_onexit_function 0040f672 f   libucrt:onexit.obj
 0001:0000e6c2       __should_initialize_environment 0040f6c2 f   LIBCMT:env_mode.obj
 0001:0000e6c2       ___acrt_uninitialize_command_line 0040f6c2 f   libucrt:argv_data.obj
 0001:0000e778       ??$uninitialize@V<lambda_30a498feb8538b5c3153c22026e33470>@@@?$dual_state_global@PAU__crt_multibyte_data@@@__crt_state_management@@QAEX$$QAV<lambda_30a498feb8538b5c3153c22026e33470>@@@Z 0040f778 f i libucrt:initialization.obj
 0001:0000e7c7       ___acrt_initialize         0040f7c7 f   libucrt:initialization.obj
 0001:0000e7d9       ___acrt_uninitialize       0040f7d9 f   libucrt:initialization.obj
 0001:0000e7eb       __controlfp_s              0040f7eb f   libucrt:contrlfp.obj
 0001:0000e84a       _terminate                 0040f84a f   libucrt:terminate.obj
 0001:0000e886       __free_base                0040f886 f   libucrt:free_base.obj
 0001:0000e8c0       __malloc_base              0040f8c0 f   libucrt:malloc_base.obj
 0001:0000e90e       _strcpy_s                  0040f90e f   libucrt:strcpy_s.obj
 0001:0000e968       _abort                     0040f968 f   libucrt:abort.obj
 0001:0000e9ab       __calloc_base              0040f9ab f   libucrt:calloc_base.obj
 0001:0000ea08       ??$is_overflow_condition@K@__crt_strtox@@YA_NIK@Z 0040fa08 f i libucrt:atox.obj
 0001:0000ea3b       ??$parse_integer@KV?$c_string_character_source@D@__crt_strtox@@@__crt_strtox@@YAKQAU__crt_locale_pointers@@V?$c_string_character_source@D@0@H_N@Z 0040fa3b f i libucrt:atox.obj
 0001:0000ec63       ?unget@?$c_string_character_source@D@__crt_strtox@@QAEXD@Z 0040fc63 f i libucrt:atox.obj
 0001:0000ec8b       ?validate@?$c_string_character_source@D@__crt_strtox@@QBE_NXZ 0040fc8b f i libucrt:atox.obj
 0001:0000eca6       __chvalidchk_l             0040fca6 f i libucrt:atox.obj
 0001:0000ecd0       __ischartype_l             0040fcd0 f i libucrt:atox.obj
 0001:0000ed03       ___acrt_call_reportfault   0040fd03 f   libucrt:invalid_parameter.obj
 0001:0000ee3e       ___acrt_initialize_invalid_parameter_handler 0040fe3e f   libucrt:invalid_parameter.obj
 0001:0000ee52       __invalid_parameter        0040fe52 f   libucrt:invalid_parameter.obj
 0001:0000eecd       __invalid_parameter_noinfo 0040fecd f   libucrt:invalid_parameter.obj
 0001:0000eedd       __invoke_watson            0040fedd f   libucrt:invalid_parameter.obj
 0001:0000ef10       ___acrt_errno_from_os_error 0040ff10 f   libucrt:errno.obj
 0001:0000ef53       ___acrt_errno_map_os_error 0040ff53 f   libucrt:errno.obj
 0001:0000ef76       ___doserrno                0040ff76 f   libucrt:errno.obj
 0001:0000ef89       __errno                    0040ff89 f   libucrt:errno.obj
 0001:0000f101       ___acrt_CompareStringEx@36 00410101 f   libucrt:winapi_thunks.obj
 0001:0000f175       ___acrt_FlsAlloc@4         00410175 f   libucrt:winapi_thunks.obj
 0001:0000f1cb       ___acrt_FlsFree@4          004101cb f   libucrt:winapi_thunks.obj
 0001:0000f221       ___acrt_FlsGetValue@4      00410221 f   libucrt:winapi_thunks.obj
 0001:0000f277       ___acrt_FlsSetValue@8      00410277 f   libucrt:winapi_thunks.obj
 0001:0000f2d0       ___acrt_InitializeCriticalSectionEx@12 004102d0 f   libucrt:winapi_thunks.obj
 0001:0000f332       ___acrt_LCMapStringEx@36   00410332 f   libucrt:winapi_thunks.obj
 0001:0000f3a6       ___acrt_LocaleNameToLCID@8 004103a6 f   libucrt:winapi_thunks.obj
 0001:0000f3ee       ___acrt_initialize_winapi_thunks 004103ee f   libucrt:winapi_thunks.obj
 0001:0000f414       ___acrt_is_packaged_app    00410414 f   libucrt:winapi_thunks.obj
 0001:0000f49b       ___acrt_uninitialize_winapi_thunks 0041049b f   libucrt:winapi_thunks.obj
 0001:0000f4d1       __fcloseall                004104d1 f   libucrt:closeall.obj
 0001:0000f571       ___acrt_stdio_flush_nolock 00410571 f   libucrt:fflush.obj
 0001:0000f5d7       __fflush_nolock            004105d7 f   libucrt:fflush.obj
 0001:0000f61e       __flushall                 0041061e f   libucrt:fflush.obj
 0001:0000f6ff       ___acrt_stdio_free_buffer_nolock 004106ff f   libucrt:_freebuf.obj
 0001:0000f8a9       ___acrt_initialize_lowio   004108a9 f   libucrt:ioinit.obj
 0001:0000f8ff       ___acrt_uninitialize_lowio 004108ff f   libucrt:ioinit.obj
 0001:0000f92b       __isdigit_l                0041092b f i libucrt:_ctype.obj
 0001:0000f963       _isdigit                   00410963 f i libucrt:_ctype.obj
 0001:0000faf7       __tolower_l                00410af7 f   libucrt:tolower_toupper.obj
 0001:0000fb11       _tolower                   00410b11 f   libucrt:tolower_toupper.obj
 0001:0000fb41       ??$make_c_string_character_source@DPAPAD@__crt_strtox@@YA?AV?$c_string_character_source@D@0@QBDQAPAD@Z 00410b41 f i libucrt:strtox.obj
 0001:0000fb5c       _strtol                    00410b5c f   libucrt:strtox.obj
 0001:0000fb88       __mbtowc_l                 00410b88 f   libucrt:mbtowc.obj
 0001:0000fc82       _mbtowc                    00410c82 f   libucrt:mbtowc.obj
 0001:0000fc9c       __wctomb_s_l               00410c9c f   libucrt:wctomb.obj
 0001:0000fdbd       _wctomb_s                  00410dbd f   libucrt:wctomb.obj
 0001:0000fdda       _strnlen                   00410dda f   libucrt:strnlen.obj
 0001:0000ff01       _wcsnlen                   00410f01 f   libucrt:strnlen.obj
 0001:000100b8       ??$?RV<lambda_3518db117f0e7cdb002338c5d3c47b6c>@@AAV<lambda_b2ea41f6bbb362cd97d94c6828d90b61>@@V<lambda_abdedf541bb04549bc734292b4a045d4>@@@?$__crt_seh_guarded_call@X@@QAEX$$QAV<lambda_3518db117f0e7cdb002338c5d3c47b6c>@@AAV<lambda_b2ea41f6bbb362cd97d94c6828d90b61>@@$$QAV<lambda_abdedf541bb04549bc734292b4a045d4>@@@Z 004110b8 f i libucrt:per_thread_data.obj
 0001:00010108       ??$?RV<lambda_51b6e8b1eb166f2a3faf91f424b38130>@@AAV<lambda_6250bd4b2a391816dd638c3bf72b0bcb>@@V<lambda_0b5a4a3e68152e1d9b943535f5f47bed>@@@?$__crt_seh_guarded_call@X@@QAEX$$QAV<lambda_51b6e8b1eb166f2a3faf91f424b38130>@@AAV<lambda_6250bd4b2a391816dd638c3bf72b0bcb>@@$$QAV<lambda_0b5a4a3e68152e1d9b943535f5f47bed>@@@Z 00411108 f i libucrt:per_thread_data.obj
 0001:00010169       ??$?RV<lambda_5b71d36f03204c0beab531769a5b5694>@@AAV<lambda_be2b3da3f62db62e9dad5dc70221a656>@@V<lambda_8f9ce462984622f9bf76b59e2aaaf805>@@@?$__crt_seh_guarded_call@X@@QAEX$$QAV<lambda_5b71d36f03204c0beab531769a5b5694>@@AAV<lambda_be2b3da3f62db62e9dad5dc70221a656>@@$$QAV<lambda_8f9ce462984622f9bf76b59e2aaaf805>@@@Z 00411169 f i libucrt:per_thread_data.obj
 0001:000101b4       ??$?RV<lambda_9df27f884b057bc3edfc946cb5b7cf47>@@AAV<lambda_e69574bed617af4e071282c136b37893>@@V<lambda_cc0d902bcbbeb830f749456577db4721>@@@?$__crt_seh_guarded_call@X@@QAEX$$QAV<lambda_9df27f884b057bc3edfc946cb5b7cf47>@@AAV<lambda_e69574bed617af4e071282c136b37893>@@$$QAV<lambda_cc0d902bcbbeb830f749456577db4721>@@@Z 004111b4 f i libucrt:per_thread_data.obj
 0001:000101fc       ??$__acrt_lock_and_call@V<lambda_6250bd4b2a391816dd638c3bf72b0bcb>@@@@YAXW4__acrt_lock_id@@$$QAV<lambda_6250bd4b2a391816dd638c3bf72b0bcb>@@@Z 004111fc f i libucrt:per_thread_data.obj
 0001:00010224       ??$__acrt_lock_and_call@V<lambda_b2ea41f6bbb362cd97d94c6828d90b61>@@@@YAXW4__acrt_lock_id@@$$QAV<lambda_b2ea41f6bbb362cd97d94c6828d90b61>@@@Z 00411224 f i libucrt:per_thread_data.obj
 0001:0001024c       ??$__acrt_lock_and_call@V<lambda_be2b3da3f62db62e9dad5dc70221a656>@@@@YAXW4__acrt_lock_id@@$$QAV<lambda_be2b3da3f62db62e9dad5dc70221a656>@@@Z 0041124c f i libucrt:per_thread_data.obj
 0001:00010274       ??$__acrt_lock_and_call@V<lambda_e69574bed617af4e071282c136b37893>@@@@YAXW4__acrt_lock_id@@$$QAV<lambda_e69574bed617af4e071282c136b37893>@@@Z 00411274 f i libucrt:per_thread_data.obj
 0001:0001042a       ___acrt_getptd             0041142a f   libucrt:per_thread_data.obj
 0001:000104ae       ___acrt_getptd_head        004114ae f   libucrt:per_thread_data.obj
 0001:00010518       ___acrt_getptd_noexit      00411518 f   libucrt:per_thread_data.obj
 0001:0001059d       ___acrt_initialize_ptd     0041159d f   libucrt:per_thread_data.obj
 0001:000105c9       ___acrt_uninitialize_ptd   004115c9 f   libucrt:per_thread_data.obj
 0001:000105e3       ___acrt_update_locale_info 004115e3 f   libucrt:locale_update.obj
 0001:00010610       ___acrt_update_multibyte_info 00411610 f   libucrt:locale_update.obj
 0001:0001063d       ?__acrt_fp_classify@@YA?AW4__acrt_fp_class@@ABN@Z 0041163d f i libucrt:cvt.obj
 0001:000106a9       ?__acrt_fp_is_negative@@YA_NABN@Z 004116a9 f i libucrt:cvt.obj
 0001:00010f08       ___acrt_fp_format          00411f08 f   libucrt:cvt.obj
 0001:00011052       __fileno                   00412052 f   libucrt:fileno.obj
 0001:00011078       __fputc_nolock             00412078 f   libucrt:fputc.obj
 0001:000110a1       __get_printf_count_output  004120a1 f   libucrt:printf_count_output.obj
 0001:000110b6       ___acrt_stdio_begin_temporary_buffering_nolock 004120b6 f   libucrt:_sftbuf.obj
 0001:0001116b       ___acrt_stdio_end_temporary_buffering_nolock 0041216b f   libucrt:_sftbuf.obj
 0001:00011566       ??1?$argument_list@D@?A0x5f5c8891@@QAE@XZ 00412566 f i libucrt:argv_wildcards.obj
 0001:0001158b       ?append@?$argument_list@D@?A0x5f5c8891@@QAEHQAD@Z 0041258b f i libucrt:argv_wildcards.obj
 0001:000115c0       ?expand_if_necessary@?$argument_list@D@?A0x5f5c8891@@AAEHXZ 004125c0 f i libucrt:argv_wildcards.obj
 0001:00011647       ___acrt_expand_narrow_argv_wildcards 00412647 f   libucrt:argv_wildcards.obj
 0001:00011652       ??$?RV<lambda_e87a3c71dae7d386050572e4b92e46dc>@@AAV<lambda_46505630740668582523e1a4ac1f87da>@@V<lambda_946b9e807def97ded8a024f3159c1ffa>@@@?$__crt_seh_guarded_call@X@@QAEX$$QAV<lambda_e87a3c71dae7d386050572e4b92e46dc>@@AAV<lambda_46505630740668582523e1a4ac1f87da>@@$$QAV<lambda_946b9e807def97ded8a024f3159c1ffa>@@@Z 00412652 f i libucrt:mbctype.obj
 0001:00011695       ??$__acrt_lock_and_call@V<lambda_46505630740668582523e1a4ac1f87da>@@@@YAXW4__acrt_lock_id@@$$QAV<lambda_46505630740668582523e1a4ac1f87da>@@@Z 00412695 f i libucrt:mbctype.obj
 0001:00011b8a       ___acrt_initialize_multibyte 00412b8a f   libucrt:mbctype.obj
 0001:00011bd7       ___acrt_update_thread_multibyte_data 00412bd7 f   libucrt:mbctype.obj
 0001:00011beb       __setmbcp_nolock           00412beb f   libucrt:mbctype.obj
 0001:00011eb6       __ismbblead                00412eb6 f   libucrt:ismbbyte.obj
 0001:00011f05       ___dcrt_get_narrow_environment_from_os 00412f05 f   libucrt:get_environment_from_os.obj
 0001:000122c8       ___dcrt_set_variable_in_narrow_environment_nolock 004132c8 f   libucrt:setenv.obj
 0001:000122d3       ___acrt_initialize_locks   004132d3 f   libucrt:locks.obj
 0001:00012314       ___acrt_lock               00413314 f   libucrt:locks.obj
 0001:0001232b       ___acrt_uninitialize_locks 0041332b f   libucrt:locks.obj
 0001:0001235c       ___acrt_unlock             0041335c f   libucrt:locks.obj
 0001:00012373       ___acrt_lowio_create_handle_array 00413373 f   libucrt:osfinfo.obj
 0001:000123ed       ___acrt_lowio_destroy_handle_array 004133ed f   libucrt:osfinfo.obj
 0001:00012422       ___acrt_lowio_ensure_fh_exists 00413422 f   libucrt:osfinfo.obj
 0001:000124ba       ___acrt_lowio_lock_fh      004134ba f   libucrt:osfinfo.obj
 0001:000124dd       ___acrt_lowio_unlock_fh    004134dd f   libucrt:osfinfo.obj
 0001:00012500       __free_osfhnd              00413500 f   libucrt:osfinfo.obj
 0001:00012591       __get_osfhandle            00413591 f   libucrt:osfinfo.obj
 0001:000125fb       ___pctype_func             004135fb f   libucrt:ctype.obj
 0001:00012621       ___acrt_locale_free_monetary 00413621 f   libucrt:initmon.obj
 0001:0001271f       ___acrt_locale_free_numeric 0041371f f   libucrt:initnum.obj
 0001:000127c4       ___acrt_locale_free_time   004137c4 f   libucrt:inittime.obj
 0001:000128a8       ___acrt_GetStringTypeA     004138a8 f   libucrt:getstringtypea.obj
 0001:000129c5       __freea_crt                004139c5 f i libucrt:getstringtypea.obj
 0001:000129e5       ___acrt_add_locale_ref     004139e5 f   libucrt:locale_refcounting.obj
 0001:00012a62       ___acrt_free_locale        00413a62 f   libucrt:locale_refcounting.obj
 0001:00012bac       ___acrt_locale_add_lc_time_reference 00413bac f   libucrt:locale_refcounting.obj
 0001:00012bd5       ___acrt_locale_free_lc_time_if_unreferenced 00413bd5 f   libucrt:locale_refcounting.obj
 0001:00012c05       ___acrt_locale_release_lc_time_reference 00413c05 f   libucrt:locale_refcounting.obj
 0001:00012c2e       ___acrt_release_locale_ref 00413c2e f   libucrt:locale_refcounting.obj
 0001:00012caf       ___acrt_update_thread_locale_data 00413caf f   libucrt:locale_refcounting.obj
 0001:00012d26       __updatetlocinfoEx_nolock  00413d26 f   libucrt:locale_refcounting.obj
 0001:00012d76       __recalloc                 00413d76 f   libucrt:recalloc.obj
 0001:00012d81       __recalloc_base            00413d81 f   libucrt:recalloc.obj
 0001:00012dee       ___acrt_initialize_heap    00413dee f   libucrt:heap_handle.obj
 0001:00012dff       ___acrt_uninitialize_heap  00413dff f   libucrt:heap_handle.obj
 0001:00012e09       ___acrt_execute_initializers 00413e09 f   libucrt:shared_initialization.obj
 0001:00012e8c       ___acrt_execute_uninitializers 00413e8c f   libucrt:shared_initialization.obj
 0001:00012ed9       ?initialize@?$dual_state_global@P6AHI@Z@__crt_state_management@@QAEXQ6AHI@Z@Z 00413ed9 f i libucrt:new_handler.obj
 0001:00012ed9       ?initialize@?$dual_state_global@PAU__crt_multibyte_data@@@__crt_state_management@@QAEXQAU__crt_multibyte_data@@@Z 00413ed9 f i libucrt:mbctype.obj
 0001:00012ed9       ?initialize@?$dual_state_global@P6AXPB_W00II@Z@__crt_state_management@@QAEXQ6AXPB_W00II@Z@Z 00413ed9 f i libucrt:invalid_parameter.obj
 0001:00012ed9       ?initialize@?$dual_state_global@PAPAD@__crt_state_management@@QAEXQAPAD@Z 00413ed9 f i libucrt:environment_initialization.obj
 0001:00012ed9       ?initialize@?$dual_state_global@P6AXH@Z@__crt_state_management@@QAEXQ6AXH@Z@Z 00413ed9 f i libucrt:signal.obj
 0001:00012ed9       ?initialize@?$dual_state_global@P6AHPAU_exception@@@Z@__crt_state_management@@QAEXQ6AHPAU_exception@@@Z@Z 00413ed9 f i libucrt:matherr.obj
 0001:00012ed9       ?initialize@?$dual_state_global@PAU__crt_locale_data@@@__crt_state_management@@QAEXQAU__crt_locale_data@@@Z 00413ed9 f i libucrt:initialization.obj
 0001:00012f0a       ___acrt_initialize_new_handler 00413f0a f   libucrt:new_handler.obj
 0001:00012f1e       __callnewh                 00413f1e f   libucrt:new_handler.obj
 0001:00012f62       __query_new_handler        00413f62 f   libucrt:new_handler.obj
 0001:00012fb4       ??$?RV<lambda_a048d3beccc847880fc8490e18b82769>@@AAV<lambda_ec61778202f4f5fc7e7711acc23c3bca>@@V<lambda_f7496a158712204296dd6628a163878e>@@@?$__crt_seh_guarded_call@P6AXH@Z@@QAEP6AXH@Z$$QAV<lambda_a048d3beccc847880fc8490e18b82769>@@AAV<lambda_ec61778202f4f5fc7e7711acc23c3bca>@@$$QAV<lambda_f7496a158712204296dd6628a163878e>@@@Z 00413fb4 f i libucrt:signal.obj
 0001:0001300e       ??$__acrt_lock_and_call@V<lambda_ec61778202f4f5fc7e7711acc23c3bca>@@@@YAP6AXH@ZW4__acrt_lock_id@@$$QAV<lambda_ec61778202f4f5fc7e7711acc23c3bca>@@@Z 0041400e f i libucrt:signal.obj
 0001:000130a0       ___acrt_get_sigabrt_handler 004140a0 f   libucrt:signal.obj
 0001:000130b7       ___acrt_initialize_signal_handlers 004140b7 f   libucrt:signal.obj
 0001:000130f2       ___fpecode                 004140f2 f   libucrt:signal.obj
 0001:000130fb       _raise                     004140fb f   libucrt:signal.obj
 0001:000133ae       __clearfp                  004143ae f   libucrt:ieee87.obj
 0001:0001348c       __control87                0041448c f   libucrt:ieee87.obj
 0001:00013827       __isctype_l                00414827 f   libucrt:isctype.obj
 0001:000139b5       ___acrt_DownlevelLocaleNameToLCID 004149b5 f   libucrt:lcidtoname_downlevel.obj
 0001:000139e1       __fclose_nolock            004149e1 f   libucrt:fclose.obj
 0001:00013a57       _fclose                    00414a57 f   libucrt:fclose.obj
 0001:00013ad7       ??$?RV<lambda_61cee617f5178ae960314fd4d05640a0>@@AAV<lambda_6978c1fb23f02e42e1d9e99668cc68aa>@@V<lambda_9cd88cf8ad10232537feb2133f08c833>@@@?$__crt_seh_guarded_call@H@@QAEH$$QAV<lambda_61cee617f5178ae960314fd4d05640a0>@@AAV<lambda_6978c1fb23f02e42e1d9e99668cc68aa>@@$$QAV<lambda_9cd88cf8ad10232537feb2133f08c833>@@@Z 00414ad7 f i libucrt:commit.obj
 0001:00013b6f       ??$__acrt_lowio_lock_fh_and_call@V<lambda_6978c1fb23f02e42e1d9e99668cc68aa>@@@@YAHH$$QAV<lambda_6978c1fb23f02e42e1d9e99668cc68aa>@@@Z 00414b6f f i libucrt:commit.obj
 0001:00013b97       __commit                   00414b97 f   libucrt:commit.obj
 0001:00014196       __write                    00415196 f   libucrt:write.obj
 0001:00014281       __write_nolock             00415281 f   libucrt:write.obj
 0001:0001448d       __isleadbyte_l             0041548d f i libucrt:_wctype.obj
 0001:000146e3       ___acrt_LCMapStringA       004156e3 f   libucrt:lcmapstringa.obj
 0001:0001472e       ___acrt_fp_strflt_to_string 0041572e f   libucrt:_fptostr.obj
 0001:000147ea       ??0scoped_fp_state_reset@?A0x71ca7cfb@@QAE@XZ 004157ea f i libucrt:cfout.obj
 0001:00014820       ?divide@__crt_strtox@@YA_KAAUbig_integer@1@ABU21@@Z 00415820 f i libucrt:cfout.obj
 0001:00014cce       ___acrt_fltout             00415cce f   libucrt:cfout.obj
 0001:00016247       ___acrt_stdio_flush_and_write_narrow_nolock 00417247 f   libucrt:_flsbuf.obj
 0001:00016252       __isatty                   00417252 f   libucrt:isatty.obj
 0001:00016390       _qsort                     00417390 f   libucrt:qsort.obj
 0001:000167db       _strncpy_s                 004177db f   libucrt:strncpy_s.obj
 0001:000167e6       __mbsdec                   004177e6 f   libucrt:mbsdec.obj
 0001:000167fd       __mbsdec_l                 004177fd f   libucrt:mbsdec.obj
 0001:00016899       __strnicoll                00417899 f   libucrt:strnicol.obj
 0001:000168c2       __strnicoll_l              004178c2 f   libucrt:strnicol.obj
 0001:0001698c       __msize                    0041798c f   libucrt:msize.obj
 0001:000169bf       __realloc_base             004179bf f   libucrt:realloc_base.obj
 0001:00016a28       ___set_fpsr_sse2           00417a28 f   libucrt:fpctrl.obj
 0001:00016a9e       __clrfp                    00417a9e f   libucrt:fpctrl.obj
 0001:00016ab1       __ctrlfp                   00417ab1 f   libucrt:fpctrl.obj
 0001:00016add       __set_statfp               00417add f   libucrt:fpctrl.obj
 0001:00016b38       __statfp                   00417b38 f   libucrt:fpctrl.obj
 0001:00016b4a       ??$?RV<lambda_123407a5e2ac06da108355a851863b7a>@@AAV<lambda_2fe9b910cf3cbf4a0ab98a02ba45b3ec>@@V<lambda_ae55bdf541ad94d75914d381c370e64d>@@@?$__crt_seh_guarded_call@H@@QAEH$$QAV<lambda_123407a5e2ac06da108355a851863b7a>@@AAV<lambda_2fe9b910cf3cbf4a0ab98a02ba45b3ec>@@$$QAV<lambda_ae55bdf541ad94d75914d381c370e64d>@@@Z 00417b4a f i libucrt:close.obj
 0001:00016bcc       ??$__acrt_lowio_lock_fh_and_call@V<lambda_2fe9b910cf3cbf4a0ab98a02ba45b3ec>@@@@YAHH$$QAV<lambda_2fe9b910cf3cbf4a0ab98a02ba45b3ec>@@@Z 00417bcc f i libucrt:close.obj
 0001:00016bf4       __close                    00417bf4 f   libucrt:close.obj
 0001:00016c73       __close_nolock             00417c73 f   libucrt:close.obj
 0001:00016d0f       ?__acrt_stdio_free_stream@@YAXV__crt_stdio_stream@@@Z 00417d0f f   libucrt:stream.obj
 0001:00016ecd       __lseeki64                 00417ecd f   libucrt:lseek.obj
 0001:00016ee8       __lseeki64_nolock          00417ee8 f   libucrt:lseek.obj
 0001:00016f03       __putwch_nolock            00417f03 f   libucrt:putwch.obj
 0001:00016f48       ___strncnt                 00417f48 f   libucrt:strncnt.obj
 0001:00016f64       _fegetenv                  00417f64 f   libucrt:fegetenv.obj
 0001:00016f81       _fesetenv                  00417f81 f   libucrt:fesetenv.obj
 0001:00016fca       _feholdexcept              00417fca f   libucrt:feholdexcept.obj
 0001:00017020       _log10                     00418020 f   libucrt:log10.obj
 0001:00017060       __CIlog10                  00418060 f   libucrt:log10.obj
 0001:0001709b       __CIlog10_default          0041809b f   libucrt:log10.obj
 0001:000170af       __log10_default            004180af     libucrt:log10.obj
 0001:00017170       _ceil                      00418170 f   libucrt:ceil_pentium4.obj
 0001:000171b0       __ceil_pentium4            004181b0 f   libucrt:ceil_pentium4.obj
 0001:0001728d       ___acrt_stdio_allocate_buffer_nolock 0041828d f   libucrt:_getbuf.obj
 0001:000172ea       __strnicmp                 004182ea f   libucrt:strnicmp.obj
 0001:00017356       __strnicmp_l               00418356 f   libucrt:strnicmp.obj
 0001:000176b5       ___acrt_CompareStringA     004186b5 f   libucrt:comparestringa.obj
 0001:000176fd       ___dcrt_lowio_initialize_console_output 004186fd f   libucrt:initcon.obj
 0001:0001771c       ___dcrt_terminate_console_output 0041871c f   libucrt:initcon.obj
 0001:000179d6       __getfpcontrolword         004189d6 f   libucrt:_fenvutils.obj
 0001:00017a19       __getfpstatusword          00418a19 f   libucrt:_fenvutils.obj
 0001:00017ac1       __setfpcontrolword         00418ac1 f   libucrt:_fenvutils.obj
 0001:00017b41       __setfpstatusword          00418b41 f   libucrt:_fenvutils.obj
 0001:00017bc1       ___acrt_initialize_sse2    00418bc1 f   libucrt:mathfcns.obj
 0001:00017bd0       __CIlog10_pentium4         00418bd0 f   libucrt:log10_pentium4.obj
 0001:00017be8       __log10_pentium4           00418be8     libucrt:log10_pentium4.obj
 0001:00017e71       __fFEXP                    00418e71     libucrt:87tran.obj
 0001:00017ec8       __rtinfpopse               00418ec8     libucrt:87tran.obj
 0001:00017eca       __rtinfnpopse              00418eca     libucrt:87tran.obj
 0001:00017eda       __fFLN                     00418eda     libucrt:87tran.obj
 0001:00017f8f       __rtinfpop                 00418f8f     libucrt:87tran.obj
 0001:00017f91       __rtinfnpop                00418f91     libucrt:87tran.obj
 0001:00017fae       __ffexpm1                  00418fae     libucrt:87tran.obj
 0001:00018060       __trandisp1                00419060 f   libucrt:87disp.obj
 0001:000180c7       __trandisp2                004190c7 f   libucrt:87disp.obj
 0001:00018153       __rttospopde               00419153     libucrt:87disp.obj
 0001:00018158       __rttospop                 00419158     libucrt:87disp.obj
 0001:0001815a       __rtnospop                 0041915a     libucrt:87disp.obj
 0001:0001815c       __rttosnpop                0041915c     libucrt:87disp.obj
 0001:0001815d       __rtnospopde               0041915d     libucrt:87disp.obj
 0001:00018164       __rtzeropop                00419164     libucrt:87disp.obj
 0001:00018166       __rtzeronpop               00419166     libucrt:87disp.obj
 0001:0001816b       __rtzerospop               0041916b     libucrt:87disp.obj
 0001:00018178       __rtonepop                 00419178     libucrt:87disp.obj
 0001:0001817a       __rtonenpop                0041917a     libucrt:87disp.obj
 0001:0001817f       __tosnan1                  0041917f     libucrt:87disp.obj
 0001:000181aa       __nosnan2                  004191aa     libucrt:87disp.obj
 0001:000181ac       __tosnan2                  004191ac     libucrt:87disp.obj
 0001:000181d4       __nan2                     004191d4     libucrt:87disp.obj
[...]
 0003:00000540       $SG19680                   00424540     Rtt32:Rtmapmem.obj
 0003:000006a8       _KEYIRQ                    004246a8     Rtt32:Keybrd.obj
 0003:000006ac       _L                         004246ac     Rtt32:Keybrd.obj
 0003:000006b0       _AllLs                     004246b0     Rtt32:Keybrd.obj
 0003:00000710       ?__vcrt_flsindex@@3KA      00424710     libvcruntime:per_thread_data.obj
 0003:000007e4       _errno_no_memory           004247e4     libucrt:errno.obj
 0003:000007e8       _doserrno_no_memory        004247e8     libucrt:errno.obj
 0003:00000820       ___acrt_flsindex           00424820     libucrt:per_thread_data.obj
 0003:000008f0       __mbctypes                 004248f0     libucrt:mbctype.obj
 0003:000009f8       __mbcasemaps               004249f8     libucrt:mbctype.obj
 0003:00000af8       ___rgctypeflag             00424af8     libucrt:mbctype.obj
 0003:00000b00       ___rgcode_page_info        00424b00     libucrt:mbctype.obj
 0003:00000e6c       ?__DAZ_ENABLED@?1??__set_fpsr_sse2@@9@9 00424e6c     libucrt:fpctrl.obj
 0003:00000e80       $SG19474                   00424e80     Rtt32:Ispfp.obj
 0003:00000e90       _UnhandledHandler          00424e90     Rtt32:Except.obj
 0003:00000e94       $SG19491                   00424e94     Rtt32:Except.obj
 0003:00000ec4       $SG19492                   00424ec4     Rtt32:Except.obj
 0003:00000ecc       _Str2                      00424ecc     Rtt32:Wchar.obj
 0003:00000ed0       _CurrentCodePage           00424ed0     Rtt32:Wchar.obj
 0003:00000ed4       _UnicodeMap                00424ed4     Rtt32:Wchar.obj
 0003:00000ed8       $SG19827                   00424ed8     Rtt32:Wchar.obj
 0003:00000ef8       AllocFlags                 00424ef8     Rtt32:Tls.obj
 0003:00000f20       _Lock                      00424f20     Rtt32:Loadl.obj
 0003:00000f30       $SG19450                   00424f30     Rtt32:Loadl.obj
 0003:00000f40       $SG19520                   00424f40     Rtt32:Loadl.obj
 0003:00000f6c       $SG19529                   00424f6c     Rtt32:Loadl.obj
 0003:00000fa0       $SG19626                   00424fa0     Rtt32:Loadl.obj
 0003:00000fa8       $SG19577                   00424fa8     Rtt32:Loadl.obj
 0003:00000fb8       $SG19578                   00424fb8     Rtt32:Loadl.obj
 0003:00000fc4       $SG19579                   00424fc4     Rtt32:Loadl.obj
 0003:00000fd4       $SG19580                   00424fd4     Rtt32:Loadl.obj
 0003:00000fe8       $SG19581                   00424fe8     Rtt32:Loadl.obj
 0003:00000ff4       $SG19582                   00424ff4     Rtt32:Loadl.obj
 0003:00001004       $SG19583                   00425004     Rtt32:Loadl.obj
 0003:00001014       $SG19584                   00425014     Rtt32:Loadl.obj
 0003:00001028       $SG20065                   00425028     Rtt32:Loadl.obj
 0003:0000104c       $SG20066                   0042504c     Rtt32:Loadl.obj
 0003:00001050       $SG19683                   00425050     Rtt32:Loadl.obj
 0003:0000106c       $SG19688                   0042506c     Rtt32:Loadl.obj
 0003:00001088       $SG19693                   00425088     Rtt32:Loadl.obj
 0003:000010a4       $SG19702                   004250a4     Rtt32:Loadl.obj
 0003:000010c0       $SG19725                   004250c0     Rtt32:Loadl.obj
 0003:000010e4       $SG19737                   004250e4     Rtt32:Loadl.obj
 0003:00001100       $SG19783                   00425100     Rtt32:Loadl.obj
 0003:00001120       $SG19852                   00425120     Rtt32:Loadl.obj
 0003:00001144       $SG19854                   00425144     Rtt32:Loadl.obj
 0003:00001148       $SG19872                   00425148     Rtt32:Loadl.obj
 0003:00001168       $SG19874                   00425168     Rtt32:Loadl.obj
 0003:0000116c       $SG19878                   0042516c     Rtt32:Loadl.obj
 0003:00001170       $SG19964                   00425170     Rtt32:Loadl.obj
 0003:00001174       $SG19971                   00425174     Rtt32:Loadl.obj
 0003:0000117c       $SG19995                   0042517c     Rtt32:Loadl.obj
 0003:00001184       $SG19996                   00425184     Rtt32:Loadl.obj
 0003:00001190       $SG19938                   00425190     Rtt32:Loadl.obj
 0003:00001194       $SG19941                   00425194     Rtt32:Loadl.obj
 0003:0000119c       $SG19944                   0042519c     Rtt32:Loadl.obj
 0003:000011a8       $SG20159                   004251a8     Rtt32:Loadl.obj
 0003:000011b8       $SG20163                   004251b8     Rtt32:Loadl.obj
 0003:000011d4       $SG20167                   004251d4     Rtt32:Loadl.obj
 0003:000011e4       $SG20171                   004251e4     Rtt32:Loadl.obj
 0003:000011f4       $SG20176                   004251f4     Rtt32:Loadl.obj
 0003:0000121c       $SG20177                   0042521c     Rtt32:Loadl.obj
 0003:0000122c       $SG20178                   0042522c     Rtt32:Loadl.obj
 0003:0000124c       $SG20208                   0042524c     Rtt32:Loadl.obj
 0003:00001268       $SG20211                   00425268     Rtt32:Loadl.obj
 0003:00001274       $SG20214                   00425274     Rtt32:Loadl.obj
 0003:0000127c       $SG20217                   0042527c     Rtt32:Loadl.obj
 0003:00001288       $SG20220                   00425288     Rtt32:Loadl.obj
 0003:00001294       $SG20223                   00425294     Rtt32:Loadl.obj
 0003:000012a4       $SG20226                   004252a4     Rtt32:Loadl.obj
 0003:000012b8       $SG20229                   004252b8     Rtt32:Loadl.obj
 0003:000012c4       $SG20232                   004252c4     Rtt32:Loadl.obj
 0003:000012d8       $SG20235                   004252d8     Rtt32:Loadl.obj
 0003:000012e8       $SG20238                   004252e8     Rtt32:Loadl.obj
 0003:000012f8       $SG20241                   004252f8     Rtt32:Loadl.obj
 0003:00001308       $SG20244                   00425308     Rtt32:Loadl.obj
 0003:00001314       $SG20247                   00425314     Rtt32:Loadl.obj
 0003:00001334       _NextType                  00425334     Rtt32:Handles.obj
 0003:00001338       $SG19468                   00425338     Rtt32:Handles.obj
 0003:00001350       $SG19490                   00425350     Rtt32:Handles.obj
 0003:0000136c       $SG19503                   0042536c     Rtt32:Handles.obj
 0003:00001380       $SG19590                   00425380     Rtt32:Handles.obj
 0003:00001388       $SG19595                   00425388     Rtt32:Handles.obj
 0003:00001390       $SG19529                   00425390     Rtt32:Lcid.obj
 0003:000013a4       $SG19505                   004253a4     Rtt32:Files.obj
 0003:000013a8       $SG19508                   004253a8     Rtt32:Files.obj
 0003:000013b0       $SG19509                   004253b0     Rtt32:Files.obj
 0003:000013b8       $SG19512                   004253b8     Rtt32:Files.obj
 0003:000013bc       $SG19515                   004253bc     Rtt32:Files.obj
 0003:000013c0       $SG19517                   004253c0     Rtt32:Files.obj
 0003:000013c4       $SG19519                   004253c4     Rtt32:Files.obj
 0003:000013c8       $SG19521                   004253c8     Rtt32:Files.obj
 0003:000013d0       $SG19523                   004253d0     Rtt32:Files.obj
 0003:000013dc       $SG19525                   004253dc     Rtt32:Files.obj
 0003:000013e0       $SG19527                   004253e0     Rtt32:Files.obj
 0003:000013e4       $SG19529                   004253e4     Rtt32:Files.obj
 0003:000013f4       $SG19531                   004253f4     Rtt32:Files.obj
 0003:000013f8       _DayShort                  004253f8     Rtt32:Getdatef.obj
 0003:00001414       _DayLong                   00425414     Rtt32:Getdatef.obj
 0003:00001430       _MonthShort                00425430     Rtt32:Getdatef.obj
 0003:00001460       _MonthLong                 00425460     Rtt32:Getdatef.obj
 0003:00001490       _DefaultFormatD            00425490     Rtt32:Getdatef.obj
 0003:00001494       _DefaultFormatT            00425494     Rtt32:Getdatef.obj
 0003:00001498       $SG19440                   00425498     Rtt32:Getdatef.obj
 0003:0000149c       $SG19441                   0042549c     Rtt32:Getdatef.obj
 0003:000014a0       $SG19442                   004254a0     Rtt32:Getdatef.obj
 0003:000014a4       $SG19443                   004254a4     Rtt32:Getdatef.obj
 0003:000014a8       $SG19444                   004254a8     Rtt32:Getdatef.obj
 0003:000014ac       $SG19445                   004254ac     Rtt32:Getdatef.obj
 0003:000014b0       $SG19446                   004254b0     Rtt32:Getdatef.obj
 0003:000014b4       $SG19448                   004254b4     Rtt32:Getdatef.obj
 0003:000014bc       $SG19449                   004254bc     Rtt32:Getdatef.obj
 0003:000014c4       $SG19450                   004254c4     Rtt32:Getdatef.obj
 0003:000014cc       $SG19451                   004254cc     Rtt32:Getdatef.obj
 0003:000014d8       $SG19452                   004254d8     Rtt32:Getdatef.obj
 0003:000014e4       $SG19453                   004254e4     Rtt32:Getdatef.obj
 0003:000014ec       $SG19454                   004254ec     Rtt32:Getdatef.obj
 0003:000014f8       $SG19456                   004254f8     Rtt32:Getdatef.obj
 0003:000014fc       $SG19457                   004254fc     Rtt32:Getdatef.obj
 0003:00001500       $SG19458                   00425500     Rtt32:Getdatef.obj
 0003:00001504       $SG19459                   00425504     Rtt32:Getdatef.obj
 0003:00001508       $SG19460                   00425508     Rtt32:Getdatef.obj
 0003:0000150c       $SG19461                   0042550c     Rtt32:Getdatef.obj
 0003:00001510       $SG19462                   00425510     Rtt32:Getdatef.obj
 0003:00001514       $SG19463                   00425514     Rtt32:Getdatef.obj
 0003:00001518       $SG19464                   00425518     Rtt32:Getdatef.obj
 0003:0000151c       $SG19465                   0042551c     Rtt32:Getdatef.obj
 0003:00001520       $SG19466                   00425520     Rtt32:Getdatef.obj
 0003:00001524       $SG19467                   00425524     Rtt32:Getdatef.obj
 0003:00001528       $SG19469                   00425528     Rtt32:Getdatef.obj
 0003:00001530       $SG19470                   00425530     Rtt32:Getdatef.obj
 0003:0000153c       $SG19471                   0042553c     Rtt32:Getdatef.obj
 0003:00001544       $SG19472                   00425544     Rtt32:Getdatef.obj
 0003:0000154c       $SG19473                   0042554c     Rtt32:Getdatef.obj
 0003:00001550       $SG19474                   00425550     Rtt32:Getdatef.obj
 0003:00001558       $SG19475                   00425558     Rtt32:Getdatef.obj
 0003:00001560       $SG19476                   00425560     Rtt32:Getdatef.obj
 0003:00001568       $SG19477                   00425568     Rtt32:Getdatef.obj
 0003:00001574       $SG19478                   00425574     Rtt32:Getdatef.obj
 0003:0000157c       $SG19479                   0042557c     Rtt32:Getdatef.obj
 0003:00001588       $SG19480                   00425588     Rtt32:Getdatef.obj
 0003:00001594       $SG19483                   00425594     Rtt32:Getdatef.obj
 0003:000015a0       $SG19485                   004255a0     Rtt32:Getdatef.obj
 0003:000015d0       _ada_cth                   004255d0     Rtt32:System.obj
 0003:000015e4       _ExitHandler               004255e4     Rtt32:System.obj
 0003:000015e8       _Files                     004255e8     Rtt32:Ramfiles.obj
 0003:000016a8       _RAMFileRoot               004256a8     Rtt32:Ramfiles.obj
 0003:000016b0       _Lock                      004256b0     Rtt32:Ramfiles.obj
 0003:000016c8       _Drive                     004256c8     Rtt32:Ramfiles.obj
 0003:00001708       _MI                        00425708     Rtt32:Screen.obj
 0003:0000170c       _PixelsPerScanLine         0042570c     Rtt32:Screen.obj
 0003:00001710       _FrameBuffer               00425710     Rtt32:Screen.obj
 0003:00001720       _ColOfs                    00425720     Rtt32:Screen.obj
 0003:00001724       _RowOfs                    00425724     Rtt32:Screen.obj
 0003:00001730       _PhysMemHeap               00425730     Rtt32:Heap.obj
 0003:00001738       _LastTimeUpdate            00425738     Rtt32:Systime.obj
 0003:00001740       _TimeLock                  00425740     Rtt32:Systime.obj
 0003:00001758       _PortType                  00425758     Rtt32:Pport.obj
 0003:00001768       _Events                    00425768     Rtt32:Conin.obj
 0003:00001c78       _IsInit                    00425c78     Rtt32:Conout.obj
 0003:00001c7c       _ShadowVideoRAM            00425c7c     Rtt32:Conout.obj
 0003:00001c84       _CrtBase                   00425c84     Rtt32:Conout.obj
 0003:00001c88       _BiosData                  00425c88     Rtt32:Biosdata.obj
 0003:00002150       _IsInit                    00426150     Rtt32:Biosdata.obj
 0003:00002158       _Lock                      00426158     Rtt32:Valloc.obj
 0003:00002170       _SmallBlockWaterMark       00426170     Rtt32:Valloc.obj
 0003:00002174       _LargeBlockWaterMark       00426174     Rtt32:Valloc.obj
 0003:00002178       _FreePhysWaterMark         00426178     Rtt32:Valloc.obj
 0003:0000217c       _?OrgAccess@?1??_rttAccessPageTable@@9@9 0042617c     Rtt32:Mapping.obj
 0003:00002180       __rttPageTableLimit        00426180     Rtt32:Mapping.obj
 0003:00002184       __rttNextPage              00426184     Rtt32:Mapping.obj
 0003:00002188       _?ComposeLocale@?N@??RTInsertKeyboardScanCode@@9@9 00426188     Rtt32:Keybrd.obj
 0003:0000218c       _?ComposeValue@?N@??RTInsertKeyboardScanCode@@9@9 0042618c     Rtt32:Keybrd.obj
 0003:00002190       _?Max@?1??SendToKeyboard@@9@9 00426190     Rtt32:Keybrd.obj
 0003:00002194       _?LastScanCode@?1??RTInsertKeyboardScanCode@@9@9 00426194     Rtt32:Keybrd.obj
 0003:00002195       _?GlobalEnhanced@?1??RTInsertKeyboardScanCode@@9@9 00426195     Rtt32:Keybrd.obj
 0003:00002196       _?CombineKey@?BB@??RTInsertKeyboardScanCode@@9@9 00426196     Rtt32:Keybrd.obj
 0003:00002198       _?Max2@?1??SendToKeyboard@@9@9 00426198     Rtt32:Keybrd.obj
 0003:0000219c       _?Max1@?1??SendToKeyboard@@9@9 0042619c     Rtt32:Keybrd.obj
 0003:000021a0       _ScanCodes                 004261a0     Rtt32:Keybrd.obj
 0003:000021cc       _Initialized               004261cc     Rtt32:Keybrd.obj
 0003:000021dc       ?module_local_atexit_table@@3U_onexit_table_t@@A 004261dc     LIBCMT:utility.obj
 0003:000021e8       ?module_local_at_quick_exit_table@@3U_onexit_table_t@@A 004261e8     LIBCMT:utility.obj
 0003:000021f4       ?is_initialized_as_dll@@3_NA 004261f4     LIBCMT:utility.obj
 0003:00002218       _GS_ExceptionRecord        00426218     LIBCMT:gs_report.obj
 0003:00002268       _GS_ContextRecord          00426268     LIBCMT:gs_report.obj
 0003:00002534       ?__vcrt_startup_thread_ptd@@3U__vcrt_ptd@@A 00426534     libvcruntime:per_thread_data.obj
 0003:0000255c       ___vcrt_lock_table         0042655c     libvcruntime:locks.obj
 0003:00002574       ___vcrt_locks_initialized  00426574     libvcruntime:locks.obj
 0003:00002578       ?module_handles@@3PAPAUHINSTANCE__@@A 00426578     libvcruntime:winapi_downlevel.obj
 0003:00002588       ?encoded_function_pointers@@3PAPAXA 00426588     libvcruntime:winapi_downlevel.obj
 0003:000025d8       ?heap@@3V_HeapManager@@A   004265d8     libvcruntime:undname.obj
 0003:000025f8       ___acrt_app_type           004265f8     libucrt:report_runtime_error.obj
 0003:000025fc       _user_matherr              004265fc     libucrt:matherr.obj
 0003:00002600       ?program_name@?5???$common_configure_argv@D@@YAHW4_crt_argv_mode@@@Z@4PADA 00426600     libucrt:argv_parsing.obj
 0003:00002718       _c_termination_complete    00426718     libucrt:exit.obj
 0003:0000271c       _thread_local_exit_callback_func 0042671c     libucrt:exit.obj
 0003:00002720       ?c_exit_complete@?5??common_exit@@YAXHW4_crt_exit_cleanup_mode@@W4_crt_exit_return_mode@@@Z@4_NA 00426720     libucrt:exit.obj
 0003:00002740       ___acrt_global_new_mode    00426740     libucrt:new_mode.obj
 0003:00002760       ___acrt_invalid_parameter_handler 00426760     libucrt:invalid_parameter.obj
 0003:00002768       _module_handles            00426768     libucrt:winapi_thunks.obj
 0003:000027b8       _encoded_function_pointers 004267b8     libucrt:winapi_thunks.obj
 0003:00002834       ?state_cache@?1??__acrt_is_packaged_app@@9@4JA 00426834     libucrt:winapi_thunks.obj
 0003:00002a3c       _enable_percent_n          00426a3c     libucrt:printf_count_output.obj
 0003:00002a58       _fSystemSet                00426a58     libucrt:mbctype.obj
 0003:00002a5c       ?initialized@?1??__acrt_initialize_multibyte@@9@4_NA 00426a5c     libucrt:mbctype.obj
 0003:00002a60       ___acrt_lock_table         00426a60     libucrt:locks.obj
 0003:00002b98       ___acrt_locks_initialized  00426b98     libucrt:locks.obj
 0003:00002bac       ___acrt_new_handler        00426bac     libucrt:new_handler.obj
 0003:00002bb0       _ctrlc_action              00426bb0     libucrt:signal.obj
 0003:00002bb4       _ctrlbreak_action          00426bb4     libucrt:signal.obj
 0003:00002bb8       _abort_action              00426bb8     libucrt:signal.obj
 0003:00002bbc       _term_action               00426bbc     libucrt:signal.obj
 0003:00002bc4       __pmatherr_set             00426bc4     libucrt:libm_error.obj
 0003:00002bc8       _Str1                      00426bc8     Rtt32:Wchar.obj
 0003:00002cd0       _Lock                      00426cd0     Rtt32:Wchar.obj
 0003:00002ce8       _FDa                       00426ce8     Rtt32:Wchar.obj
 0003:00002e28       _RTDLLNames                00426e28     Rtt32:Loadl.obj
 0003:00002f28       _RTDLLTable                00426f28     Rtt32:Loadl.obj
 0003:00003528       _DLLNameTable              00427528     Rtt32:Loadl.obj
 0003:0000352c       _SysModule                 0042752c     Rtt32:Loadl.obj
 0003:00003530       $SG19955                   00427530     Rtt32:Loadl.obj
 0003:00003538       _MaxObjects                00427538     Rtt32:Handles.obj
 0003:00003540       _Lock                      00427540     Rtt32:Handles.obj
 0003:00003558       _DefaultFSystem            00427558     Rtt32:Files.obj
 0004:00000000       __guard_fids____dcrt_uninitialize_environments_nolock 00428000     libucrt:environment_initialization.obj
 0004:00000008       __guard_fids__             00428008     libucrt:initialization.obj
 0004:00000068       __guard_fids__             00428068     libucrt:stdio_initializer.obj
 0004:0000006c       __guard_fids__             0042806c     libucrt:stdio_initializer.obj
 0004:00000070       __guard_fids____acrt_initialize_ptd 00428070     libucrt:per_thread_data.obj
 0004:00000074       __guard_fids_??$expand_argument_wildcards@D@@YAHQAD0AAV?$argument_list@D@?A0x5f5c8891@@@Z 00428074     libucrt:argv_wildcards.obj
 0004:00000078       __guard_fids__             00428078     libucrt:locale_initializer.obj
 0004:0000007c       __guard_fids__             0042807c     libucrt:multibyte_initializer.obj
 0004:00000080       __guard_fids____libm_error_support 00428080     libucrt:libm_error.obj
 0004:00000084       __guard_fids__             00428084     libucrt:console_output_initializer.obj
 0004:00000088       __guard_fids__             00428088     libucrt:sse2_initializer.obj
 0004:0000008c       __guard_fids__             0042808c     LIBCMT:exe_main.obj
 0004:00000090       __guard_fids__             00428090     LIBCMT:exe_main.obj
 0004:00000094       __guard_fids__             00428094     LIBCMT:exe_main.obj
 0004:00000098       __guard_fids_?pre_c_initialization@@YAHXZ 00428098     LIBCMT:exe_main.obj
 0004:000000a0       __guard_fids____scrt_set_unhandled_exception_filter 004280a0     LIBCMT:utility_desktop.obj
 0004:000000a4       __guard_fids__             004280a4     LIBCMT:guard_support.obj
 0004:000000a8       __guard_fids____vcrt_initialize_ptd 004280a8     libvcruntime:per_thread_data.obj
