Archive member included because of file (symbol)

F:\Data_Temp_Ordner\eclipse_prj_v130\stm32f746g-disco_hal_lib\Release\libstm32f746g-disco_hal_lib.a(stm32f7xx_hal.o)
                              src/stm32_ub_system.o (HAL_Init)
F:\Data_Temp_Ordner\eclipse_prj_v130\stm32f746g-disco_hal_lib\Release\libstm32f746g-disco_hal_lib.a(stm32f7xx_hal_adc.o)
                              mmsource/External.o (HAL_ADC_Init)
F:\Data_Temp_Ordner\eclipse_prj_v130\stm32f746g-disco_hal_lib\Release\libstm32f746g-disco_hal_lib.a(stm32f7xx_hal_adc_ex.o)
                              F:\Data_Temp_Ordner\eclipse_prj_v130\stm32f746g-disco_hal_lib\Release\libstm32f746g-disco_hal_lib.a(stm32f7xx_hal_adc.o) (HAL_ADCEx_InjectedConvCpltCallback)
F:\Data_Temp_Ordner\eclipse_prj_v130\stm32f746g-disco_hal_lib\Release\libstm32f746g-disco_hal_lib.a(stm32f7xx_hal_cortex.o)
                              F:\Data_Temp_Ordner\eclipse_prj_v130\stm32f746g-disco_hal_lib\Release\libstm32f746g-disco_hal_lib.a(stm32f7xx_hal.o) (HAL_NVIC_SetPriorityGrouping)
F:\Data_Temp_Ordner\eclipse_prj_v130\stm32f746g-disco_hal_lib\Release\libstm32f746g-disco_hal_lib.a(stm32f7xx_hal_dma.o)
                              mmsource/Audio_F7.o (HAL_DMA_Init)
F:\Data_Temp_Ordner\eclipse_prj_v130\stm32f746g-disco_hal_lib\Release\libstm32f746g-disco_hal_lib.a(stm32f7xx_hal_dma2d.o)
                              src/stmF7_gfx.o (HAL_DMA2D_Init)
F:\Data_Temp_Ordner\eclipse_prj_v130\stm32f746g-disco_hal_lib\Release\libstm32f746g-disco_hal_lib.a(stm32f7xx_hal_gpio.o)
                              usb/usbh_conf.o (HAL_GPIO_Init)
F:\Data_Temp_Ordner\eclipse_prj_v130\stm32f746g-disco_hal_lib\Release\libstm32f746g-disco_hal_lib.a(stm32f7xx_hal_hcd.o)
                              usb/usbh_conf.o (HAL_HCD_HC_Init)
F:\Data_Temp_Ordner\eclipse_prj_v130\stm32f746g-disco_hal_lib\Release\libstm32f746g-disco_hal_lib.a(stm32f7xx_hal_i2c.o)
                              src/stm32_ub_i2c1.o (HAL_I2C_Init)
F:\Data_Temp_Ordner\eclipse_prj_v130\stm32f746g-disco_hal_lib\Release\libstm32f746g-disco_hal_lib.a(stm32f7xx_hal_i2c_ex.o)
                              src/stm32_ub_i2c1.o (HAL_I2CEx_ConfigAnalogFilter)
F:\Data_Temp_Ordner\eclipse_prj_v130\stm32f746g-disco_hal_lib\Release\libstm32f746g-disco_hal_lib.a(stm32f7xx_hal_ltdc.o)
                              src/stm32_ub_lcd_480x272.o (HAL_LTDC_Init)
F:\Data_Temp_Ordner\eclipse_prj_v130\stm32f746g-disco_hal_lib\Release\libstm32f746g-disco_hal_lib.a(stm32f7xx_hal_pwr_ex.o)
                              src/stm32_ub_system.o (HAL_PWREx_EnableOverDrive)
F:\Data_Temp_Ordner\eclipse_prj_v130\stm32f746g-disco_hal_lib\Release\libstm32f746g-disco_hal_lib.a(stm32f7xx_hal_qspi.o)
                              src/stm32_ub_qflash.o (HAL_QSPI_Init)
F:\Data_Temp_Ordner\eclipse_prj_v130\stm32f746g-disco_hal_lib\Release\libstm32f746g-disco_hal_lib.a(stm32f7xx_hal_rcc.o)
                              src/stm32_ub_system.o (HAL_RCC_OscConfig)
F:\Data_Temp_Ordner\eclipse_prj_v130\stm32f746g-disco_hal_lib\Release\libstm32f746g-disco_hal_lib.a(stm32f7xx_hal_rcc_ex.o)
                              src/stm32_ub_i2c1.o (HAL_RCCEx_PeriphCLKConfig)
F:\Data_Temp_Ordner\eclipse_prj_v130\stm32f746g-disco_hal_lib\Release\libstm32f746g-disco_hal_lib.a(stm32f7xx_hal_sai.o)
                              mmsource/Audio_F7.o (HAL_SAI_Init)
F:\Data_Temp_Ordner\eclipse_prj_v130\stm32f746g-disco_hal_lib\Release\libstm32f746g-disco_hal_lib.a(stm32f7xx_hal_sai_ex.o)
                              F:\Data_Temp_Ordner\eclipse_prj_v130\stm32f746g-disco_hal_lib\Release\libstm32f746g-disco_hal_lib.a(stm32f7xx_hal_sai.o) (SAI_BlockSynchroConfig)
F:\Data_Temp_Ordner\eclipse_prj_v130\stm32f746g-disco_hal_lib\Release\libstm32f746g-disco_hal_lib.a(stm32f7xx_hal_sd.o)
                              fatfs/stm32746g_discovery_sd.o (HAL_SD_DeInit)
F:\Data_Temp_Ordner\eclipse_prj_v130\stm32f746g-disco_hal_lib\Release\libstm32f746g-disco_hal_lib.a(stm32f7xx_hal_sdram.o)
                              src/stm32_ub_sdram.o (HAL_SDRAM_Init)
F:\Data_Temp_Ordner\eclipse_prj_v130\stm32f746g-disco_hal_lib\Release\libstm32f746g-disco_hal_lib.a(stm32f7xx_hal_spi.o)
                              src/stm32_ub_spi.o (HAL_SPI_Init)
F:\Data_Temp_Ordner\eclipse_prj_v130\stm32f746g-disco_hal_lib\Release\libstm32f746g-disco_hal_lib.a(stm32f7xx_hal_tim.o)
                              src/main.o (HAL_TIM_Base_Init)
F:\Data_Temp_Ordner\eclipse_prj_v130\stm32f746g-disco_hal_lib\Release\libstm32f746g-disco_hal_lib.a(stm32f7xx_hal_tim_ex.o)
                              F:\Data_Temp_Ordner\eclipse_prj_v130\stm32f746g-disco_hal_lib\Release\libstm32f746g-disco_hal_lib.a(stm32f7xx_hal_tim.o) (TIMEx_DMACommutationCplt)
F:\Data_Temp_Ordner\eclipse_prj_v130\stm32f746g-disco_hal_lib\Release\libstm32f746g-disco_hal_lib.a(stm32f7xx_hal_uart.o)
                              src/stm32_ub_uart.o (HAL_UART_Transmit)
[...]
Memory Configuration

Name             Origin             Length             Attributes
FLASH            0x08000000         0x00100000         xr
RAM              0x20000000         0x00030000         xrw
MM_RAM           0x20030000         0x00020000         xrw
SDR_3DOBJ        0xc0496294         0x00100000         xrw
SDR_POLYGON      0xc0596294         0x0000c800         xrw
*default*        0x00000000         0xffffffff

Linker script and memory map

LOAD e:/prg/ac6/plugins/fr.ac6.mcu.externaltools.arm-none.win32_1.3.0.201507241045/tools/compiler/bin/../lib/gcc/arm-none-eabi/4.9.3/cortex-m7/fpu/fpv5-sp-d16/crti.o
LOAD e:/prg/ac6/plugins/fr.ac6.mcu.externaltools.arm-none.win32_1.3.0.201507241045/tools/compiler/bin/../lib/gcc/arm-none-eabi/4.9.3/cortex-m7/fpu/fpv5-sp-d16/crtbegin.o
LOAD e:/prg/ac6/plugins/fr.ac6.mcu.externaltools.arm-none.win32_1.3.0.201507241045/tools/compiler/bin/../lib/gcc/arm-none-eabi/4.9.3/../../../../arm-none-eabi/lib/cortex-m7/fpu/fpv5-sp-d16/crt0.o
LOAD e:/prg/ac6/plugins/fr.ac6.mcu.externaltools.arm-none.win32_1.3.0.201507241045/tools/compiler/bin/../lib/gcc/arm-none-eabi/4.9.3/../../../../arm-none-eabi/lib/cortex-m7/fpu/fpv5-sp-d16\libm.a
LOAD usb/usbh_conf.o
LOAD usb/usbh_core.o
LOAD usb/usbh_ctlreq.o
LOAD usb/usbh_hid.o
LOAD usb/usbh_hid_keybd.o
LOAD usb/usbh_hid_mouse.o
LOAD usb/usbh_hid_parser.o
LOAD usb/usbh_ioreq.o
LOAD usb/usbh_msc.o
LOAD usb/usbh_msc_bot.o
LOAD usb/usbh_msc_scsi.o
LOAD usb/usbh_pipes.o
LOAD startup/startup_stm32f746xx.o
LOAD src/lib3d.o
LOAD src/main.o
LOAD src/stm32_ub_fatfs.o
LOAD src/stm32_ub_font.o
LOAD src/stm32_ub_i2c1.o
LOAD src/stm32_ub_i2c3.o
LOAD src/stm32_ub_jpg.o
LOAD src/stm32_ub_lcd_480x272.o
LOAD src/stm32_ub_led.o
LOAD src/stm32_ub_mpu6050.o
LOAD src/stm32_ub_qflash.o
LOAD src/stm32_ub_sdram.o
LOAD src/stm32_ub_spi.o
LOAD src/stm32_ub_system.o
LOAD src/stm32_ub_touch_480x272.o
LOAD src/stm32_ub_uart.o
LOAD src/stm32_ub_usb_hid_host.o
LOAD src/stm32_ub_usb_msc_host.o
LOAD src/stm32f7_keyboard.o
LOAD src/stm32f7_random.o
LOAD src/stm32f7xx_it.o
LOAD src/stmF7_gfx.o
LOAD src/syscalls.o
LOAD src/system_stm32f7xx.o
LOAD src/wm8994.o
LOAD mmsource/Audio_F7.o
LOAD mmsource/DrawChar.o
LOAD mmsource/Editor.o
LOAD mmsource/External.o
LOAD mmsource/Files.o
LOAD mmsource/Graphics.o
LOAD mmsource/I2C_F7.o
LOAD mmsource/MM_Misc.o
LOAD mmsource/Memory.o
LOAD mmsource/Touch_F7.o
LOAD mmsource/Video.o
LOAD mmsource/serial.o
LOAD mmbasic/Commands.o
LOAD mmbasic/Custom.o
LOAD mmbasic/Functions.o
LOAD mmbasic/MMBasic.o
LOAD mmbasic/Operators.o
LOAD inc/pic/logo.o
LOAD inc/font/ub_font_arial_10x15_bold.o
LOAD inc/font/ub_font_arial_8x13_bold.o
LOAD inc/font/ub_font_c64_8x8.o
LOAD fatfs/diskio.o
LOAD fatfs/ff.o
LOAD fatfs/ff_gen_drv.o
LOAD fatfs/sd_diskio.o
LOAD fatfs/stm32746g_discovery_sd.o
LOAD fatfs/usbh_diskio.o
LOAD F:\Data_Temp_Ordner\eclipse_prj_v130\stm32f746g-disco_hal_lib\Release\libstm32f746g-disco_hal_lib.a
START GROUP
LOAD e:/prg/ac6/plugins/fr.ac6.mcu.externaltools.arm-none.win32_1.3.0.201507241045/tools/compiler/bin/../lib/gcc/arm-none-eabi/4.9.3/cortex-m7/fpu/fpv5-sp-d16\libgcc.a
LOAD e:/prg/ac6/plugins/fr.ac6.mcu.externaltools.arm-none.win32_1.3.0.201507241045/tools/compiler/bin/../lib/gcc/arm-none-eabi/4.9.3/../../../../arm-none-eabi/lib/cortex-m7/fpu/fpv5-sp-d16\libc.a
END GROUP
LOAD e:/prg/ac6/plugins/fr.ac6.mcu.externaltools.arm-none.win32_1.3.0.201507241045/tools/compiler/bin/../lib/gcc/arm-none-eabi/4.9.3/cortex-m7/fpu/fpv5-sp-d16/crtend.o
LOAD e:/prg/ac6/plugins/fr.ac6.mcu.externaltools.arm-none.win32_1.3.0.201507241045/tools/compiler/bin/../lib/gcc/arm-none-eabi/4.9.3/cortex-m7/fpu/fpv5-sp-d16/crtn.o
                0x20050000                _estack = 0x20050000
                0x00000200                _Min_Heap_Size_F7 = 0x200
                0x00000400                _Min_Stack_Size_F7 = 0x400
                0x00000000                _min_heap_size = 0x0
                0x00001800                _min_stack_size = 0x1800

.isr_vector     0x08000000      0x1c8
                0x08000000                . = ALIGN (0x4)
 *(.isr_vector)
 .isr_vector    0x08000000      0x1c8 startup/startup_stm32f746xx.o
                0x08000000                g_pfnVectors
                0x080001c8                . = ALIGN (0x4)

.text           0x080001e0    0x3f9e4
                0x080001e0                . = ALIGN (0x4)
 *(.text)
 .text          0x080001e0       0x5c e:/prg/ac6/plugins/fr.ac6.mcu.externaltools.arm-none.win32_1.3.0.201507241045/tools/compiler/bin/../lib/gcc/arm-none-eabi/4.9.3/cortex-m7/fpu/fpv5-sp-d16/crtbegin.o
 .text          0x0800023c      0x370 e:/prg/ac6/plugins/fr.ac6.mcu.externaltools.arm-none.win32_1.3.0.201507241045/tools/compiler/bin/../lib/gcc/arm-none-eabi/4.9.3/cortex-m7/fpu/fpv5-sp-d16\libgcc.a(_arm_addsubdf3.o)
                0x0800023c                __aeabi_drsub
                0x08000244                __aeabi_dsub
                0x08000244                __subdf3
                0x08000248                __aeabi_dadd
                0x08000248                __adddf3
                0x080004c0                __floatunsidf
                0x080004c0                __aeabi_ui2d
                0x080004e0                __floatsidf
                0x080004e0                __aeabi_i2d
                0x08000504                __aeabi_f2d
                0x08000504                __extendsfdf2
                0x08000540                __floatundidf
                0x08000540                __aeabi_ul2d
                0x08000550                __floatdidf
                0x08000550                __aeabi_l2d
 .text          0x080005ac      0x424 e:/prg/ac6/plugins/fr.ac6.mcu.externaltools.arm-none.win32_1.3.0.201507241045/tools/compiler/bin/../lib/gcc/arm-none-eabi/4.9.3/cortex-m7/fpu/fpv5-sp-d16\libgcc.a(_arm_muldivdf3.o)
                0x080005ac                __aeabi_dmul
                0x080005ac                __muldf3
                0x08000800                __divdf3
                0x08000800                __aeabi_ddiv
 .text          0x080009d0      0x110 e:/prg/ac6/plugins/fr.ac6.mcu.externaltools.arm-none.win32_1.3.0.201507241045/tools/compiler/bin/../lib/gcc/arm-none-eabi/4.9.3/cortex-m7/fpu/fpv5-sp-d16\libgcc.a(_arm_cmpdf2.o)
                0x080009d0                __gtdf2
                0x080009d0                __gedf2
                0x080009d8                __ltdf2
                0x080009d8                __ledf2
                0x080009e0                __nedf2
                0x080009e0                __eqdf2
                0x080009e0                __cmpdf2
                0x08000a5c                __aeabi_cdrcmple
                0x08000a6c                __aeabi_cdcmpeq
                0x08000a6c                __aeabi_cdcmple
                0x08000a7c                __aeabi_dcmpeq
                0x08000a90                __aeabi_dcmplt
                0x08000aa4                __aeabi_dcmple
                0x08000ab8                __aeabi_dcmpge
                0x08000acc                __aeabi_dcmpgt
 .text          0x08000ae0       0x50 e:/prg/ac6/plugins/fr.ac6.mcu.externaltools.arm-none.win32_1.3.0.201507241045/tools/compiler/bin/../lib/gcc/arm-none-eabi/4.9.3/cortex-m7/fpu/fpv5-sp-d16\libgcc.a(_arm_fixdfsi.o)
                0x08000ae0                __aeabi_d2iz
                0x08000ae0                __fixdfsi
 .text          0x08000b30       0xa0 e:/prg/ac6/plugins/fr.ac6.mcu.externaltools.arm-none.win32_1.3.0.201507241045/tools/compiler/bin/../lib/gcc/arm-none-eabi/4.9.3/cortex-m7/fpu/fpv5-sp-d16\libgcc.a(_arm_truncdfsf2.o)
                0x08000b30                __truncdfsf2
                0x08000b30                __aeabi_d2f
 .text          0x08000bd0      0x134 e:/prg/ac6/plugins/fr.ac6.mcu.externaltools.arm-none.win32_1.3.0.201507241045/tools/compiler/bin/../lib/gcc/arm-none-eabi/4.9.3/../../../../arm-none-eabi/lib/cortex-m7/fpu/fpv5-sp-d16\libc.a(lib_a-memcpy.o)
                0x08000bd0                memcpy
 .text          0x08000d04       0x1c e:/prg/ac6/plugins/fr.ac6.mcu.externaltools.arm-none.win32_1.3.0.201507241045/tools/compiler/bin/../lib/gcc/arm-none-eabi/4.9.3/../../../../arm-none-eabi/lib/cortex-m7/fpu/fpv5-sp-d16\libc.a(lib_a-setjmp.o)
                0x08000d04                setjmp
                0x08000d10                longjmp
 .text          0x08000d20      0x2e0 e:/prg/ac6/plugins/fr.ac6.mcu.externaltools.arm-none.win32_1.3.0.201507241045/tools/compiler/bin/../lib/gcc/arm-none-eabi/4.9.3/../../../../arm-none-eabi/lib/cortex-m7/fpu/fpv5-sp-d16\libc.a(lib_a-strcmp.o)
                0x08000d28                strcmp
 .text          0x08001000       0x40 e:/prg/ac6/plugins/fr.ac6.mcu.externaltools.arm-none.win32_1.3.0.201507241045/tools/compiler/bin/../lib/gcc/arm-none-eabi/4.9.3/cortex-m7/fpu/fpv5-sp-d16\libgcc.a(_arm_fixunsdfsi.o)
                0x08001000                __aeabi_d2uiz
                0x08001000                __fixunsdfsi
 .text          0x08001040       0x30 e:/prg/ac6/plugins/fr.ac6.mcu.externaltools.arm-none.win32_1.3.0.201507241045/tools/compiler/bin/../lib/gcc/arm-none-eabi/4.9.3/cortex-m7/fpu/fpv5-sp-d16\libgcc.a(_aeabi_uldivmod.o)
                0x08001040                __aeabi_uldivmod
 .text          0x08001070       0x60 e:/prg/ac6/plugins/fr.ac6.mcu.externaltools.arm-none.win32_1.3.0.201507241045/tools/compiler/bin/../lib/gcc/arm-none-eabi/4.9.3/cortex-m7/fpu/fpv5-sp-d16\libgcc.a(bpabi.o)
                0x08001070                __gnu_ldivmod_helper
                0x080010a0                __gnu_uldivmod_helper
 .text          0x080010d0        0x4 e:/prg/ac6/plugins/fr.ac6.mcu.externaltools.arm-none.win32_1.3.0.201507241045/tools/compiler/bin/../lib/gcc/arm-none-eabi/4.9.3/cortex-m7/fpu/fpv5-sp-d16\libgcc.a(_dvmd_tls.o)
                0x080010d0                __aeabi_idiv0
                0x080010d0                __aeabi_ldiv0
 .text          0x080010d4      0x284 e:/prg/ac6/plugins/fr.ac6.mcu.externaltools.arm-none.win32_1.3.0.201507241045/tools/compiler/bin/../lib/gcc/arm-none-eabi/4.9.3/cortex-m7/fpu/fpv5-sp-d16\libgcc.a(_divdi3.o)
                0x080010d4                __divdi3
 .text          0x08001358      0x248 e:/prg/ac6/plugins/fr.ac6.mcu.externaltools.arm-none.win32_1.3.0.201507241045/tools/compiler/bin/../lib/gcc/arm-none-eabi/4.9.3/cortex-m7/fpu/fpv5-sp-d16\libgcc.a(_udivdi3.o)
                0x08001358                __udivdi3
 *(.text*)
 .text.HAL_HCD_MspInit
                0x080015a0      0x1f0 usb/usbh_conf.o
                0x080015a0                HAL_HCD_MspInit
 .text.HAL_HCD_SOF_Callback
                0x08001790        0x8 usb/usbh_conf.o
                0x08001790                HAL_HCD_SOF_Callback
 .text.HAL_HCD_Connect_Callback
                0x08001798       0x14 usb/usbh_conf.o
                0x08001798                HAL_HCD_Connect_Callback
 .text.HAL_HCD_Disconnect_Callback
                0x080017ac        0x8 usb/usbh_conf.o
                0x080017ac                HAL_HCD_Disconnect_Callback
 .text.HAL_HCD_HC_NotifyURBChange_Callback
                0x080017b4        0x4 usb/usbh_conf.o
                0x080017b4                HAL_HCD_HC_NotifyURBChange_Callback
 .text.USBH_LL_Init
                0x080017b8       0x9c usb/usbh_conf.o
                0x080017b8                USBH_LL_Init
 .text.USBH_LL_Start
                0x08001854       0x10 usb/usbh_conf.o
                0x08001854                USBH_LL_Start
 .text.USBH_LL_Stop
                0x08001864       0x10 usb/usbh_conf.o
                0x08001864                USBH_LL_Stop
 .text.USBH_LL_GetSpeed
                0x08001874       0x1c usb/usbh_conf.o
                0x08001874                USBH_LL_GetSpeed
 .text.USBH_LL_ResetPort
                0x08001890       0x10 usb/usbh_conf.o
                0x08001890                USBH_LL_ResetPort
 .text.USBH_LL_GetLastXferSize
                0x080018a0        0x8 usb/usbh_conf.o
                0x080018a0                USBH_LL_GetLastXferSize
 .text.USBH_LL_OpenPipe
                0x080018a8       0x24 usb/usbh_conf.o
                0x080018a8                USBH_LL_OpenPipe
 .text.USBH_LL_ClosePipe
                0x080018cc       0x10 usb/usbh_conf.o
                0x080018cc                USBH_LL_ClosePipe
 .text.USBH_LL_SubmitURB
                0x080018dc       0x28 usb/usbh_conf.o
                0x080018dc                USBH_LL_SubmitURB
 .text.USBH_LL_GetURBState
                0x08001904        0x8 usb/usbh_conf.o
                0x08001904                USBH_LL_GetURBState
 .text.USBH_LL_DriverVBUS
                0x0800190c       0x30 usb/usbh_conf.o
                0x0800190c                USBH_LL_DriverVBUS
 .text.USBH_LL_SetToggle
                0x0800193c       0x3c usb/usbh_conf.o
                0x0800193c                USBH_LL_SetToggle
 .text.USBH_LL_GetToggle
                0x08001978       0x38 usb/usbh_conf.o
                0x08001978                USBH_LL_GetToggle
 .text.USBH_Delay
                0x080019b0        0x4 usb/usbh_conf.o
                0x080019b0                USBH_Delay
 .text.USBH_Init
                0x080019b4       0x60 usb/usbh_core.o
                0x080019b4                USBH_Init
 .text.USBH_RegisterClass
                0x08001a14       0x24 usb/usbh_core.o
                0x08001a14                USBH_RegisterClass
 .text.USBH_SelectInterface
                0x08001a38       0x14 usb/usbh_core.o
                0x08001a38                USBH_SelectInterface
 .text.USBH_FindInterface
                0x08001a4c       0x64 usb/usbh_core.o
                0x08001a4c                USBH_FindInterface
 .text.USBH_Start
                0x08001ab0       0x14 usb/usbh_core.o
                0x08001ab0                USBH_Start
 .text.USBH_Process
                0x08001ac4      0x2c8 usb/usbh_core.o
                0x08001ac4                USBH_Process
 .text.USBH_LL_SetTimer
                0x08001d8c        0x8 usb/usbh_core.o
                0x08001d8c                USBH_LL_SetTimer
 .text.USBH_LL_IncTimer
                0x08001d94       0x20 usb/usbh_core.o
                0x08001d94                USBH_LL_IncTimer
 .text.USBH_LL_Connect
                0x08001db4       0x28 usb/usbh_core.o
                0x08001db4                USBH_LL_Connect
 .text.USBH_LL_Disconnect
                0x08001ddc       0x38 usb/usbh_core.o
                0x08001ddc                USBH_LL_Disconnect
 .text.USBH_Get_DevDesc
                0x08001e14      0x260 usb/usbh_ctlreq.o
                0x08001e14                USBH_Get_DevDesc
 .text.USBH_Get_CfgDesc
                0x08002074      0x2ec usb/usbh_ctlreq.o
                0x08002074                USBH_Get_CfgDesc
 .text.USBH_Get_StringDesc
                0x08002360      0x214 usb/usbh_ctlreq.o
                0x08002360                USBH_Get_StringDesc
 .text.USBH_GetDescriptor
                0x08002574      0x1cc usb/usbh_ctlreq.o
                0x08002574                USBH_GetDescriptor
 .text.USBH_SetAddress
                0x08002740      0x1c4 usb/usbh_ctlreq.o
                0x08002740                USBH_SetAddress
 .text.USBH_SetCfg
                0x08002904      0x1c4 usb/usbh_ctlreq.o
                0x08002904                USBH_SetCfg
 .text.USBH_ClrFeature
                0x08002ac8      0x1ac usb/usbh_ctlreq.o
                0x08002ac8                USBH_ClrFeature
 .text.USBH_CtlReq
                0x08002c74      0x1a0 usb/usbh_ctlreq.o
                0x08002c74                USBH_CtlReq
 .text.USBH_HID_SOFProcess
                0x08002e14       0x28 usb/usbh_hid.o
 .text.USBH_HID_InterfaceDeInit
                0x08002e3c       0x4c usb/usbh_hid.o
 .text.USBH_HID_InterfaceInit
                0x08002e88      0x144 usb/usbh_hid.o
 .text.USBH_HID_ClassRequest
                0x08002fcc       0xf8 usb/usbh_hid.o
 .text.USBH_HID_GetDeviceType
                0x080030c4       0x2c usb/usbh_hid.o
                0x080030c4                USBH_HID_GetDeviceType
 .text.fifo_init
                0x080030f0       0x10 usb/usbh_hid.o
                0x080030f0                fifo_init
 .text.fifo_read
                0x08003100       0x60 usb/usbh_hid.o
                0x08003100                fifo_read
 .text.USBH_HID_EventCallback
                0x08003160        0x4 usb/usbh_hid.o
                0x08003160                USBH_HID_EventCallback
 .text.USBH_HID_Process
                0x08003164      0x178 usb/usbh_hid.o
 .text.USBH_HID_KeybdInit
                0x080032dc       0x48 usb/usbh_hid_keybd.o
                0x080032dc                USBH_HID_KeybdInit
 .text.USBH_HID_GetKeybdInfo
                0x08003324       0xbc usb/usbh_hid_keybd.o
                0x08003324                USBH_HID_GetKeybdInfo
 .text.USBH_HID_GetKeyData
                0x080033e0       0x78 usb/usbh_hid_keybd.o
                0x080033e0                USBH_HID_GetKeyData
 .text.USBH_HID_MouseInit
                0x08003458       0x40 usb/usbh_hid_mouse.o
                0x08003458                USBH_HID_MouseInit
 .text.USBH_HID_GetMouseInfo
                0x08003498       0x78 usb/usbh_hid_mouse.o
                0x08003498                USBH_HID_GetMouseInfo
 .text.HID_ReadItem
                0x08003510       0x94 usb/usbh_hid_parser.o
                0x08003510                HID_ReadItem
 .text.USBH_CtlSendSetup
                0x080035a4       0x20 usb/usbh_ioreq.o
                0x080035a4                USBH_CtlSendSetup
 .text.USBH_CtlSendData
                0x080035c4       0x30 usb/usbh_ioreq.o
                0x080035c4                USBH_CtlSendData
 .text.USBH_CtlReceiveData
                0x080035f4       0x20 usb/usbh_ioreq.o
                0x080035f4                USBH_CtlReceiveData
 .text.USBH_BulkSendData
                0x08003614       0x2c usb/usbh_ioreq.o
                0x08003614                USBH_BulkSendData
 .text.USBH_BulkReceiveData
                0x08003640       0x20 usb/usbh_ioreq.o
                0x08003640                USBH_BulkReceiveData
 .text.USBH_InterruptReceiveData
                0x08003660       0x20 usb/usbh_ioreq.o
                0x08003660                USBH_InterruptReceiveData
 .text.USBH_MSC_SOFProcess
                0x08003680        0x4 usb/usbh_msc.o
 .text.USBH_MSC_Process
                0x08003684      0x204 usb/usbh_msc.o
 .text.USBH_MSC_ClassRequest
                0x08003888       0x6c usb/usbh_msc.o
 .text.USBH_MSC_InterfaceDeInit
                0x080038f4       0x54 usb/usbh_msc.o
 .text.USBH_MSC_InterfaceInit
                0x08003948      0x104 usb/usbh_msc.o
 .text.USBH_MSC_RdWrProcess
                0x08003a4c       0x88 usb/usbh_msc.o
 .text.USBH_MSC_UnitIsReady
                0x08003ad4       0x24 usb/usbh_msc.o
                0x08003ad4                USBH_MSC_UnitIsReady
 .text.USBH_MSC_GetLUNInfo
                0x08003af8       0x50 usb/usbh_msc.o
                0x08003af8                USBH_MSC_GetLUNInfo
 .text.USBH_MSC_Read
                0x08003b48       0x8c usb/usbh_msc.o
                0x08003b48                USBH_MSC_Read
 .text.USBH_MSC_Write
                0x08003bd4       0x8c usb/usbh_msc.o
                0x08003bd4                USBH_MSC_Write
 .text.USBH_MSC_BOT_REQ_GetMaxLUN
                0x08003c60       0x1c usb/usbh_msc_bot.o
                0x08003c60                USBH_MSC_BOT_REQ_GetMaxLUN
 .text.USBH_MSC_BOT_Init
                0x08003c7c       0x2c usb/usbh_msc_bot.o
                0x08003c7c                USBH_MSC_BOT_Init
 .text.USBH_MSC_BOT_Process
                0x08003ca8      0x234 usb/usbh_msc_bot.o
                0x08003ca8                USBH_MSC_BOT_Process
 .text.USBH_MSC_SCSI_TestUnitReady
                0x08003edc       0x4c usb/usbh_msc_scsi.o
                0x08003edc                USBH_MSC_SCSI_TestUnitReady
 .text.USBH_MSC_SCSI_ReadCapacity
                0x08003f28       0x80 usb/usbh_msc_scsi.o
                0x08003f28                USBH_MSC_SCSI_ReadCapacity
 .text.USBH_MSC_SCSI_Inquiry
                0x08003fa8       0xe0 usb/usbh_msc_scsi.o
                0x08003fa8                USBH_MSC_SCSI_Inquiry
 .text.USBH_MSC_SCSI_RequestSense
                0x08004088       0x94 usb/usbh_msc_scsi.o
                0x08004088                USBH_MSC_SCSI_RequestSense
 .text.USBH_MSC_SCSI_Write
                0x0800411c       0x98 usb/usbh_msc_scsi.o
                0x0800411c                USBH_MSC_SCSI_Write
 .text.USBH_MSC_SCSI_Read
                0x080041b4       0x9c usb/usbh_msc_scsi.o
                0x080041b4                USBH_MSC_SCSI_Read
 .text.USBH_OpenPipe
                0x08004250       0x20 usb/usbh_pipes.o
                0x08004250                USBH_OpenPipe
 .text.USBH_ClosePipe
                0x08004270        0xc usb/usbh_pipes.o
                0x08004270                USBH_ClosePipe
 .text.USBH_AllocPipe
                0x0800427c       0xac usb/usbh_pipes.o
                0x0800427c                USBH_AllocPipe
 .text.USBH_FreePipe
                0x08004328       0x18 usb/usbh_pipes.o
                0x08004328                USBH_FreePipe
 .text.Reset_Handler
                0x08004340       0x50 startup/startup_stm32f746xx.o
                0x08004340                Reset_Handler
 .text.Default_Handler
                0x08004390        0x2 startup/startup_stm32f746xx.o
                0x08004390                RTC_Alarm_IRQHandler
                0x08004390                EXTI2_IRQHandler
                0x08004390                TIM8_CC_IRQHandler
                0x08004390                UART8_IRQHandler
                0x08004390                SPI4_IRQHandler
                0x08004390                TIM1_CC_IRQHandler
                0x08004390                DMA2_Stream5_IRQHandler
                0x08004390                DMA1_Stream5_IRQHandler
                0x08004390                PVD_IRQHandler
                0x08004390                TAMP_STAMP_IRQHandler
                0x08004390                CAN2_RX1_IRQHandler
                0x08004390                EXTI3_IRQHandler
                0x08004390                TIM8_TRG_COM_TIM14_IRQHandler
                0x08004390                TIM1_UP_TIM10_IRQHandler
                0x08004390                TIM8_UP_TIM13_IRQHandler
                0x08004390                I2C3_ER_IRQHandler
                0x08004390                EXTI0_IRQHandler
                0x08004390                I2C2_EV_IRQHandler
                0x08004390                DMA1_Stream2_IRQHandler
                0x08004390                CAN1_RX0_IRQHandler
                0x08004390                FPU_IRQHandler
                0x08004390                OTG_HS_WKUP_IRQHandler
                0x08004390                LTDC_ER_IRQHandler
                0x08004390                CAN2_SCE_IRQHandler
                0x08004390                DMA2_Stream2_IRQHandler
                0x08004390                SPI1_IRQHandler
                0x08004390                TIM6_DAC_IRQHandler
                0x08004390                TIM1_BRK_TIM9_IRQHandler
                0x08004390                DCMI_IRQHandler
                0x08004390                CAN2_RX0_IRQHandler
                0x08004390                DMA2_Stream3_IRQHandler
                0x08004390                SAI2_IRQHandler
                0x08004390                USART3_IRQHandler
                0x08004390                CAN1_RX1_IRQHandler
                0x08004390                UART5_IRQHandler
                0x08004390                DMA2_Stream0_IRQHandler
                0x08004390                TIM4_IRQHandler
                0x08004390                QUADSPI_IRQHandler
                0x08004390                I2C1_EV_IRQHandler
                0x08004390                DMA1_Stream6_IRQHandler
                0x08004390                DMA1_Stream1_IRQHandler
                0x08004390                UART4_IRQHandler
                0x08004390                TIM3_IRQHandler
                0x08004390                RCC_IRQHandler
                0x08004390                TIM8_BRK_TIM12_IRQHandler
                0x08004390                Default_Handler
                0x08004390                CEC_IRQHandler
                0x08004390                EXTI15_10_IRQHandler
                0x08004390                ADC_IRQHandler
                0x08004390                DMA1_Stream7_IRQHandler
                0x08004390                SPI5_IRQHandler
                0x08004390                SDMMC1_IRQHandler
                0x08004390                CAN2_TX_IRQHandler
                0x08004390                TIM5_IRQHandler
                0x08004390                DMA2_Stream7_IRQHandler
                0x08004390                I2C3_EV_IRQHandler
                0x08004390                EXTI9_5_IRQHandler
                0x08004390                RTC_WKUP_IRQHandler
                0x08004390                LTDC_IRQHandler
                0x08004390                ETH_WKUP_IRQHandler
                0x08004390                SPDIF_RX_IRQHandler
                0x08004390                SPI2_IRQHandler
                0x08004390                OTG_HS_EP1_IN_IRQHandler
                0x08004390                DMA1_Stream0_IRQHandler
                0x08004390                CAN1_TX_IRQHandler
                0x08004390                EXTI4_IRQHandler
                0x08004390                RNG_IRQHandler
                0x08004390                ETH_IRQHandler
                0x08004390                OTG_HS_EP1_OUT_IRQHandler
                0x08004390                WWDG_IRQHandler
                0x08004390                SPI6_IRQHandler
                0x08004390                I2C4_EV_IRQHandler
                0x08004390                TIM2_IRQHandler
                0x08004390                OTG_FS_WKUP_IRQHandler
                0x08004390                TIM1_TRG_COM_TIM11_IRQHandler
                0x08004390                DMA2D_IRQHandler
                0x08004390                EXTI1_IRQHandler
                0x08004390                USART2_IRQHandler
                0x08004390                I2C2_ER_IRQHandler
                0x08004390                DMA2_Stream1_IRQHandler
                0x08004390                CAN1_SCE_IRQHandler
                0x08004390                FLASH_IRQHandler
                0x08004390                SPI3_IRQHandler
                0x08004390                DMA1_Stream4_IRQHandler
                0x08004390                I2C1_ER_IRQHandler
                0x08004390                FMC_IRQHandler
                0x08004390                LPTIM1_IRQHandler
                0x08004390                I2C4_ER_IRQHandler
                0x08004390                DMA2_Stream6_IRQHandler
                0x08004390                SAI1_IRQHandler
                0x08004390                DMA1_Stream3_IRQHandler
 *fill*         0x08004392        0x2 
 .text.Init3d   0x08004394       0x84 src/lib3d.o
                0x08004394                Init3d
 .text.Compute3D
                0x08004418      0x128 src/lib3d.o
                0x08004418                Compute3D
 .text.zBuff    0x08004540      0x134 src/lib3d.o
                0x08004540                zBuff
 .text.Cache3D  0x08004674      0x14c src/lib3d.o
                0x08004674                Cache3D
 .text.Load_3DObj
                0x080047c0      0x2b8 src/lib3d.o
                0x080047c0                Load_3DObj
 .text.Show_3DObject
                0x08004a78      0x15c src/lib3d.o
                0x08004a78                Show_3DObject
 .text.isKeyInBuffer
                0x08004bd4      0x148 src/main.o
                0x08004bd4                isKeyInBuffer
 .text.MMInkey  0x08004d1c      0x324 src/main.o
                0x08004d1c                MMInkey
 .text.MMInkeyPause
                0x08005040      0x314 src/main.o
                0x08005040                MMInkeyPause
 .text.MMgetchar
                0x08005354      0x34c src/main.o
                0x08005354                MMgetchar
 .text.MMputchar
                0x080056a0       0x64 src/main.o
                0x080056a0                MMputchar
 .text.USBPutEscape
                0x08005704       0x24 src/main.o
                0x08005704                USBPutEscape
 .text.GetFlashOption
                0x08005728      0x120 src/main.o
                0x08005728                GetFlashOption
 .text.SetFlashOption
                0x08005848      0x29c src/main.o
                0x08005848                SetFlashOption
 .text.hardware_init
                0x08005ae4       0xa0 src/main.o
                0x08005ae4                hardware_init
 .text.TIM7_IRQHandler
                0x08005b84      0x1b4 src/main.o
                0x08005b84                TIM7_IRQHandler
 .text.HAL_TIM_Base_MspInit
                0x08005d38       0x34 src/main.o
                0x08005d38                HAL_TIM_Base_MspInit
 .text.showLogo
                0x08005d6c       0xc0 src/main.o
                0x08005d6c                showLogo
 .text.p_Basic_initFlash
                0x08005e2c      0x318 src/main.o
                0x08005e2c                p_Basic_initFlash
 .text.startup.main
                0x08006144      0x2bc src/main.o
                0x08006144                main
 .text.UB_Fatfs_Init
                0x08006400       0x38 src/stm32_ub_fatfs.o
                0x08006400                UB_Fatfs_Init
 .text.UB_Fatfs_CheckMedia
                0x08006438       0x3c src/stm32_ub_fatfs.o
                0x08006438                UB_Fatfs_CheckMedia
 .text.UB_Fatfs_Mount
                0x08006474       0x7c src/stm32_ub_fatfs.o
                0x08006474                UB_Fatfs_Mount
 .text.UB_Fatfs_UnMount
                0x080064f0       0x48 src/stm32_ub_fatfs.o
                0x080064f0                UB_Fatfs_UnMount
 .text.UB_Fatfs_ReadBlock
                0x08006538       0x30 src/stm32_ub_fatfs.o
                0x08006538                UB_Fatfs_ReadBlock
 .text.MM_I2C1_Init
                0x08006568      0x170 src/stm32_ub_i2c1.o
                0x08006568                MM_I2C1_Init
 .text.MM_I2C1_DeInit
                0x080066d8       0x28 src/stm32_ub_i2c1.o
                0x080066d8                MM_I2C1_DeInit
 .text.MM_I2C1_CheckSlave
                0x08006700       0x1c src/stm32_ub_i2c1.o
                0x08006700                MM_I2C1_CheckSlave
 .text.MM_I2C1_ReadMultiByte
                0x0800671c       0x48 src/stm32_ub_i2c1.o
                0x0800671c                MM_I2C1_ReadMultiByte
 .text.MM_I2C1_WriteMultiByte
                0x08006764       0x44 src/stm32_ub_i2c1.o
                0x08006764                MM_I2C1_WriteMultiByte
 .text.UB_I2C1_ReadByte
                0x080067a8       0x7c src/stm32_ub_i2c1.o
                0x080067a8                UB_I2C1_ReadByte
 .text.UB_I2C1_WriteByte
                0x08006824       0x48 src/stm32_ub_i2c1.o
                0x08006824                UB_I2C1_WriteByte
 .text.UB_I2C1_ReadMultiByte
                0x0800686c       0x7c src/stm32_ub_i2c1.o
                0x0800686c                UB_I2C1_ReadMultiByte
 .text.UB_I2C3_Init
                0x080068e8       0xc0 src/stm32_ub_i2c3.o
                0x080068e8                UB_I2C3_Init
 .text.UB_I2C3_ReadByte
                0x080069a8       0x78 src/stm32_ub_i2c3.o
                0x080069a8                UB_I2C3_ReadByte
 .text.InitTag  0x08006a20      0xce4 src/stm32_ub_jpg.o
                0x08006a20                InitTag
 .text.InitTable
                0x08007704      0x1a0 src/stm32_ub_jpg.o
                0x08007704                InitTable
 .text.StoreBuffer
                0x080078a4      0x1f8 src/stm32_ub_jpg.o
                0x080078a4                StoreBuffer
 .text.DecodeElement
                0x08007a9c      0x470 src/stm32_ub_jpg.o
                0x08007a9c                DecodeElement
 .text.DecodeMCUBlock
                0x08007f0c      0x594 src/stm32_ub_jpg.o
                0x08007f0c                DecodeMCUBlock
 .text.Fast_IDCT
                0x080084a0      0x36c src/stm32_ub_jpg.o
                0x080084a0                Fast_IDCT
 .text.Decode   0x0800880c      0x970 src/stm32_ub_jpg.o
                0x0800880c                Decode
 .text.UB_Picture_DrawJpg
                0x0800917c       0xa8 src/stm32_ub_jpg.o
                0x0800917c                UB_Picture_DrawJpg
 .text.P_Picture_Check_BMPHeader
                0x08009224      0x100 src/stm32_ub_jpg.o
                0x08009224                P_Picture_Check_BMPHeader
 .text.UB_Picture_DrawBmp
                0x08009324      0x160 src/stm32_ub_jpg.o
                0x08009324                UB_Picture_DrawBmp
 .text.UB_LCD_LayerInit_Fullscreen
                0x08009484       0xa0 src/stm32_ub_lcd_480x272.o
                0x08009484                UB_LCD_LayerInit_Fullscreen
 .text.UB_LCD_SetLayer_2
                0x08009524       0x1c src/stm32_ub_lcd_480x272.o
                0x08009524                UB_LCD_SetLayer_2
 .text.UB_LCD_FillLayer
                0x08009540       0x18 src/stm32_ub_lcd_480x272.o
                0x08009540                UB_LCD_FillLayer
 .text.UB_LCD_SetTransparency
                0x08009558       0x18 src/stm32_ub_lcd_480x272.o
                0x08009558                UB_LCD_SetTransparency
 .text.UB_LCD_Refresh
                0x08009570       0x48 src/stm32_ub_lcd_480x272.o
                0x08009570                UB_LCD_Refresh
 .text.P_LCD_480x272_ClockConfig
                0x080095b8       0x2c src/stm32_ub_lcd_480x272.o
                0x080095b8                P_LCD_480x272_ClockConfig
 .text.P_LCD_480x272_MspInit
                0x080095e4      0x1b8 src/stm32_ub_lcd_480x272.o
                0x080095e4                P_LCD_480x272_MspInit
 .text.UB_LCD_Init
                0x0800979c       0xe4 src/stm32_ub_lcd_480x272.o
                0x0800979c                UB_LCD_Init
 .text.UB_Led_Init
                0x08009880       0x40 src/stm32_ub_led.o
                0x08009880                UB_Led_Init
 .text.UB_Led_Off
                0x080098c0       0x18 src/stm32_ub_led.o
                0x080098c0                UB_Led_Off
 .text.UB_Led_Toggle
                0x080098d8       0x1c src/stm32_ub_led.o
                0x080098d8                UB_Led_Toggle
 .text.TM_MPU6050_Init
                0x080098f4       0xe4 src/stm32_ub_mpu6050.o
                0x080098f4                TM_MPU6050_Init
 .text.TM_MPU6050_ReadAll
                0x080099d8       0x8c src/stm32_ub_mpu6050.o
                0x080099d8                TM_MPU6050_ReadAll
 .text.UB_QFlash_Erase_SubSector
                0x08009a64       0xfc src/stm32_ub_qflash.o
                0x08009a64                UB_QFlash_Erase_SubSector
 .text.UB_QFlash_Read_Block8b
                0x08009b60       0x8c src/stm32_ub_qflash.o
                0x08009b60                UB_QFlash_Read_Block8b
 .text.UB_QFlash_Write_Block8b
                0x08009bec      0x160 src/stm32_ub_qflash.o
                0x08009bec                UB_QFlash_Write_Block8b
 .text.P_QSPI_MspInit
                0x08009d4c      0x108 src/stm32_ub_qflash.o
                0x08009d4c                P_QSPI_MspInit
 .text.UB_QFlash_Init
                0x08009e54      0x1b8 src/stm32_ub_qflash.o
                0x08009e54                UB_QFlash_Init
 .text.P_SDRAM_MspInit
                0x0800a00c      0x114 src/stm32_ub_sdram.o
                0x0800a00c                P_SDRAM_MspInit
 .text.UB_SDRAM_Init
                0x0800a120      0x13c src/stm32_ub_sdram.o
                0x0800a120                UB_SDRAM_Init
 .text.MM_SPI2_DeInit
                0x0800a25c       0x28 src/stm32_ub_spi.o
                0x0800a25c                MM_SPI2_DeInit
 .text.MM_SPI2_SendByte
                0x0800a284       0x64 src/stm32_ub_spi.o
                0x0800a284                MM_SPI2_SendByte
 .text.MM_SPI5_DeInit
                0x0800a2e8       0x28 src/stm32_ub_spi.o
                0x0800a2e8                MM_SPI5_DeInit
 .text.MM_SPI5_SendByte
                0x0800a310       0x60 src/stm32_ub_spi.o
                0x0800a310                MM_SPI5_SendByte
 .text.P_HAL_SPI2_MspInit
                0x0800a370       0xb0 src/stm32_ub_spi.o
                0x0800a370                P_HAL_SPI2_MspInit
 .text.MM_SPI2_Init
                0x0800a420       0xd8 src/stm32_ub_spi.o
                0x0800a420                MM_SPI2_Init
 .text.P_HAL_SPI5_MspInit
                0x0800a4f8       0xb0 src/stm32_ub_spi.o
                0x0800a4f8                P_HAL_SPI5_MspInit
 .text.MM_SPI5_Init
                0x0800a5a8       0xd8 src/stm32_ub_spi.o
                0x0800a5a8                MM_SPI5_Init
 .text.UB_System_Init
                0x0800a680      0x1c4 src/stm32_ub_system.o
                0x0800a680                UB_System_Init
 .text.UB_System_ClockEnable
                0x0800a844      0x1b8 src/stm32_ub_system.o
                0x0800a844                UB_System_ClockEnable
 .text.HAL_Delay
                0x0800a9fc       0x24 src/stm32_ub_system.o
                0x0800a9fc                HAL_Delay
 .text.NMI_Handler
                0x0800aa20        0x4 src/stm32_ub_system.o
                0x0800aa20                NMI_Handler
 .text.HardFault_Handler
                0x0800aa24        0x4 src/stm32_ub_system.o
                0x0800aa24                HardFault_Handler
 .text.MemManage_Handler
                0x0800aa28        0x4 src/stm32_ub_system.o
                0x0800aa28                MemManage_Handler
 .text.BusFault_Handler
                0x0800aa2c        0x4 src/stm32_ub_system.o
                0x0800aa2c                BusFault_Handler
 .text.UsageFault_Handler
                0x0800aa30        0x4 src/stm32_ub_system.o
                0x0800aa30                UsageFault_Handler
 .text.SVC_Handler
                0x0800aa34        0x4 src/stm32_ub_system.o
                0x0800aa34                SVC_Handler
 .text.DebugMon_Handler
                0x0800aa38        0x4 src/stm32_ub_system.o
                0x0800aa38                DebugMon_Handler
 .text.PendSV_Handler
                0x0800aa3c        0x4 src/stm32_ub_system.o
                0x0800aa3c                PendSV_Handler
 .text.P_Touch_GetPositions.part.0
                0x0800aa40       0xac src/stm32_ub_touch_480x272.o
 .text.UB_Touch_Init
                0x0800aaec      0x108 src/stm32_ub_touch_480x272.o
                0x0800aaec                UB_Touch_Init
 .text.UB_Touch_Read
                0x0800abf4       0xe8 src/stm32_ub_touch_480x272.o
                0x0800abf4                UB_Touch_Read
 .text.UB_Uart_Init
                0x0800acdc       0xd4 src/stm32_ub_uart.o
                0x0800acdc                UB_Uart_Init
 .text.MM_Uart_Init
                0x0800adb0      0x254 src/stm32_ub_uart.o
                0x0800adb0                MM_Uart_Init
 .text.UB_Uart_SendByte
                0x0800b004       0x5c src/stm32_ub_uart.o
                0x0800b004                UB_Uart_SendByte
 .text.MM_Uart_ReveiveByte
                0x0800b060       0xc8 src/stm32_ub_uart.o
                0x0800b060                MM_Uart_ReveiveByte
 .text.MM_Uart_GetRxStatus
                0x0800b128       0x5c src/stm32_ub_uart.o
                0x0800b128                MM_Uart_GetRxStatus
 .text.USART1_IRQHandler
                0x0800b184       0x48 src/stm32_ub_uart.o
                0x0800b184                USART1_IRQHandler
 .text.USART6_IRQHandler
                0x0800b1cc       0x48 src/stm32_ub_uart.o
                0x0800b1cc                USART6_IRQHandler
 .text.UART7_IRQHandler
                0x0800b214       0x4c src/stm32_ub_uart.o
                0x0800b214                UART7_IRQHandler
 .text.USBH_UserProcess_HID
                0x0800b260       0x2c src/stm32_ub_usb_hid_host.o
 .text.UB_USB_HID_HOST_Init
                0x0800b28c       0x98 src/stm32_ub_usb_hid_host.o
                0x0800b28c                UB_USB_HID_HOST_Init
 .text.UB_USB_HID_HOST_Do
                0x0800b324      0x184 src/stm32_ub_usb_hid_host.o
                0x0800b324                UB_USB_HID_HOST_Do
 .text.UB_USB_HID_HOST_GetKeyAnz
                0x0800b4a8       0x28 src/stm32_ub_usb_hid_host.o
                0x0800b4a8                UB_USB_HID_HOST_GetKeyAnz
 .text.UB_USB_HID_HOST_GetShift
                0x0800b4d0       0x1c src/stm32_ub_usb_hid_host.o
                0x0800b4d0                UB_USB_HID_HOST_GetShift
 .text.OTG_FS_IRQHandler
                0x0800b4ec        0xc src/stm32_ub_usb_hid_host.o
                0x0800b4ec                OTG_FS_IRQHandler
 .text.USBH_UserProcess_MSC
                0x0800b4f8       0x1c src/stm32_ub_usb_msc_host.o
 .text.UB_USB_MSC_HOST_Init
                0x0800b514       0x74 src/stm32_ub_usb_msc_host.o
                0x0800b514                UB_USB_MSC_HOST_Init
 .text.UB_USB_MSC_HOST_Do
                0x0800b588       0x4c src/stm32_ub_usb_msc_host.o
                0x0800b588                UB_USB_MSC_HOST_Do
 .text.OTG_HS_IRQHandler
                0x0800b5d4        0xc src/stm32_ub_usb_msc_host.o
                0x0800b5d4                OTG_HS_IRQHandler
 .text.Keyboard_getChar
                0x0800b5e0      0x1b8 src/stm32f7_keyboard.o
                0x0800b5e0                Keyboard_getChar
 .text.Random_Init
                0x0800b798       0x30 src/stm32f7_random.o
                0x0800b798                Random_Init
 .text.Random_Get
                0x0800b7c8        0xc src/stm32f7_random.o
                0x0800b7c8                Random_Get
 .text.SysTick_Handler
                0x0800b7d4       0x10 src/stm32f7xx_it.o
                0x0800b7d4                SysTick_Handler
 .text.GFX_DrawLine.constprop.13
                0x0800b7e4      0x114 src/stmF7_gfx.o
 .text.GFX_DrawLine.constprop.12
                0x0800b8f8      0x118 src/stmF7_gfx.o
 .text.GFX_CopyBuffer
                0x0800ba10       0x68 src/stmF7_gfx.o
                0x0800ba10                GFX_CopyBuffer
 .text.GFX_Layer_Copy
                0x0800ba78       0xb0 src/stmF7_gfx.o
                0x0800ba78                GFX_Layer_Copy
 .text.GFX_PolyInit
                0x0800bb28       0x5c src/stmF7_gfx.o
                0x0800bb28                GFX_PolyInit
 .text.GFX_Clear
                0x0800bb84       0xa0 src/stmF7_gfx.o
                0x0800bb84                GFX_Clear
 .text.GFX_SetPixel
                0x0800bc24       0x34 src/stmF7_gfx.o
                0x0800bc24                GFX_SetPixel
 .text.GFX_GetPixel
                0x0800bc58       0x38 src/stmF7_gfx.o
                0x0800bc58                GFX_GetPixel
 .text.GFX_DrawUniLine
                0x0800bc90      0x110 src/stmF7_gfx.o
                0x0800bc90                GFX_DrawUniLine
 .text.GFX_DrawRect
                0x0800bda0      0x260 src/stmF7_gfx.o
                0x0800bda0                GFX_DrawRect
 .text.GFX_RoundedRectangle.part.3
                0x0800c000      0x444 src/stmF7_gfx.o
 .text.GFX_DrawFullRect
                0x0800c444      0x1b4 src/stmF7_gfx.o
                0x0800c444                GFX_DrawFullRect
 .text.GFX_RoundedRectangle
                0x0800c5f8       0x24 src/stmF7_gfx.o
                0x0800c5f8                GFX_RoundedRectangle
 .text.GFX_FullRoundedRectangle
                0x0800c61c      0x3ac src/stmF7_gfx.o
                0x0800c61c                GFX_FullRoundedRectangle
 .text.GFX_DrawCircle
                0x0800c9c8      0x24c src/stmF7_gfx.o
                0x0800c9c8                GFX_DrawCircle
 .text.GFX_DrawFullCircle
                0x0800cc14      0x428 src/stmF7_gfx.o
                0x0800cc14                GFX_DrawFullCircle
 .text.GFX_Draw_Triangle
                0x0800d03c       0xc4 src/stmF7_gfx.o
                0x0800d03c                GFX_Draw_Triangle
 .text.GFX_Draw_Full_Triangle
                0x0800d100      0x420 src/stmF7_gfx.o
                0x0800d100                GFX_Draw_Full_Triangle
 .text.GFX_DrawEllipse
                0x0800d520      0x2b4 src/stmF7_gfx.o
                0x0800d520                GFX_DrawEllipse
 .text.GFX_DrawFullEllipse
                0x0800d7d4      0x4a0 src/stmF7_gfx.o
                0x0800d7d4                GFX_DrawFullEllipse
 .text.GFX_Load_Sprite
                0x0800dc74       0xe0 src/stmF7_gfx.o
                0x0800dc74                GFX_Load_Sprite
 .text.GFX_Load_Map
                0x0800dd54       0xe8 src/stmF7_gfx.o
                0x0800dd54                GFX_Load_Map
 .text.GFX_Show_Map_DMA2D
                0x0800de3c      0x6c8 src/stmF7_gfx.o
                0x0800de3c                GFX_Show_Map_DMA2D
 .text.GFX_Blit_DMA2D
                0x0800e504      0x768 src/stmF7_gfx.o
                0x0800e504                GFX_Blit_DMA2D
 .text.GFX_Sprite_Show_DMA2D
                0x0800ec6c      0x1a4 src/stmF7_gfx.o
                0x0800ec6c                GFX_Sprite_Show_DMA2D
 .text.GFX_DrawQuad
                0x0800ee10      0x2d0 src/stmF7_gfx.o
                0x0800ee10                GFX_DrawQuad
 .text.GFX_DrawFullQuad
                0x0800f0e0      0x354 src/stmF7_gfx.o
                0x0800f0e0                GFX_DrawFullQuad
 .text.GFX_DrawPolygon
                0x0800f434       0x84 src/stmF7_gfx.o
                0x0800f434                GFX_DrawPolygon
 .text.GFX_DrawFullPolygon
                0x0800f4b8      0x2f8 src/stmF7_gfx.o
                0x0800f4b8                GFX_DrawFullPolygon
 .text.GFX_RotatePolygon
                0x0800f7b0      0x220 src/stmF7_gfx.o
                0x0800f7b0                GFX_RotatePolygon
 .text.GFX_CopyImgDMA
                0x0800f9d0       0xf4 src/stmF7_gfx.o
                0x0800f9d0                GFX_CopyImgDMA
 .text._sbrk    0x0800fac4       0x38 src/syscalls.o
                0x0800fac4                _sbrk
 .text.SystemInit
                0x0800fafc       0x50 src/system_stm32f7xx.o
                0x0800fafc                SystemInit
 .text.wm8994_DeInit
                0x0800fb4c        0x4 src/wm8994.o
                0x0800fb4c                wm8994_DeInit
 .text.I2Cx_Init.constprop.7
                0x0800fb50       0xdc src/wm8994.o
 .text.wm8994_ReadID
                0x0800fc2c      0x11c src/wm8994.o
                0x0800fc2c                wm8994_ReadID
 .text.wm8994_Reset
                0x0800fd48       0x40 src/wm8994.o
                0x0800fd48                wm8994_Reset
 .text.wm8994_Play
                0x0800fd88       0x78 src/wm8994.o
                0x0800fd88                wm8994_Play
 .text.wm8994_Resume
                0x0800fe00       0x78 src/wm8994.o
                0x0800fe00                wm8994_Resume
 .text.wm8994_Stop
                0x0800fe78      0x1a0 src/wm8994.o
                0x0800fe78                wm8994_Stop
 .text.wm8994_SetFrequency
                0x08010018      0x100 src/wm8994.o
                0x08010018                wm8994_SetFrequency
 .text.wm8994_Pause
                0x08010118       0xa0 src/wm8994.o
                0x08010118                wm8994_Pause
 .text.wm8994_SetMute
                0x080101b8       0xcc src/wm8994.o
                0x080101b8                wm8994_SetMute
 .text.wm8994_SetOutputMode
                0x08010284      0x3cc src/wm8994.o
                0x08010284                wm8994_SetOutputMode
 .text.wm8994_SetVolume
                0x08010650      0x3c0 src/wm8994.o
                0x08010650                wm8994_SetVolume
 .text.wm8994_Init
                0x08010a10      0xe70 src/wm8994.o
                0x08010a10                wm8994_Init
 .text.Stop_Wave
                0x08011880      0x134 mmsource/Audio_F7.o
                0x08011880                Stop_Wave
 .text.P_4Bytes
                0x080119b4       0x28 mmsource/Audio_F7.o
                0x080119b4                P_4Bytes
 .text.Check_Wave
                0x080119dc      0x158 mmsource/Audio_F7.o
                0x080119dc                Check_Wave
 .text.P_FillBufferFirst
                0x08011b34      0x4c0 mmsource/Audio_F7.o
                0x08011b34                P_FillBufferFirst
 .text.P_FillBufferSecond
                0x08011ff4      0x4c0 mmsource/Audio_F7.o
                0x08011ff4                P_FillBufferSecond
 .text.HAL_SAI_TxHalfCpltCallback
                0x080124b4       0x10 mmsource/Audio_F7.o
                0x080124b4                HAL_SAI_TxHalfCpltCallback
 .text.HAL_SAI_TxCpltCallback
                0x080124c4       0x10 mmsource/Audio_F7.o
                0x080124c4                HAL_SAI_TxCpltCallback
 .text.BSP_AUDIO_OUT_ClockConfig
                0x080124d4       0x58 mmsource/Audio_F7.o
                0x080124d4                BSP_AUDIO_OUT_ClockConfig
 .text.BSP_AUDIO_OUT_MspInit
                0x0801252c      0x1e4 mmsource/Audio_F7.o
                0x0801252c                BSP_AUDIO_OUT_MspInit
 .text.UB_AUDIO_OUT_Init
                0x08012710      0x11c mmsource/Audio_F7.o
                0x08012710                UB_AUDIO_OUT_Init
 .text.Play_Wave
                0x0801282c       0xf8 mmsource/Audio_F7.o
                0x0801282c                Play_Wave
 .text.cmd_wave
                0x08012924      0x3ac mmsource/Audio_F7.o
                0x08012924                cmd_wave
 .text.HAL_SAI_ErrorCallback
                0x08012cd0        0xc mmsource/Audio_F7.o
                0x08012cd0                HAL_SAI_ErrorCallback
 .text.DMA2_Stream4_IRQHandler
                0x08012cdc        0xc mmsource/Audio_F7.o
                0x08012cdc                DMA2_Stream4_IRQHandler
 .text.DrawCharUB.part.0
                0x08012ce8      0x14c mmsource/DrawChar.o
 .text.DrawChar.part.1
                0x08012e34      0x3ac mmsource/DrawChar.o
 .text.initFont
                0x080131e0      0x11c mmsource/DrawChar.o
                0x080131e0                initFont
 .text.SetFont  0x080132fc       0x84 mmsource/DrawChar.o
                0x080132fc                SetFont
 .text.UnloadFont
                0x08013380       0x40 mmsource/DrawChar.o
                0x08013380                UnloadFont
 .text.VideoPutc
                0x080133c0      0x294 mmsource/DrawChar.o
                0x080133c0                VideoPutc
 .text.ShowCursor
                0x08013654       0xb4 mmsource/DrawChar.o
                0x08013654                ShowCursor
 .text.DisplayString
                0x08013708      0x2b0 mmsource/DrawChar.o
                0x08013708                DisplayString
 .text.PrintFunctKeys.constprop.1
                0x080139b8      0x1b8 mmsource/Editor.o
 .text.EditInputLine
                0x08013b70      0x6dc mmsource/Editor.o
                0x08013b70                EditInputLine
 .text.PositionCursor
                0x0801424c       0xdc mmsource/Editor.o
                0x0801424c                PositionCursor
 .text.printLine
                0x08014328       0xd8 mmsource/Editor.o
                0x08014328                printLine
 .text.printScreen
                0x08014400       0xb0 mmsource/Editor.o
                0x08014400                printScreen
 .text.SCursor  0x080144b0       0x9c mmsource/Editor.o
                0x080144b0                SCursor
 .text.PrintFunctKeys
                0x0801454c      0x1d4 mmsource/Editor.o
                0x0801454c                PrintFunctKeys
 .text.PrintStatus
                0x08014720      0x140 mmsource/Editor.o
                0x08014720                PrintStatus
 .text.editDisplayMsg
                0x08014860      0x13c mmsource/Editor.o
                0x08014860                editDisplayMsg
 .text.MarkMode
                0x0801499c      0x728 mmsource/Editor.o
                0x0801499c                MarkMode
 .text.SaveToProgMemory
                0x080150c4       0xec mmsource/Editor.o
                0x080150c4                SaveToProgMemory
 .text.editInsertFile
                0x080151b0      0x210 mmsource/Editor.o
                0x080151b0                editInsertFile
 .text.GetInputString
                0x080153c0      0x1bc mmsource/Editor.o
                0x080153c0                GetInputString
 .text.Scroll   0x0801557c       0xf8 mmsource/Editor.o
                0x0801557c                Scroll
 .text.ScrollDown
                0x08015674      0x18c mmsource/Editor.o
                0x08015674                ScrollDown
 .text.FullScreenEditor
                0x08015800     0x10c0 mmsource/Editor.o
                0x08015800                FullScreenEditor
 .text.cmd_edit
                0x080168c0      0x340 mmsource/Editor.o
                0x080168c0                cmd_edit
 .text.PinInitIO_F7.constprop.5
                0x08016c00       0x34 mmsource/External.o
 .text.cmd_pin  0x08016c34      0x138 mmsource/External.o
                0x08016c34                cmd_pin
 *fill*         0x08016d6c        0x4 
 .text.fun_pin  0x08016d70      0x408 mmsource/External.o
                0x08016d70                fun_pin
 .text.cmd_port
                0x08017178      0x278 mmsource/External.o
                0x08017178                cmd_port
 .text.fun_port
                0x080173f0      0x1ec mmsource/External.o
                0x080173f0                fun_port
 .text.cmd_pulse
                0x080175dc        0xc mmsource/External.o
                0x080175dc                cmd_pulse
 .text.cmd_ir   0x080175e8        0xc mmsource/External.o
                0x080175e8                cmd_ir
 .text.cmd_lcd  0x080175f4        0xc mmsource/External.o
                0x080175f4                cmd_lcd
 .text.fun_distance
                0x08017600        0xc mmsource/External.o
                0x08017600                fun_distance
 .text.cmd_keypad
                0x0801760c        0xc mmsource/External.o
                0x0801760c                cmd_keypad
 .text.ExtInp   0x08017618       0xd8 mmsource/External.o
                0x08017618                ExtInp
 .text.PinInitIO_F7
                0x080176f0      0x11c mmsource/External.o
                0x080176f0                PinInitIO_F7
 .text.ExtCfg   0x0801780c      0x204 mmsource/External.o
                0x0801780c                ExtCfg
 .text.cmd_setpin
                0x08017a10      0x3d0 mmsource/External.o
                0x08017a10                cmd_setpin
 .text.ClearExternalIO
                0x08017de0      0x108 mmsource/External.o
                0x08017de0                ClearExternalIO
 .text.fun_joyget
                0x08017ee8      0x108 mmsource/External.o
                0x08017ee8                fun_joyget
 .text.joyparam
                0x08017ff0       0x98 mmsource/External.o
                0x08017ff0                joyparam
 .text.cmd_joyinit
                0x08018088      0x15c mmsource/External.o
                0x08018088                cmd_joyinit
 .text.cmd_open
                0x080181e4       0xd8 mmsource/Files.o
                0x080181e4                cmd_open
 .text.cmd_close
                0x080182bc      0x174 mmsource/Files.o
                0x080182bc                cmd_close
 .text.fun_inputstr
                0x08018430      0x1c8 mmsource/Files.o
                0x08018430                fun_inputstr
 .text.fun_dir  0x080185f8        0xc mmsource/Files.o
                0x080185f8                fun_dir
 .text.fun_eof  0x08018604        0xc mmsource/Files.o
                0x08018604                fun_eof
 .text.fun_loc  0x08018610       0xa4 mmsource/Files.o
                0x08018610                fun_loc
 .text.fun_lof  0x080186b4       0xa4 mmsource/Files.o
                0x080186b4                fun_lof
 .text.fun_cwd  0x08018758       0x54 mmsource/Files.o
                0x08018758                fun_cwd
 .text.cmd_name
                0x080187ac        0xc mmsource/Files.o
                0x080187ac                cmd_name
 .text.cmd_copy
                0x080187b8        0xc mmsource/Files.o
                0x080187b8                cmd_copy
 .text.fun_errno
                0x080187c4       0x1c mmsource/Files.o
                0x080187c4                fun_errno
 .text.cmd_drive
                0x080187e0       0x60 mmsource/Files.o
                0x080187e0                cmd_drive
 .text.cmd_seek
                0x08018840        0xc mmsource/Files.o
                0x08018840                cmd_seek
 .text.fun_mmdrive
                0x0801884c       0x3c mmsource/Files.o
                0x0801884c                fun_mmdrive
 .text.fun_mmfname
                0x08018888       0x24 mmsource/Files.o
                0x08018888                fun_mmfname
 .text.CheckAbort
                0x080188ac       0x1c mmsource/Files.o
                0x080188ac                CheckAbort
 .text.SetPathNameF7
                0x080188c8       0xfc mmsource/Files.o
                0x080188c8                SetPathNameF7
 .text.GetDrive
                0x080189c4       0xc0 mmsource/Files.o
                0x080189c4                GetDrive
 .text.cmd_mkdir
                0x08018a84      0x298 mmsource/Files.o
                0x08018a84                cmd_mkdir
 .text.cmd_rmdir
                0x08018d1c      0x24c mmsource/Files.o
                0x08018d1c                cmd_rmdir
 .text.cmd_chdir
                0x08018f68      0x448 mmsource/Files.o
                0x08018f68                cmd_chdir
 .text.cmd_kill
                0x080193b0      0x24c mmsource/Files.o
                0x080193b0                cmd_kill
 .text.MMfopen  0x080195fc      0x328 mmsource/Files.o
                0x080195fc                MMfopen
 .text.MMfclose
                0x08019924       0xe0 mmsource/Files.o
                0x08019924                MMfclose
 .text.MMfgetc  0x08019a04       0x88 mmsource/Files.o
                0x08019a04                MMfgetc
 .text.MMfputc  0x08019a8c       0x98 mmsource/Files.o
                0x08019a8c                MMfputc
 .text.MMfeof   0x08019b24       0xa8 mmsource/Files.o
                0x08019b24                MMfeof
 .text.MMgetline
                0x08019bcc      0x174 mmsource/Files.o
                0x08019bcc                MMgetline
 .text.CloseAllFiles
                0x08019d40       0xd8 mmsource/Files.o
                0x08019d40                CloseAllFiles
 .text.FindFreeFileNbr
                0x08019e18       0x64 mmsource/Files.o
                0x08019e18                FindFreeFileNbr
 .text.GetFileLength
                0x08019e7c       0x20 mmsource/Files.o
                0x08019e7c                GetFileLength
 .text.SDCheckFileName
                0x08019e9c       0xec mmsource/Files.o
                0x08019e9c                SDCheckFileName
 .text.USBCheckFileName
                0x08019f88       0xdc mmsource/Files.o
                0x08019f88                USBCheckFileName
 .text.wildcardIsOk
                0x0801a064       0x84 mmsource/Files.o
                0x0801a064                wildcardIsOk
 .text.cmd_files
                0x0801a0e8      0x77c mmsource/Files.o
                0x0801a0e8                cmd_files
 .text.cmd_cls  0x0801a864       0x3c mmsource/Graphics.o
                0x0801a864                cmd_cls
 .text.cmd_circle
                0x0801a8a0      0x190 mmsource/Graphics.o
                0x0801a8a0                cmd_circle
 .text.cmd_line
                0x0801aa30      0x368 mmsource/Graphics.o
                0x0801aa30                cmd_line
 .text.cmd_pset
                0x0801ad98        0xc mmsource/Graphics.o
                0x0801ad98                cmd_pset
 .text.cmd_preset
                0x0801ada4        0xc mmsource/Graphics.o
                0x0801ada4                cmd_preset
 .text.cmd_locate
                0x0801adb0        0xc mmsource/Graphics.o
                0x0801adb0                cmd_locate
 .text.cmd_blit
                0x0801adbc       0x94 mmsource/Graphics.o
                0x0801adbc                cmd_blit
 .text.fun_collision
                0x0801ae50        0xc mmsource/Graphics.o
                0x0801ae50                fun_collision
 .text.cmd_sprite
                0x0801ae5c      0x164 mmsource/Graphics.o
                0x0801ae5c                cmd_sprite
 .text.cmd_map  0x0801afc0      0x114 mmsource/Graphics.o
                0x0801afc0                cmd_map
 .text.fun_pixel
                0x0801b0d4       0xc4 mmsource/Graphics.o
                0x0801b0d4                fun_pixel
 .text.fun_hres
                0x0801b198       0x10 mmsource/Graphics.o
                0x0801b198                fun_hres
 .text.fun_vres
                0x0801b1a8       0x10 mmsource/Graphics.o
                0x0801b1a8                fun_vres
 .text.fun_lastx
                0x0801b1b8       0x1c mmsource/Graphics.o
                0x0801b1b8                fun_lastx
 .text.fun_lasty
                0x0801b1d4       0x1c mmsource/Graphics.o
                0x0801b1d4                fun_lasty
 .text.fun_black
                0x0801b1f0        0xc mmsource/Graphics.o
                0x0801b1f0                fun_black
 .text.fun_blue
                0x0801b1fc       0x10 mmsource/Graphics.o
                0x0801b1fc                fun_blue
 .text.fun_green
                0x0801b20c       0x10 mmsource/Graphics.o
                0x0801b20c                fun_green
 .text.fun_cyan
                0x0801b21c       0x10 mmsource/Graphics.o
                0x0801b21c                fun_cyan
 .text.fun_red  0x0801b22c       0x10 mmsource/Graphics.o
                0x0801b22c                fun_red
 .text.fun_purple
                0x0801b23c       0x10 mmsource/Graphics.o
                0x0801b23c                fun_purple
 .text.fun_yellow
                0x0801b24c       0x10 mmsource/Graphics.o
                0x0801b24c                fun_yellow
 .text.fun_white
                0x0801b25c       0x10 mmsource/Graphics.o
                0x0801b25c                fun_white
 .text.fun_orange
                0x0801b26c       0x10 mmsource/Graphics.o
                0x0801b26c                fun_orange
 .text.fun_brown
                0x0801b27c       0x10 mmsource/Graphics.o
                0x0801b27c                fun_brown
 .text.fun_lred
                0x0801b28c       0x10 mmsource/Graphics.o
                0x0801b28c                fun_lred
 .text.fun_dgrey
                0x0801b29c       0x10 mmsource/Graphics.o
                0x0801b29c                fun_dgrey
 .text.fun_grey
                0x0801b2ac       0x10 mmsource/Graphics.o
                0x0801b2ac                fun_grey
 .text.fun_lgrey
                0x0801b2bc       0x10 mmsource/Graphics.o
                0x0801b2bc                fun_lgrey
 .text.fun_lgreen
                0x0801b2cc       0x10 mmsource/Graphics.o
                0x0801b2cc                fun_lgreen
 .text.fun_lblue
                0x0801b2dc       0x10 mmsource/Graphics.o
                0x0801b2dc                fun_lblue
 .text.cmd_loadbmp
                0x0801b2ec      0x100 mmsource/Graphics.o
                0x0801b2ec                cmd_loadbmp
 .text.cmd_savebmp
                0x0801b3ec      0x114 mmsource/Graphics.o
                0x0801b3ec                cmd_savebmp
 .text.cmd_ellipse
                0x0801b500      0x1ac mmsource/Graphics.o
                0x0801b500                cmd_ellipse
 .text.cmd_setlayer
                0x0801b6ac       0x64 mmsource/Graphics.o
                0x0801b6ac                cmd_setlayer
 .text.cmd_showlayer
                0x0801b710       0x60 mmsource/Graphics.o
                0x0801b710                cmd_showlayer
 .text.cmd_copylayer
                0x0801b770       0x88 mmsource/Graphics.o
                0x0801b770                cmd_copylayer
 .text.fun_getlayer
                0x0801b7f8       0x1c mmsource/Graphics.o
                0x0801b7f8                fun_getlayer
 .text.cmd_quad
                0x0801b814      0x1ac mmsource/Graphics.o
                0x0801b814                cmd_quad
 .text.cmd_oj3d
                0x0801b9c0      0x24c mmsource/Graphics.o
                0x0801b9c0                cmd_oj3d
 .text.cmd_jpg  0x0801bc0c      0x120 mmsource/Graphics.o
                0x0801bc0c                cmd_jpg
 .text.cmd_polypoint
                0x0801bd2c       0x84 mmsource/Graphics.o
                0x0801bd2c                cmd_polypoint
 .text.cmd_polycenter
                0x0801bdb0       0x6c mmsource/Graphics.o
                0x0801bdb0                cmd_polycenter
 .text.cmd_polymove
                0x0801be1c       0xa0 mmsource/Graphics.o
                0x0801be1c                cmd_polymove
 .text.cmd_polygon
                0x0801bebc       0xe4 mmsource/Graphics.o
                0x0801bebc                cmd_polygon
 .text.cmd_rotatepoly
                0x0801bfa0      0x120 mmsource/Graphics.o
                0x0801bfa0                cmd_rotatepoly
 .text.cmd_loadpoly
                0x0801c0c0      0x128 mmsource/Graphics.o
                0x0801c0c0                cmd_loadpoly
 .text.cmd_rect
                0x0801c1e8       0xfc mmsource/Graphics.o
                0x0801c1e8                cmd_rect
 .text.cmd_roundrect
                0x0801c2e4      0x110 mmsource/Graphics.o
                0x0801c2e4                cmd_roundrect
 .text.getcoord
                0x0801c3f4       0x6c mmsource/Graphics.o
                0x0801c3f4                getcoord
 .text.cmd_pixel
                0x0801c460       0xbc mmsource/Graphics.o
                0x0801c460                cmd_pixel
 .text.get3coord
                0x0801c51c       0x98 mmsource/Graphics.o
                0x0801c51c                get3coord
 .text.cmd_triangle
                0x0801c5b4      0x180 mmsource/Graphics.o
                0x0801c5b4                cmd_triangle
 .text.fun_mmi2c
                0x0801c734       0x1c mmsource/I2C_F7.o
                0x0801c734                fun_mmi2c
 .text.i2cEnable
                0x0801c750       0xa0 mmsource/I2C_F7.o
                0x0801c750                i2cEnable
 .text.i2cSend  0x0801c7f0      0x28c mmsource/I2C_F7.o
                0x0801c7f0                i2cSend
 .text.i2cReceive
                0x0801ca7c      0x2c0 mmsource/I2C_F7.o
                0x0801ca7c                i2cReceive
 .text.cmd_i2c  0x0801cd3c       0x90 mmsource/I2C_F7.o
                0x0801cd3c                cmd_i2c
 .text.i2c_disable
                0x0801cdcc       0x2c mmsource/I2C_F7.o
                0x0801cdcc                i2c_disable
 .text.cmd_rtc  0x0801cdf8      0x570 mmsource/I2C_F7.o
                0x0801cdf8                cmd_rtc
 .text.cmd_mpu6050
                0x0801d368       0xf0 mmsource/I2C_F7.o
                0x0801d368                cmd_mpu6050
 .text.fun_mpu6050
                0x0801d458      0x150 mmsource/I2C_F7.o
                0x0801d458                fun_mpu6050
 .text.cmd_timer
                0x0801d5a8       0x70 mmsource/MM_Misc.o
                0x0801d5a8                cmd_timer
 .text.fun_timer
                0x0801d618       0x1c mmsource/MM_Misc.o
                0x0801d618                fun_timer
 .text.cmd_date
                0x0801d634       0xe4 mmsource/MM_Misc.o
                0x0801d634                cmd_date
 .text.fun_date
                0x0801d718       0x34 mmsource/MM_Misc.o
                0x0801d718                fun_date
 .text.cmd_time
                0x0801d74c       0xec mmsource/MM_Misc.o
                0x0801d74c                cmd_time
 .text.fun_time
                0x0801d838       0x34 mmsource/MM_Misc.o
                0x0801d838                fun_time
 .text.cmd_ireturn
                0x0801d86c       0x4c mmsource/MM_Misc.o
                0x0801d86c                cmd_ireturn
 .text.cmd_settick
                0x0801d8b8       0xe0 mmsource/MM_Misc.o
                0x0801d8b8                cmd_settick
 .text.cmd_copyright
                0x0801d998       0x44 mmsource/MM_Misc.o
                0x0801d998                cmd_copyright
 .text.SpiClose
                0x0801d9dc       0x84 mmsource/MM_Misc.o
                0x0801d9dc                SpiClose
 .text.cmd_spi  0x0801da60      0x220 mmsource/MM_Misc.o
                0x0801da60                cmd_spi
 .text.fun_spi  0x0801dc80       0xe4 mmsource/MM_Misc.o
                0x0801dc80                fun_spi
 .text.cmd_mode
                0x0801dd64        0x4 mmsource/MM_Misc.o
                0x0801dd64                cmd_mode
 .text.cmd_colour
                0x0801dd68       0xac mmsource/MM_Misc.o
                0x0801dd68                cmd_colour
 .text.cmd_cline
                0x0801de14        0x4 mmsource/MM_Misc.o
                0x0801de14                cmd_cline
 .text.fun_clr  0x0801de18       0x98 mmsource/MM_Misc.o
                0x0801de18                fun_clr
 .text.cmd_font
                0x0801deb0       0xe8 mmsource/MM_Misc.o
                0x0801deb0                cmd_font
 .text.cmd_config
                0x0801df98      0x31c mmsource/MM_Misc.o
                0x0801df98                cmd_config
 .text.fun_at   0x0801e2b4      0x134 mmsource/MM_Misc.o
                0x0801e2b4                fun_at
 .text.fun_device
                0x0801e3e8       0x30 mmsource/MM_Misc.o
                0x0801e3e8                fun_device
 .text.fun_keydown
                0x0801e418       0x24 mmsource/MM_Misc.o
                0x0801e418                fun_keydown
 .text.cmd_watchdog
                0x0801e43c        0xc mmsource/MM_Misc.o
                0x0801e43c                cmd_watchdog
 .text.check_interrupt
                0x0801e448      0x1f4 mmsource/MM_Misc.o
                0x0801e448                check_interrupt
 *fill*         0x0801e63c        0x4 
 .text.cmd_pause
                0x0801e640       0xc8 mmsource/MM_Misc.o
                0x0801e640                cmd_pause
 .text.GetIntAddress
                0x0801e708       0x4c mmsource/MM_Misc.o
                0x0801e708                GetIntAddress
 .text.cmd_memory
                0x0801e754      0x524 mmsource/Memory.o
                0x0801e754                cmd_memory
 .text.m_alloc  0x0801ec78      0x150 mmsource/Memory.o
                0x0801ec78                m_alloc
 .text.GetTempStringSpace
                0x0801edc8      0x130 mmsource/Memory.o
                0x0801edc8                GetTempStringSpace
 .text.ClearTempSpace
                0x0801eef8       0x98 mmsource/Memory.o
                0x0801eef8                ClearTempSpace
 .text.TestStackOverflow
                0x0801ef90        0x4 mmsource/Memory.o
                0x0801ef90                TestStackOverflow
 .text.FreeHeap
                0x0801ef94       0x5c mmsource/Memory.o
                0x0801ef94                FreeHeap
 .text.InitHeap
                0x0801eff0       0x4c mmsource/Memory.o
                0x0801eff0                InitHeap
 .text.getheap  0x0801f03c      0x160 mmsource/Memory.o
                0x0801f03c                getheap
 .text.getmemory
                0x0801f19c        0x4 mmsource/Memory.o
                0x0801f19c                getmemory
 .text.drawButton
                0x0801f1a0      0x18c mmsource/Touch_F7.o
                0x0801f1a0                drawButton
 .text.drawPushButton
                0x0801f32c      0x18c mmsource/Touch_F7.o
                0x0801f32c                drawPushButton
 .text.drawSwitch
                0x0801f4b8      0x180 mmsource/Touch_F7.o
                0x0801f4b8                drawSwitch
 .text.drawCheckbox
                0x0801f638      0x1f4 mmsource/Touch_F7.o
                0x0801f638                drawCheckbox
 .text.drawRadioButton
                0x0801f82c      0x190 mmsource/Touch_F7.o
                0x0801f82c                drawRadioButton
 .text.drawLedButton
                0x0801f9bc      0x180 mmsource/Touch_F7.o
                0x0801f9bc                drawLedButton
 .text.updateHorSlider
                0x0801fb3c      0x2d4 mmsource/Touch_F7.o
                0x0801fb3c                updateHorSlider
 .text.updateVertSlider
                0x0801fe10      0x2d4 mmsource/Touch_F7.o
                0x0801fe10                updateVertSlider
 .text.drawItemIdx
                0x080200e4      0x118 mmsource/Touch_F7.o
                0x080200e4                drawItemIdx
 .text.disable_item
                0x080201fc       0xa4 mmsource/Touch_F7.o
                0x080201fc                disable_item
 .text.cmd_touchval
                0x080202a0      0x160 mmsource/Touch_F7.o
                0x080202a0                cmd_touchval
 .text.cmd_touch
                0x08020400      0x89c mmsource/Touch_F7.o
                0x08020400                cmd_touch
 .text.fun_touchval
                0x08020c9c       0x64 mmsource/Touch_F7.o
                0x08020c9c                fun_touchval
 .text.fun_touched
                0x08020d00       0xe8 mmsource/Touch_F7.o
                0x08020d00                fun_touched
 .text.fun_mtouched
                0x08020de8      0x104 mmsource/Touch_F7.o
                0x08020de8                fun_mtouched
 .text.checktouch
                0x08020eec      0x1d0 mmsource/Touch_F7.o
                0x08020eec                checktouch
 .text.initVideo
                0x080210bc       0x1c mmsource/Video.o
                0x080210bc                initVideo
 .text.plotx    0x080210d8       0x14 mmsource/Video.o
                0x080210d8                plotx
 .text.ScrollUp
                0x080210ec       0xc0 mmsource/Video.o
                0x080210ec                ScrollUp
 .text.MMcls    0x080211ac       0x3c mmsource/Video.o
                0x080211ac                MMcls
 .text.MMline   0x080211e8       0x88 mmsource/Video.o
                0x080211e8                MMline
 .text.HBar     0x08021270       0xbc mmsource/Video.o
                0x08021270                HBar
 .text.VBar     0x0802132c       0xbc mmsource/Video.o
                0x0802132c                VBar
 .text.SerialOpen
                0x080213e8      0x2d0 mmsource/serial.o
                0x080213e8                SerialOpen
 .text.SerialClose
                0x080216b8       0x74 mmsource/serial.o
                0x080216b8                SerialClose
 .text.SerialPutchar
                0x0802172c       0x18 mmsource/serial.o
                0x0802172c                SerialPutchar
 .text.SerialRxStatus
                0x08021744       0x10 mmsource/serial.o
                0x08021744                SerialRxStatus
 .text.SerialTxStatus
                0x08021754        0xc mmsource/serial.o
                0x08021754                SerialTxStatus
 .text.SerialGetchar
                0x08021760       0x14 mmsource/serial.o
                0x08021760                SerialGetchar
 .text.cmd_null
                0x08021774        0x4 mmbasic/Commands.o
                0x08021774                cmd_null
 .text.cmd_print
                0x08021778      0x158 mmbasic/Commands.o
                0x08021778                cmd_print
 .text.cmd_write
                0x080218d0      0x114 mmbasic/Commands.o
                0x080218d0                cmd_write
 .text.cmd_let  0x080219e4      0x120 mmbasic/Commands.o
                0x080219e4                cmd_let
 .text.GetFileName
                0x08021b04       0x78 mmbasic/Commands.o
                0x08021b04                GetFileName
 .text.cmd_continue
                0x08021b7c       0x44 mmbasic/Commands.o
                0x08021b7c                cmd_continue
 .text.cmd_new  0x08021bc0       0x28 mmbasic/Commands.o
                0x08021bc0                cmd_new
 .text.cmd_clear
                0x08021be8       0x18 mmbasic/Commands.o
                0x08021be8                cmd_clear
 .text.cmd_goto
                0x08021c00       0x40 mmbasic/Commands.o
                0x08021c00                cmd_goto
 .text.cmd_else
                0x08021c40      0x104 mmbasic/Commands.o
                0x08021c40                cmd_else
 .text.cmd_end  0x08021d44       0x34 mmbasic/Commands.o
                0x08021d44                cmd_end
 .text.cmd_input
                0x08021d78      0x254 mmbasic/Commands.o
                0x08021d78                cmd_input
 .text.cmd_tron
                0x08021fcc       0x1c mmbasic/Commands.o
                0x08021fcc                cmd_tron
 .text.cmd_troff
                0x08021fe8       0x1c mmbasic/Commands.o
                0x08021fe8                cmd_troff
 .text.cmd_for  0x08022004      0x3d8 mmbasic/Commands.o
                0x08022004                cmd_for
 .text.cmd_next
                0x080223dc      0x214 mmbasic/Commands.o
                0x080223dc                cmd_next
 .text.cmd_do   0x080225f0      0x27c mmbasic/Commands.o
                0x080225f0                cmd_do
 .text.cmd_loop
                0x0802286c      0x114 mmbasic/Commands.o
                0x0802286c                cmd_loop
 .text.cmd_exitfor
                0x08022980       0x58 mmbasic/Commands.o
                0x08022980                cmd_exitfor
 .text.cmd_exit
                0x080229d8       0x54 mmbasic/Commands.o
                0x080229d8                cmd_exit
 .text.cmd_error
                0x08022a2c       0x34 mmbasic/Commands.o
                0x08022a2c                cmd_error
 .text.cmd_randomize
                0x08022a60       0x30 mmbasic/Commands.o
                0x08022a60                cmd_randomize
 .text.cmd_subfun
                0x08022a90       0xa4 mmbasic/Commands.o
                0x08022a90                cmd_subfun
 .text.cmd_gosub
                0x08022b34       0x74 mmbasic/Commands.o
                0x08022b34                cmd_gosub
 .text.cmd_return
                0x08022ba8       0x58 mmbasic/Commands.o
                0x08022ba8                cmd_return
 .text.cmd_endfun
                0x08022c00       0x40 mmbasic/Commands.o
                0x08022c00                cmd_endfun
 .text.cmd_read
                0x08022c40      0x380 mmbasic/Commands.o
                0x08022c40                cmd_read
 .text.cmd_restore
                0x08022fc0       0x1c mmbasic/Commands.o
                0x08022fc0                cmd_restore
 .text.cmd_lineinput
                0x08022fdc      0x138 mmbasic/Commands.o
                0x08022fdc                cmd_lineinput
 .text.cmd_delete
                0x08023114      0x144 mmbasic/Commands.o
                0x08023114                cmd_delete
 .text.cmd_on   0x08023258      0x178 mmbasic/Commands.o
                0x08023258                cmd_on
 .text.cmd_dim  0x080233d0       0x90 mmbasic/Commands.o
                0x080233d0                cmd_dim
 .text.cmd_local
                0x08023460       0xac mmbasic/Commands.o
                0x08023460                cmd_local
 .text.cmd_erase
                0x0802350c      0x134 mmbasic/Commands.o
                0x0802350c                cmd_erase
 .text.cmd_option
                0x08023640      0x204 mmbasic/Commands.o
                0x08023640                cmd_option
 .text.cmd_poke
                0x08023844       0xa0 mmbasic/Commands.o
                0x08023844                cmd_poke
 .text.cmd_auto
                0x080238e4       0xa0 mmbasic/Commands.o
                0x080238e4                cmd_auto
 .text.mergefile
                0x08023984      0x174 mmbasic/Commands.o
                0x08023984                mergefile
 .text.cmd_run  0x08023af8      0x114 mmbasic/Commands.o
                0x08023af8                cmd_run
 .text.cmd_load
                0x08023c0c       0x8c mmbasic/Commands.o
                0x08023c0c                cmd_load
 .text.cmd_merge
                0x08023c98       0x3c mmbasic/Commands.o
                0x08023c98                cmd_merge
 .text.cmd_chain
                0x08023cd4      0x154 mmbasic/Commands.o
                0x08023cd4                cmd_chain
 .text.strCopyWithCase
                0x08023e28       0x98 mmbasic/Commands.o
                0x08023e28                strCopyWithCase
 .text.llist    0x08023ec0      0x210 mmbasic/Commands.o
                0x08023ec0                llist
 .text.flist    0x080240d0      0x104 mmbasic/Commands.o
                0x080240d0                flist
 .text.cmd_list
                0x080241d4       0xa8 mmbasic/Commands.o
                0x080241d4                cmd_list
 .text.cmd_save
                0x0802427c      0x100 mmbasic/Commands.o
                0x0802427c                cmd_save
 .text.execute_one_command
                0x0802437c      0x118 mmbasic/Commands.o
                0x0802437c                execute_one_command
 .text.cmd_if   0x08024494      0x3c0 mmbasic/Commands.o
                0x08024494                cmd_if
 .text.fun_irnd
                0x08024854       0x2c mmbasic/Functions.o
                0x08024854                fun_irnd
 .text.fun_acos
                0x08024880       0x20 mmbasic/Functions.o
                0x08024880                fun_acos
 .text.fun_asin
                0x080248a0       0x20 mmbasic/Functions.o
                0x080248a0                fun_asin
 .text.fun_calcco
                0x080248c0       0x4c mmbasic/Functions.o
                0x080248c0                fun_calcco
 .text.fun_calcsi
                0x0802490c       0x4c mmbasic/Functions.o
                0x0802490c                fun_calcsi
 .text.fun_fwidth
                0x08024958       0x28 mmbasic/Functions.o
                0x08024958                fun_fwidth
 .text.fun_fheight
                0x08024980       0x28 mmbasic/Functions.o
                0x08024980                fun_fheight
 .text.fun_abs  0x080249a8       0x20 mmbasic/Functions.o
                0x080249a8                fun_abs
 .text.fun_asc  0x080249c8       0x38 mmbasic/Functions.o
                0x080249c8                fun_asc
 .text.fun_atn  0x08024a00       0x20 mmbasic/Functions.o
                0x08024a00                fun_atn
 .text.fun_bin  0x08024a20       0x5c mmbasic/Functions.o
                0x08024a20                fun_bin
 .text.fun_chr  0x08024a7c       0x34 mmbasic/Functions.o
                0x08024a7c                fun_chr
 .text.fun_cint
                0x08024ab0       0x24 mmbasic/Functions.o
                0x08024ab0                fun_cint
 .text.fun_cos  0x08024ad4       0x20 mmbasic/Functions.o
                0x08024ad4                fun_cos
 *fill*         0x08024af4        0x4 
 .text.fun_deg  0x08024af8       0x38 mmbasic/Functions.o
                0x08024af8                fun_deg
 .text.fun_exp  0x08024b30       0x20 mmbasic/Functions.o
                0x08024b30                fun_exp
 .text.fun_hex  0x08024b50       0x34 mmbasic/Functions.o
                0x08024b50                fun_hex
 .text.fun_instr
                0x08024b84       0xc8 mmbasic/Functions.o
                0x08024b84                fun_instr
 .text.fun_int  0x08024c4c       0x20 mmbasic/Functions.o
                0x08024c4c                fun_int
 .text.fun_fix  0x08024c6c       0x24 mmbasic/Functions.o
                0x08024c6c                fun_fix
 .text.fun_left
                0x08024c90       0x70 mmbasic/Functions.o
                0x08024c90                fun_left
 .text.fun_right
                0x08024d00       0xf8 mmbasic/Functions.o
                0x08024d00                fun_right
 .text.fun_len  0x08024df8       0x24 mmbasic/Functions.o
                0x08024df8                fun_len
 .text.fun_log  0x08024e1c       0x44 mmbasic/Functions.o
                0x08024e1c                fun_log
 .text.fun_mid  0x08024e60      0x140 mmbasic/Functions.o
                0x08024e60                fun_mid
 .text.fun_oct  0x08024fa0       0x34 mmbasic/Functions.o
                0x08024fa0                fun_oct
 .text.fun_pi   0x08024fd4       0x10 mmbasic/Functions.o
                0x08024fd4                fun_pi
 *fill*         0x08024fe4        0x4 
 .text.fun_rad  0x08024fe8       0x38 mmbasic/Functions.o
                0x08024fe8                fun_rad
 .text.fun_rnd  0x08025020       0x28 mmbasic/Functions.o
                0x08025020                fun_rnd
 .text.fun_sgn  0x08025048       0x3c mmbasic/Functions.o
                0x08025048                fun_sgn
 .text.fun_sin  0x08025084       0x20 mmbasic/Functions.o
                0x08025084                fun_sin
 .text.fun_sqr  0x080250a4       0x54 mmbasic/Functions.o
                0x080250a4                fun_sqr
 .text.fun_tan  0x080250f8       0x20 mmbasic/Functions.o
                0x080250f8                fun_tan
 .text.fun_val  0x08025118       0xa0 mmbasic/Functions.o
                0x08025118                fun_val
 .text.fun_space
                0x080251b8       0x34 mmbasic/Functions.o
                0x080251b8                fun_space
 .text.fun_str  0x080251ec       0x40 mmbasic/Functions.o
                0x080251ec                fun_str
 .text.fun_string
                0x0802522c       0x98 mmbasic/Functions.o
                0x0802522c                fun_string
 .text.fun_format
                0x080252c4      0x108 mmbasic/Functions.o
                0x080252c4                fun_format
 .text.fun_ucase
                0x080253cc       0x50 mmbasic/Functions.o
                0x080253cc                fun_ucase
 .text.fun_lcase
                0x0802541c       0x50 mmbasic/Functions.o
                0x0802541c                fun_lcase
 .text.fun_peek
                0x0802546c       0xac mmbasic/Functions.o
                0x0802546c                fun_peek
 .text.fun_version
                0x08025518       0x68 mmbasic/Functions.o
                0x08025518                fun_version
 .text.fun_pos  0x08025580       0x1c mmbasic/Functions.o
                0x08025580                fun_pos
 .text.fun_tab  0x0802559c       0x68 mmbasic/Functions.o
                0x0802559c                fun_tab
 .text.fun_inkey
                0x08025604       0x24 mmbasic/Functions.o
                0x08025604                fun_inkey
 .text.fun_cmdline
                0x08025628       0x4c mmbasic/Functions.o
                0x08025628                fun_cmdline
 .text.AddProgramLine
                0x08025674      0x188 mmbasic/MMBasic.o
                0x08025674                AddProgramLine
 .text.CountLines
                0x080257fc       0x44 mmbasic/MMBasic.o
                0x080257fc                CountLines
 .text.error    0x08025840      0x138 mmbasic/MMBasic.o
                0x08025840                error
 .text.findline
                0x08025978       0x64 mmbasic/MMBasic.o
                0x08025978                findline
 .text.findlabel
                0x080259dc      0x190 mmbasic/MMBasic.o
                0x080259dc                findlabel
 .text.IsValidLine
                0x08025b6c       0x5c mmbasic/MMBasic.o
                0x08025b6c                IsValidLine
 .text.makeargs
                0x08025bc8      0x288 mmbasic/MMBasic.o
                0x08025bc8                makeargs
 .text.PrepareProgram
                0x08025e50      0x120 mmbasic/MMBasic.o
                0x08025e50                PrepareProgram
 .text.FindSubFun
                0x08025f70      0x1a4 mmbasic/MMBasic.o
                0x08025f70                FindSubFun
 .text.ClearVars
                0x08026114      0x104 mmbasic/MMBasic.o
                0x08026114                ClearVars
 .text.ClearStack
                0x08026218       0x38 mmbasic/MMBasic.o
                0x08026218                ClearStack
 .text.ClearRuntime
                0x08026250      0x12c mmbasic/MMBasic.o
                0x08026250                ClearRuntime
 .text.InitBasic
                0x0802637c      0x324 mmbasic/MMBasic.o
                0x0802637c                InitBasic
 .text.ClearProgram
                0x080266a0       0x74 mmbasic/MMBasic.o
                0x080266a0                ClearProgram
 *fill*         0x08026714        0x4 
 .text.MMround  0x08026718       0x80 mmbasic/MMBasic.o
                0x08026718                MMround
 .text.makeupper
                0x08026798       0x30 mmbasic/MMBasic.o
                0x08026798                makeupper
 .text.GetCommandValue
                0x080267c8       0x68 mmbasic/MMBasic.o
                0x080267c8                GetCommandValue
 .text.GetTokenValue
                0x08026830       0x6c mmbasic/MMBasic.o
                0x08026830                GetTokenValue
 .text.skipvar  0x0802689c       0xd0 mmbasic/MMBasic.o
                0x0802689c                skipvar
 .text.tokenise
                0x0802696c      0x7fc mmbasic/MMBasic.o
                0x0802696c                tokenise
 .text.vartype  0x08027168       0x58 mmbasic/MMBasic.o
                0x08027168                vartype
 .text.getclosebracket
                0x080271c0       0x74 mmbasic/MMBasic.o
                0x080271c0                getclosebracket
 .text.getvalue
                0x08027234      0x88c mmbasic/MMBasic.o
                0x08027234                getvalue
 .text.doexpr   0x08027ac0      0x128 mmbasic/MMBasic.o
                0x08027ac0                doexpr
 .text.evaluate
                0x08027be8       0x98 mmbasic/MMBasic.o
                0x08027be8                evaluate
 .text.getnumber
                0x08027c80       0x20 mmbasic/MMBasic.o
                0x08027c80                getnumber
 .text.getinteger
                0x08027ca0       0x98 mmbasic/MMBasic.o
                0x08027ca0                getinteger
 .text.getint   0x08027d38       0xa8 mmbasic/MMBasic.o
                0x08027d38                getint
 .text.getstring
                0x08027de0       0x1c mmbasic/MMBasic.o
                0x08027de0                getstring
 *fill*         0x08027dfc        0x4 
 .text.findvar  0x08027e00      0x810 mmbasic/MMBasic.o
                0x08027e00                findvar
 .text.ExecuteProgram
                0x08028610      0x6e8 mmbasic/MMBasic.o
                0x08028610                ExecuteProgram
 .text.DefinedSubFun
                0x08028cf8      0x654 mmbasic/MMBasic.o
                0x08028cf8                DefinedSubFun
 .text.checkend
                0x0802934c       0x24 mmbasic/MMBasic.o
                0x0802934c                checkend
 .text.checkstring
                0x08029370       0x68 mmbasic/MMBasic.o
                0x08029370                checkstring
 .text.InsertLastcmd
                0x080293d8       0x60 mmbasic/MMBasic.o
                0x080293d8                InsertLastcmd
 .text.MMPrintString
                0x08029438       0x18 mmbasic/MMBasic.o
                0x08029438                MMPrintString
 .text.MMfputs  0x08029450       0x20 mmbasic/MMBasic.o
                0x08029450                MMfputs
 .text.CtoM     0x08029470       0x2c mmbasic/MMBasic.o
                0x08029470                CtoM
 .text.Mstrcpy  0x0802949c       0x8c mmbasic/MMBasic.o
                0x0802949c                Mstrcpy
 .text.Mstrcat  0x08029528       0xa4 mmbasic/MMBasic.o
                0x08029528                Mstrcat
 .text.getCstring
                0x080295cc       0xe0 mmbasic/MMBasic.o
                0x080295cc                getCstring
 .text.Mstrcmp  0x080296ac       0x58 mmbasic/MMBasic.o
                0x080296ac                Mstrcmp
 .text.strncasecmp
                0x08029704       0x48 mmbasic/MMBasic.o
                0x08029704                strncasecmp
 .text.str_equal
                0x0802974c       0x3c mmbasic/MMBasic.o
                0x0802974c                str_equal
 .text.mem_equal
                0x08029788       0x3c mmbasic/MMBasic.o
                0x08029788                mem_equal
 .text.op_invalid
                0x080297c4        0xc mmbasic/Operators.o
                0x080297c4                op_invalid
 .text.op_exp   0x080297d0       0x28 mmbasic/Operators.o
                0x080297d0                op_exp
 .text.op_mul   0x080297f8       0x24 mmbasic/Operators.o
                0x080297f8                op_mul
 .text.op_div   0x0802981c       0x40 mmbasic/Operators.o
                0x0802981c                op_div
 .text.op_divint
                0x0802985c       0x48 mmbasic/Operators.o
                0x0802985c                op_divint
 .text.op_add   0x080298a4       0x78 mmbasic/Operators.o
                0x080298a4                op_add
 .text.op_subtract
                0x0802991c       0x24 mmbasic/Operators.o
                0x0802991c                op_subtract
 .text.op_mod   0x08029940       0x4c mmbasic/Operators.o
                0x08029940                op_mod
 .text.op_ne    0x0802998c       0x7c mmbasic/Operators.o
                0x0802998c                op_ne
 .text.op_gte   0x08029a08       0x7c mmbasic/Operators.o
                0x08029a08                op_gte
 .text.op_lte   0x08029a84       0x7c mmbasic/Operators.o
                0x08029a84                op_lte
 .text.op_lt    0x08029b00       0x7c mmbasic/Operators.o
                0x08029b00                op_lt
 .text.op_gt    0x08029b7c       0x7c mmbasic/Operators.o
                0x08029b7c                op_gt
 .text.op_equal
                0x08029bf8       0x7c mmbasic/Operators.o
                0x08029bf8                op_equal
 .text.op_and   0x08029c74       0x38 mmbasic/Operators.o
                0x08029c74                op_and
 .text.op_or    0x08029cac       0x38 mmbasic/Operators.o
                0x08029cac                op_or
 .text.op_xor   0x08029ce4       0x38 mmbasic/Operators.o
                0x08029ce4                op_xor
 .text.op_not   0x08029d1c        0xc mmbasic/Operators.o
                0x08029d1c                op_not
 .text.op_shl   0x08029d28       0x38 mmbasic/Operators.o
                0x08029d28                op_shl
 .text.op_shr   0x08029d60       0x38 mmbasic/Operators.o
                0x08029d60                op_shr
 .text.disk_status
                0x08029d98       0x14 fatfs/diskio.o
                0x08029d98                disk_status
 .text.disk_initialize
                0x08029dac       0x28 fatfs/diskio.o
                0x08029dac                disk_initialize
 .text.disk_read
                0x08029dd4       0x1c fatfs/diskio.o
                0x08029dd4                disk_read
 .text.disk_write
                0x08029df0       0x1c fatfs/diskio.o