Archive member included because of file (symbol)

C:/Program Files (x86)/Rowley Associates Limited/CrossWorks for ARM 3.6/lib/libm_v7em_t_le_eabi.a(libm_asm.o)
                              MCU16 ARM Release/mcu_remote.o (__aeabi_i2d)
C:/Program Files (x86)/Rowley Associates Limited/CrossWorks for ARM 3.6/lib/libc_v7em_t_le_eabi.a(libc2.o)
                              MCU16 ARM Release/mcu_encoder.o (abs)
C:/Program Files (x86)/Rowley Associates Limited/CrossWorks for ARM 3.6/lib/libc_v7em_t_le_eabi.a(libc2_asm.o)
                              C:/Program Files (x86)/Rowley Associates Limited/CrossWorks for ARM 3.6/lib/libc_v7em_t_le_eabi.a(libc2.o) (memcpy)
C:/Program Files (x86)/Rowley Associates Limited/CrossWorks for ARM 3.6/lib/libc_v7em_t_le_eabi.a(libc_asm.o)
                              C:/Program Files (x86)/Rowley Associates Limited/CrossWorks for ARM 3.6/lib/libc_v7em_t_le_eabi.a(libc2.o) (__aeabi_uldivmod)
C:/Program Files (x86)/Rowley Associates Limited/CrossWorks for ARM 3.6/lib/libm_v7em_t_le_eabi.a(libm2.o)
                              C:/Program Files (x86)/Rowley Associates Limited/CrossWorks for ARM 3.6/lib/libvfprintf_v7em_t_le_eabi.o (frexp)
C:/Program Files (x86)/Rowley Associates Limited/CrossWorks for ARM 3.6/lib/libm_v7em_t_le_eabi.a(libm2_asm.o)
                              C:/Program Files (x86)/Rowley Associates Limited/CrossWorks for ARM 3.6/lib/libm_v7em_t_le_eabi.a(libm2.o) (fabs)

Discarded input sections

 .text          0x00000000        0x0 MCU16 ARM Release/mcu_encoder.o
 .data          0x00000000        0x0 MCU16 ARM Release/mcu_encoder.o
 .bss           0x00000000        0x0 MCU16 ARM Release/mcu_encoder.o
 .text.EnableEncoder1
                0x00000000       0x14 MCU16 ARM Release/mcu_encoder.o
 .text.DisableEncoder1
                0x00000000       0x14 MCU16 ARM Release/mcu_encoder.o
 .text.EnableEncoder2
                0x00000000       0x14 MCU16 ARM Release/mcu_encoder.o
 .text.DisableEncoder2
                0x00000000       0x14 MCU16 ARM Release/mcu_encoder.o
 .text.EnableEncoder3
                0x00000000       0x14 MCU16 ARM Release/mcu_encoder.o
 .text.DisableEncoder3
                0x00000000       0x14 MCU16 ARM Release/mcu_encoder.o
 .text          0x00000000        0x0 MCU16 ARM Release/mcu_gpio.o
 .data          0x00000000        0x0 MCU16 ARM Release/mcu_gpio.o
 .bss           0x00000000        0x0 MCU16 ARM Release/mcu_gpio.o
 .text          0x00000000        0x0 MCU16 ARM Release/mcu_mode.o
 .data          0x00000000        0x0 MCU16 ARM Release/mcu_mode.o
 .bss           0x00000000        0x0 MCU16 ARM Release/mcu_mode.o
 .text          0x00000000        0x0 MCU16 ARM Release/mcu_output.o
 .data          0x00000000        0x0 MCU16 ARM Release/mcu_output.o
 .bss           0x00000000        0x0 MCU16 ARM Release/mcu_output.o
 .text          0x00000000        0x0 MCU16 ARM Release/mcu_pathcontrol.o
 .data          0x00000000        0x0 MCU16 ARM Release/mcu_pathcontrol.o
 .bss           0x00000000        0x0 MCU16 ARM Release/mcu_pathcontrol.o
 .text          0x00000000        0x0 MCU16 ARM Release/mcu_remote.o
 .data          0x00000000        0x0 MCU16 ARM Release/mcu_remote.o
 .bss           0x00000000        0x0 MCU16 ARM Release/mcu_remote.o
 .text          0x00000000        0x0 MCU16 ARM Release/mcu_serial_cmd.o
 .data          0x00000000        0x0 MCU16 ARM Release/mcu_serial_cmd.o
 .bss           0x00000000        0x0 MCU16 ARM Release/mcu_serial_cmd.o
 .text          0x00000000        0x0 MCU16 ARM Release/stm32f7xx_hal_msp.o
 .data          0x00000000        0x0 MCU16 ARM Release/stm32f7xx_hal_msp.o
 .bss           0x00000000        0x0 MCU16 ARM Release/stm32f7xx_hal_msp.o
 .text          0x00000000        0x0 MCU16 ARM Release/stm32f7xx_it.o
 .data          0x00000000        0x0 MCU16 ARM Release/stm32f7xx_it.o
 .bss           0x00000000        0x0 MCU16 ARM Release/stm32f7xx_it.o
 .text          0x00000000        0x0 MCU16 ARM Release/main.o
 .data          0x00000000        0x0 MCU16 ARM Release/main.o
 .bss           0x00000000        0x0 MCU16 ARM Release/main.o
 .bss.ImageEn   0x00000000        0x1 MCU16 ARM Release/main.o
 .bss.r_in      0x00000000        0x1 MCU16 ARM Release/main.o
 .bss.r_out     0x00000000        0x1 MCU16 ARM Release/main.o
 .bss.t_in      0x00000000        0x1 MCU16 ARM Release/main.o
 .bss.t_out     0x00000000        0x1 MCU16 ARM Release/main.o
 .bss.txbuf_empty
                0x00000000        0x1 MCU16 ARM Release/main.o
 .text          0x00000000        0x0 MCU16 ARM Release/tim.o
 .data          0x00000000        0x0 MCU16 ARM Release/tim.o
 .bss           0x00000000        0x0 MCU16 ARM Release/tim.o
 .text.HAL_TIM_Encoder_MspDeInit
                0x00000000       0x84 MCU16 ARM Release/tim.o
 .text.HAL_TIM_Base_MspDeInit
                0x00000000       0xf8 MCU16 ARM Release/tim.o
 .text          0x00000000        0x0 MCU16 ARM Release/gpio.o
[...]
Memory Configuration

Name             Origin             Length             Attributes
UNPLACED_SECTIONS 0xffffffff         0x00000000         xw
ITCM             0x00000000         0x00004000         xw
FLASH            0x08000000         0x00100000         xr
SYSTEM           0x1fff0000         0x0000edc0         xw
OTP              0x1ff0f000         0x0000041f         xw
OPTION           0x1ff00000         0x00000020         xw
RAM              0x20000000         0x00050000         xw
DTCM             0x20000000         0x00010000         xw
SRAM1            0x20010000         0x0003c000         xw
SRAM2            0x2004c000         0x00004000         xw
APB1             0x40000000         0x00008000         xw
APB2             0x40010000         0x00006c00         xw
AHB1             0x40020000         0x00060000         xw
AHB2             0x50000000         0x00060c00         xw
NOR_PSRAM1       0x60000000         0x00000000         xw
NOR_PSRAM2       0x64000000         0x00000000         xw
NOR_PSRAM3       0x68000000         0x00000000         xw
NOR_PSRAM4       0x6c000000         0x00000000         xw
NAND             0x80000000         0x00000000         xr
QUADSPI_FLASH    0x90000000         0x00000000         xr
FMC              0xa0000000         0x00001000         xw
QUADSPI          0xa0001000         0x00000400         xw
SDRAM1           0xc0000000         0x00000000         xw
SDRAM2           0xd0000000         0x00000000         xw
PPB              0xe0000000         0x00100000         xw
DBG              0xe0042000         0x00000010         xw
*default*        0x00000000         0xffffffff

Linker script and memory map

                0x00000000                __vfprintf = __vfprintf_float_long_long
                0x00000000                __vfscanf = __vfscanf_float_long_long_cc
                0x00000000                __ITCM_segment_start__ = 0x0
                0x00004000                __ITCM_segment_end__ = 0x4000
                0x00004000                __ITCM_segment_size__ = 0x4000
                0x08000000                __FLASH_segment_start__ = 0x8000000
                0x08100000                __FLASH_segment_end__ = 0x8100000
                0x00100000                __FLASH_segment_size__ = 0x100000
                0x1fff0000                __SYSTEM_segment_start__ = 0x1fff0000
                0x1fffedc0                __SYSTEM_segment_end__ = 0x1fffedc0
                0x0000edc0                __SYSTEM_segment_size__ = 0xedc0
                0x1ff0f000                __OTP_segment_start__ = 0x1ff0f000
                0x1ff0f41f                __OTP_segment_end__ = 0x1ff0f41f
                0x0000041f                __OTP_segment_size__ = 0x41f
                0x1ff00000                __OPTION_segment_start__ = 0x1ff00000
                0x1ff00020                __OPTION_segment_end__ = 0x1ff00020
                0x00000020                __OPTION_segment_size__ = 0x20
                0x20000000                __RAM_segment_start__ = 0x20000000
                0x20050000                __RAM_segment_end__ = 0x20050000
                0x00050000                __RAM_segment_size__ = 0x50000
                0x20000000                __DTCM_segment_start__ = 0x20000000
                0x20010000                __DTCM_segment_end__ = 0x20010000
                0x00010000                __DTCM_segment_size__ = 0x10000
                0x20010000                __SRAM1_segment_start__ = 0x20010000
                0x2004c000                __SRAM1_segment_end__ = 0x2004c000
                0x0003c000                __SRAM1_segment_size__ = 0x3c000
                0x2004c000                __SRAM2_segment_start__ = 0x2004c000
                0x20050000                __SRAM2_segment_end__ = 0x20050000
                0x00004000                __SRAM2_segment_size__ = 0x4000
                0x40000000                __APB1_segment_start__ = 0x40000000
                0x40008000                __APB1_segment_end__ = 0x40008000
                0x00008000                __APB1_segment_size__ = 0x8000
                0x40010000                __APB2_segment_start__ = 0x40010000
                0x40016c00                __APB2_segment_end__ = 0x40016c00
                0x00006c00                __APB2_segment_size__ = 0x6c00
                0x40020000                __AHB1_segment_start__ = 0x40020000
                0x40080000                __AHB1_segment_end__ = 0x40080000
                0x00060000                __AHB1_segment_size__ = 0x60000
                0x50000000                __AHB2_segment_start__ = 0x50000000
                0x50060c00                __AHB2_segment_end__ = 0x50060c00
                0x00060c00                __AHB2_segment_size__ = 0x60c00
                0x60000000                __NOR_PSRAM1_segment_start__ = 0x60000000
                0x60000000                __NOR_PSRAM1_segment_end__ = 0x60000000
                0x00000000                __NOR_PSRAM1_segment_size__ = 0x0
                0x64000000                __NOR_PSRAM2_segment_start__ = 0x64000000
                0x64000000                __NOR_PSRAM2_segment_end__ = 0x64000000
                0x00000000                __NOR_PSRAM2_segment_size__ = 0x0
                0x68000000                __NOR_PSRAM3_segment_start__ = 0x68000000
                0x68000000                __NOR_PSRAM3_segment_end__ = 0x68000000
                0x00000000                __NOR_PSRAM3_segment_size__ = 0x0
                0x6c000000                __NOR_PSRAM4_segment_start__ = 0x6c000000
                0x6c000000                __NOR_PSRAM4_segment_end__ = 0x6c000000
                0x00000000                __NOR_PSRAM4_segment_size__ = 0x0
                0x80000000                __NAND_segment_start__ = 0x80000000
                0x80000000                __NAND_segment_end__ = 0x80000000
                0x00000000                __NAND_segment_size__ = 0x0
                0x90000000                __QUADSPI_FLASH_segment_start__ = 0x90000000
                0x90000000                __QUADSPI_FLASH_segment_end__ = 0x90000000
                0x00000000                __QUADSPI_FLASH_segment_size__ = 0x0
                0xa0000000                __FMC_segment_start__ = 0xa0000000
                0xa0001000                __FMC_segment_end__ = 0xa0001000
                0x00001000                __FMC_segment_size__ = 0x1000
                0xa0001000                __QUADSPI_segment_start__ = 0xa0001000
                0xa0001400                __QUADSPI_segment_end__ = 0xa0001400
                0x00000400                __QUADSPI_segment_size__ = 0x400
                0xc0000000                __SDRAM1_segment_start__ = 0xc0000000
                0xc0000000                __SDRAM1_segment_end__ = 0xc0000000
                0x00000000                __SDRAM1_segment_size__ = 0x0
                0xd0000000                __SDRAM2_segment_start__ = 0xd0000000
                0xd0000000                __SDRAM2_segment_end__ = 0xd0000000
                0x00000000                __SDRAM2_segment_size__ = 0x0
                0xe0000000                __PPB_segment_start__ = 0xe0000000
                0xe0100000                __PPB_segment_end__ = 0xe0100000
                0x00100000                __PPB_segment_size__ = 0x100000
                0xe0042000                __DBG_segment_start__ = 0xe0042000
                0xe0042010                __DBG_segment_end__ = 0xe0042010
                0x00000010                __DBG_segment_size__ = 0x10
                0x00000080                __HEAPSIZE__ = 0x80
                0x00000000                __STACKSIZE_ABT__ = 0x0
                0x00000000                __STACKSIZE_FIQ__ = 0x0
                0x00000000                __STACKSIZE_IRQ__ = 0x0
                0x00000000                __STACKSIZE_PROCESS__ = 0x0
                0x00000000                __STACKSIZE_SVC__ = 0x0
                0x00000000                __STACKSIZE_UND__ = 0x0
                0x00000100                __STACKSIZE__ = 0x100
                0x90000000                __qspi_load_start__ = ALIGN (__QUADSPI_FLASH_segment_start__, 0x4)

.qspi           0x90000000        0x0
                0x90000000                __qspi_start__ = .
 *(.qspi .qspi.*)
                0x90000000                __qspi_end__ = (__qspi_start__ + SIZEOF (.qspi))
                0x00000000                __qspi_size__ = SIZEOF (.qspi)
                0x90000000                __qspi_load_end__ = __qspi_end__
                0x90000000                __QUADSPI_FLASH_segment_used_end__ = (ALIGN (__QUADSPI_FLASH_segment_start__, 0x4) + SIZEOF (.qspi))
                0x00000000                __QUADSPI_FLASH_segment_used_size__ = (__QUADSPI_FLASH_segment_used_end__ - __QUADSPI_FLASH_segment_start__)
                0x00000001                . = ASSERT (((__qspi_start__ == __qspi_end__) || ((__qspi_end__ >= __QUADSPI_FLASH_segment_start__) && (__qspi_end__ <= __QUADSPI_FLASH_segment_end__))), error: .qspi is too large to fit in QUADSPI_FLASH memory segment)
                0x20000000                __vectors_ram_load_start__ = ALIGN (__RAM_segment_start__, 0x100)

.vectors_ram    0x20000000        0x0
                0x20000000                __vectors_ram_start__ = .
 *(.vectors_ram .vectors_ram.*)
                0x20000000                __vectors_ram_end__ = (__vectors_ram_start__ + SIZEOF (.vectors_ram))
                0x00000000                __vectors_ram_size__ = SIZEOF (.vectors_ram)
                0x20000000                __vectors_ram_load_end__ = __vectors_ram_end__
                0x00000001                . = ASSERT (((__vectors_ram_start__ == __vectors_ram_end__) || ((__vectors_ram_end__ >= __RAM_segment_start__) && (__vectors_ram_end__ <= __RAM_segment_end__))), error: .vectors_ram is too large to fit in RAM memory segment)
                0x08000000                __vectors_load_start__ = ALIGN (__FLASH_segment_start__, 0x100)

.vectors        0x08000000      0x1c8
                0x08000000                __vectors_start__ = .
 *(.vectors .vectors.*)
 .vectors       0x08000000      0x1c8 MCU16 ARM Release/STM32_Startup.o
                0x08000000                _vectors
                0x080001c8                __vectors_end__ = (__vectors_start__ + SIZEOF (.vectors))
                0x000001c8                __vectors_size__ = SIZEOF (.vectors)
                0x080001c8                __vectors_load_end__ = __vectors_end__
                0x00000001                . = ASSERT (((__vectors_start__ == __vectors_end__) || ((__vectors_end__ >= __FLASH_segment_start__) && (__vectors_end__ <= __FLASH_segment_end__))), error: .vectors is too large to fit in FLASH memory segment)
                0x080001c8                __init_load_start__ = ALIGN (__vectors_end__, 0x4)

.init           0x080001c8      0x24c
                0x080001c8                __init_start__ = .
 *(.init .init.*)
 .init          0x080001c8      0x158 MCU16 ARM Release/thumb_crt0.o
                0x080001c8                _start
                0x0800027a                exit
 .init          0x08000320       0xf4 MCU16 ARM Release/STM32_Startup.o
                0x08000320                NMI_Handler
                0x08000322                HardFault_Handler
                0x08000324                MemManage_Handler
                0x08000326                BusFault_Handler
                0x08000328                UsageFault_Handler
                0x0800032a                SVC_Handler
                0x0800032c                DebugMon_Handler
                0x0800032e                PendSV_Handler
                0x08000332                WWDG_IRQHandler
                0x08000334                PVD_IRQHandler
                0x08000336                TAMP_STAMP_IRQHandler
                0x08000338                RTC_WKUP_IRQHandler
                0x0800033a                FLASH_IRQHandler
                0x0800033c                RCC_IRQHandler
                0x0800033e                EXTI0_IRQHandler
                0x08000340                EXTI1_IRQHandler
                0x08000342                EXTI2_IRQHandler
                0x08000344                EXTI3_IRQHandler
                0x08000346                EXTI4_IRQHandler
                0x08000348                DMA1_Stream0_IRQHandler
                0x0800034a                DMA1_Stream1_IRQHandler
                0x0800034c                DMA1_Stream2_IRQHandler
                0x0800034e                DMA1_Stream3_IRQHandler
                0x08000350                DMA1_Stream4_IRQHandler
                0x08000352                DMA1_Stream5_IRQHandler
                0x08000354                DMA1_Stream6_IRQHandler
                0x08000356                ADC_IRQHandler
                0x08000358                CAN1_TX_IRQHandler
                0x0800035a                CAN1_RX0_IRQHandler
                0x0800035c                CAN1_RX1_IRQHandler
                0x0800035e                CAN1_SCE_IRQHandler
                0x08000360                EXTI9_5_IRQHandler
                0x08000368                TIM1_CC_IRQHandler
                0x0800036a                TIM2_IRQHandler
                0x0800036c                TIM3_IRQHandler
                0x0800036e                TIM4_IRQHandler
                0x08000370                I2C1_EV_IRQHandler
                0x08000372                I2C1_ER_IRQHandler
                0x08000374                I2C2_EV_IRQHandler
                0x08000376                I2C2_ER_IRQHandler
                0x08000378                SPI1_IRQHandler
                0x0800037a                SPI2_IRQHandler
                0x0800037e                USART2_IRQHandler
                0x08000380                USART3_IRQHandler
                0x08000382                EXTI15_10_IRQHandler
                0x08000384                RTC_Alarm_IRQHandler
                0x08000386                OTG_FS_WKUP_IRQHandler
                0x0800038e                TIM8_CC_IRQHandler
                0x08000390                DMA1_Stream7_IRQHandler
                0x08000392                FMC_IRQHandler
                0x08000394                SDMMC1_IRQHandler
                0x08000396                TIM5_IRQHandler
                0x08000398                SPI3_IRQHandler
                0x0800039a                UART4_IRQHandler
                0x0800039c                UART5_IRQHandler
                0x0800039e                TIM6_DAC_IRQHandler
                0x080003a0                TIM7_IRQHandler
                0x080003a2                DMA2_Stream0_IRQHandler
                0x080003a4                DMA2_Stream1_IRQHandler
                0x080003a6                DMA2_Stream2_IRQHandler
                0x080003a8                DMA2_Stream3_IRQHandler
                0x080003aa                DMA2_Stream4_IRQHandler
                0x080003ac                ETH_IRQHandler
                0x080003ae                ETH_WKUP_IRQHandler
                0x080003b0                CAN2_TX_IRQHandler
                0x080003b2                CAN2_RX0_IRQHandler
                0x080003b4                CAN2_RX1_IRQHandler
                0x080003b6                CAN2_SCE_IRQHandler
                0x080003b8                OTG_FS_IRQHandler
                0x080003ba                DMA2_Stream5_IRQHandler
                0x080003bc                DMA2_Stream6_IRQHandler
                0x080003be                DMA2_Stream7_IRQHandler
                0x080003c0                USART6_IRQHandler
                0x080003c2                I2C3_EV_IRQHandler
                0x080003c4                I2C3_ER_IRQHandler
                0x080003c6                OTG_HS_EP1_OUT_IRQHandler
                0x080003c8                OTG_HS_EP1_IN_IRQHandler
                0x080003ca                OTG_HS_WKUP_IRQHandler
                0x080003cc                OTG_HS_IRQHandler
                0x080003ce                DCMI_IRQHandler
                0x080003d0                RNG_IRQHandler
                0x080003d2                FPU_IRQHandler
                0x080003d4                UART7_IRQHandler
                0x080003d6                UART8_IRQHandler
                0x080003d8                SPI4_IRQHandler
                0x080003da                SPI5_IRQHandler
                0x080003dc                SPI6_IRQHandler
                0x080003de                SAI1_IRQHandler
                0x080003e0                LTDC_IRQHandler
                0x080003e2                LTDC_ER_IRQHandler
                0x080003e4                DMA2D_IRQHandler
                0x080003e6                SAI2_IRQHandler
                0x080003e8                QUADSPI_IRQHandler
                0x080003ea                LPTIM1_IRQHandler
                0x080003ec                CEC_IRQHandler
                0x080003ee                I2C4_EV_IRQHandler
                0x080003f0                I2C4_ER_IRQHandler
                0x080003f2                SPDIF_RX_IRQHandler
                0x080003f4                reset_handler
                0x08000414                __init_end__ = (__init_start__ + SIZEOF (.init))
                0x0000024c                __init_size__ = SIZEOF (.init)
                0x08000414                __init_load_end__ = __init_end__
                0x00000001                . = ASSERT (((__init_start__ == __init_end__) || ((__init_end__ >= __FLASH_segment_start__) && (__init_end__ <= __FLASH_segment_end__))), error: .init is too large to fit in FLASH memory segment)
                0x08000414                __init_rodata_load_start__ = ALIGN (__init_end__, 0x4)

.init_rodata    0x08000414        0x0
                0x08000414                __init_rodata_start__ = .
 *(.init_rodata .init_rodata.*)
                0x08000414                __init_rodata_end__ = (__init_rodata_start__ + SIZEOF (.init_rodata))
                0x00000000                __init_rodata_size__ = SIZEOF (.init_rodata)
                0x08000414                __init_rodata_load_end__ = __init_rodata_end__
                0x00000001                . = ASSERT (((__init_rodata_start__ == __init_rodata_end__) || ((__init_rodata_end__ >= __FLASH_segment_start__) && (__init_rodata_end__ <= __FLASH_segment_end__))), error: .init_rodata is too large to fit in FLASH memory segment)
                0x08000414                __text_load_start__ = ALIGN (__init_rodata_end__, 0x4)

.text           0x08000414     0x780c
                0x08000414                __text_start__ = .
 *(.text .text.* .glue_7t .glue_7 .gnu.linkonce.t.* .gcc_except_table .ARM.extab* .gnu.linkonce.armextab.*)
 .glue_7        0x00000000        0x0 linker stubs
 .glue_7t       0x00000000        0x0 linker stubs
 .text.InitEncoders
                0x08000414       0x74 MCU16 ARM Release/mcu_encoder.o
                0x08000414                InitEncoders
 .text.ZeroEncoder1
                0x08000488       0x20 MCU16 ARM Release/mcu_encoder.o
                0x08000488                ZeroEncoder1
 .text.ReadEncoder1
                0x080004a8       0x24 MCU16 ARM Release/mcu_encoder.o
                0x080004a8                ReadEncoder1
 .text.SetEncoder1
                0x080004cc       0x20 MCU16 ARM Release/mcu_encoder.o
                0x080004cc                SetEncoder1
 .text.ZeroEncoder2
                0x080004ec       0x34 MCU16 ARM Release/mcu_encoder.o
                0x080004ec                ZeroEncoder2
 .text.ReadEncoder2
                0x08000520       0x18 MCU16 ARM Release/mcu_encoder.o
                0x08000520                ReadEncoder2
 .text.SetEncoder2
                0x08000538       0x40 MCU16 ARM Release/mcu_encoder.o
                0x08000538                SetEncoder2
 .text.ZeroEncoder3
                0x08000578       0x34 MCU16 ARM Release/mcu_encoder.o
                0x08000578                ZeroEncoder3
 .text.ReadEncoder3
                0x080005ac       0x18 MCU16 ARM Release/mcu_encoder.o
                0x080005ac                ReadEncoder3
 .text.SetEncoder3
                0x080005c4       0x40 MCU16 ARM Release/mcu_encoder.o
                0x080005c4                SetEncoder3
 .text.EncoderMotionError
                0x08000604       0xdc MCU16 ARM Release/mcu_encoder.o
                0x08000604                EncoderMotionError
 .text.EncUpdate
                0x080006e0      0x148 MCU16 ARM Release/mcu_encoder.o
                0x080006e0                EncUpdate
 .text.InitGPIO
                0x08000828       0x44 MCU16 ARM Release/mcu_gpio.o
                0x08000828                InitGPIO
 .text.GetFault
                0x0800086c       0x80 MCU16 ARM Release/mcu_gpio.o
                0x0800086c                GetFault
 .text.EnableMotors
                0x080008ec       0x9c MCU16 ARM Release/mcu_gpio.o
                0x080008ec                EnableMotors
 .text.AddrIn   0x08000988       0x18 MCU16 ARM Release/mcu_gpio.o
                0x08000988                AddrIn
 .text.AddrOut  0x080009a0       0x24 MCU16 ARM Release/mcu_gpio.o
                0x080009a0                AddrOut
 .text.InitMode
                0x080009c4       0x34 MCU16 ARM Release/mcu_mode.o
                0x080009c4                InitMode
 .text.StartMotion
                0x080009f8       0x60 MCU16 ARM Release/mcu_mode.o
                0x080009f8                StartMotion
 .text.StopMotion
                0x08000a58       0x24 MCU16 ARM Release/mcu_mode.o
                0x08000a58                StopMotion
 .text.StopMotionSmoothly
                0x08000a7c       0x1c MCU16 ARM Release/mcu_mode.o
                0x08000a7c                StopMotionSmoothly
 .text.StartJogMode
                0x08000a98       0x44 MCU16 ARM Release/mcu_mode.o
                0x08000a98                StartJogMode
 .text.StopJogMode
                0x08000adc       0x28 MCU16 ARM Release/mcu_mode.o
                0x08000adc                StopJogMode
 .text.InitOutputs
                0x08000b04      0x100 MCU16 ARM Release/mcu_output.o
                0x08000b04                InitOutputs
 .text.QuadStep1
                0x08000c04      0x1a4 MCU16 ARM Release/mcu_output.o
                0x08000c04                QuadStep1
 .text.QuadStep2
                0x08000da8      0x1a4 MCU16 ARM Release/mcu_output.o
                0x08000da8                QuadStep2
 .text.QuadStep3
                0x08000f4c      0x198 MCU16 ARM Release/mcu_output.o
                0x08000f4c                QuadStep3
 .text.QuadStep4
                0x080010e4      0x184 MCU16 ARM Release/mcu_output.o
                0x080010e4                QuadStep4
 .text.QuadStep5
                0x08001268      0x1a4 MCU16 ARM Release/mcu_output.o
                0x08001268                QuadStep5
 .text.SendCount1
                0x0800140c       0x78 MCU16 ARM Release/mcu_output.o
                0x0800140c                SendCount1
 .text.SendCount2
                0x08001484       0x78 MCU16 ARM Release/mcu_output.o
                0x08001484                SendCount2
 .text.SendCount3
                0x080014fc       0x78 MCU16 ARM Release/mcu_output.o
                0x080014fc                SendCount3
 .text.SendCount4
                0x08001574       0x78 MCU16 ARM Release/mcu_output.o
                0x08001574                SendCount4
 .text.SendCount5
                0x080015ec       0x64 MCU16 ARM Release/mcu_output.o
                0x080015ec                SendCount5
 .text.InitPathBuf
                0x08001650       0x60 MCU16 ARM Release/mcu_pathcontrol.o
                0x08001650                InitPathBuf
 .text.HAL_TIM_PeriodElapsedCallback
                0x080016b0       0x8c MCU16 ARM Release/mcu_pathcontrol.o
                0x080016b0                HAL_TIM_PeriodElapsedCallback
 .text.WritePathData
                0x0800173c       0xd8 MCU16 ARM Release/mcu_pathcontrol.o
                0x0800173c                WritePathData
 .text.ReadPathData
                0x08001814       0xcc MCU16 ARM Release/mcu_pathcontrol.o
                0x08001814                ReadPathData
 .text.PathSpaceAvail
                0x080018e0       0x24 MCU16 ARM Release/mcu_pathcontrol.o
                0x080018e0                PathSpaceAvail
 .text.NewPosition
                0x08001904      0x2b8 MCU16 ARM Release/mcu_pathcontrol.o
                0x08001904                NewPosition
 .text.CheckRemote
                0x08001bbc       0x8c MCU16 ARM Release/mcu_remote.o
                0x08001bbc                CheckRemote
 .text.StartRemote
                0x08001c48       0x28 MCU16 ARM Release/mcu_remote.o
                0x08001c48                StartRemote
 .text.StopRemote
                0x08001c70       0x4c MCU16 ARM Release/mcu_remote.o
                0x08001c70                StopRemote
 *fill*         0x08001cbc        0x4 
 .text.NewRemote
                0x08001cc0      0x33c MCU16 ARM Release/mcu_remote.o
                0x08001cc0                NewRemote
 .text.InitComVar
                0x08001ffc       0x54 MCU16 ARM Release/mcu_serial_cmd.o
                0x08001ffc                InitComVar
 .text.HAL_UART_TxCpltCallback
                0x08002050       0x20 MCU16 ARM Release/mcu_serial_cmd.o
                0x08002050                HAL_UART_TxCpltCallback
 .text.HAL_UART_RxCpltCallback
                0x08002070       0x24 MCU16 ARM Release/mcu_serial_cmd.o
                0x08002070                HAL_UART_RxCpltCallback
 .text.BuildCmd
                0x08002094      0x104 MCU16 ARM Release/mcu_serial_cmd.o
                0x08002094                BuildCmd
 .text.DecodeCmd
                0x08002198      0x6e0 MCU16 ARM Release/mcu_serial_cmd.o
                0x08002198                DecodeCmd
 .text.Checksum
                0x08002878       0x40 MCU16 ARM Release/mcu_serial_cmd.o
                0x08002878                Checksum
 .text.PutStatus
                0x080028b8      0x564 MCU16 ARM Release/mcu_serial_cmd.o
                0x080028b8                PutStatus
 .text.ClearLatchedFlags
                0x08002e1c       0x48 MCU16 ARM Release/mcu_serial_cmd.o
                0x08002e1c                ClearLatchedFlags
 .text.HAL_MspInit
                0x08002e64       0x18 MCU16 ARM Release/stm32f7xx_hal_msp.o
                0x08002e64                HAL_MspInit
 .text.SysTick_Handler
                0x08002e7c       0x10 MCU16 ARM Release/stm32f7xx_it.o
                0x08002e7c                SysTick_Handler
 .text.TIM1_BRK_TIM9_IRQHandler
                0x08002e8c       0x10 MCU16 ARM Release/stm32f7xx_it.o
                0x08002e8c                TIM1_BRK_TIM9_IRQHandler
 .text.TIM1_UP_TIM10_IRQHandler
                0x08002e9c       0x10 MCU16 ARM Release/stm32f7xx_it.o
                0x08002e9c                TIM1_UP_TIM10_IRQHandler
 .text.TIM1_TRG_COM_TIM11_IRQHandler
                0x08002eac       0x10 MCU16 ARM Release/stm32f7xx_it.o
                0x08002eac                TIM1_TRG_COM_TIM11_IRQHandler
 .text.USART1_IRQHandler
                0x08002ebc       0x10 MCU16 ARM Release/stm32f7xx_it.o
                0x08002ebc                USART1_IRQHandler
 .text.TIM8_BRK_TIM12_IRQHandler
                0x08002ecc       0x10 MCU16 ARM Release/stm32f7xx_it.o
                0x08002ecc                TIM8_BRK_TIM12_IRQHandler
 .text.TIM8_UP_TIM13_IRQHandler
                0x08002edc       0x10 MCU16 ARM Release/stm32f7xx_it.o
                0x08002edc                TIM8_UP_TIM13_IRQHandler
 .text.TIM8_TRG_COM_TIM14_IRQHandler
                0x08002eec       0x10 MCU16 ARM Release/stm32f7xx_it.o
                0x08002eec                TIM8_TRG_COM_TIM14_IRQHandler
 .text.main     0x08002efc       0xc8 MCU16 ARM Release/main.o
                0x08002efc                main
 .text.SystemClock_Config
                0x08002fc4      0x100 MCU16 ARM Release/main.o
                0x08002fc4                SystemClock_Config
 .text.MX_TIM2_Init
                0x080030c4       0x74 MCU16 ARM Release/tim.o
                0x080030c4                MX_TIM2_Init
 .text.MX_TIM3_Init
                0x08003138       0x78 MCU16 ARM Release/tim.o
                0x08003138                MX_TIM3_Init
 .text.MX_TIM4_Init
                0x080031b0       0x78 MCU16 ARM Release/tim.o
                0x080031b0                MX_TIM4_Init
 .text.MX_TIM5_Init
                0x08003228       0x60 MCU16 ARM Release/tim.o
                0x08003228                MX_TIM5_Init
 .text.MX_TIM9_Init
                0x08003288       0x4c MCU16 ARM Release/tim.o
                0x08003288                MX_TIM9_Init
 .text.MX_TIM10_Init
                0x080032d4       0x34 MCU16 ARM Release/tim.o
                0x080032d4                MX_TIM10_Init
 .text.MX_TIM11_Init
                0x08003308       0x34 MCU16 ARM Release/tim.o
                0x08003308                MX_TIM11_Init
 .text.MX_TIM12_Init
                0x0800333c       0x4c MCU16 ARM Release/tim.o
                0x0800333c                MX_TIM12_Init
 .text.MX_TIM13_Init
                0x08003388       0x34 MCU16 ARM Release/tim.o
                0x08003388                MX_TIM13_Init
 .text.MX_TIM14_Init
                0x080033bc       0x34 MCU16 ARM Release/tim.o
                0x080033bc                MX_TIM14_Init
 .text.HAL_TIM_Encoder_MspInit
                0x080033f0       0xfc MCU16 ARM Release/tim.o
                0x080033f0                HAL_TIM_Encoder_MspInit
 .text.HAL_TIM_Base_MspInit
                0x080034ec      0x1a4 MCU16 ARM Release/tim.o
                0x080034ec                HAL_TIM_Base_MspInit
 .text.MX_GPIO_Init
                0x08003690      0x204 MCU16 ARM Release/gpio.o
                0x08003690                MX_GPIO_Init
 .text.MX_USART1_UART_Init
                0x08003894       0x54 MCU16 ARM Release/usart.o
                0x08003894                MX_USART1_UART_Init
 .text.MX_USART3_UART_Init
                0x080038e8       0x54 MCU16 ARM Release/usart.o
                0x080038e8                MX_USART3_UART_Init
 .text.HAL_UART_MspInit
                0x0800393c       0xc4 MCU16 ARM Release/usart.o
                0x0800393c                HAL_UART_MspInit
 .text.MX_ADC1_Init
                0x08003a00       0x74 MCU16 ARM Release/adc.o
                0x08003a00                MX_ADC1_Init
 .text.HAL_ADC_MspInit
                0x08003a74       0x58 MCU16 ARM Release/adc.o
                0x08003a74                HAL_ADC_MspInit
 .text.HAL_Init
                0x08003acc       0x1c MCU16 ARM Release/stm32f7xx_hal.o
                0x08003acc                HAL_Init
 .text.HAL_InitTick
                0x08003ae8       0x38 MCU16 ARM Release/stm32f7xx_hal.o
                0x08003ae8                HAL_InitTick
 .text.HAL_IncTick
                0x08003b20       0x1c MCU16 ARM Release/stm32f7xx_hal.o
                0x08003b20                HAL_IncTick
 .text.HAL_GetTick
                0x08003b3c       0x18 MCU16 ARM Release/stm32f7xx_hal.o
                0x08003b3c                HAL_GetTick
 .text.NVIC_SetPriorityGrouping
                0x08003b54       0x48 MCU16 ARM Release/stm32f7xx_hal_cortex.o
 .text.NVIC_GetPriorityGrouping
                0x08003b9c       0x1c MCU16 ARM Release/stm32f7xx_hal_cortex.o
 .text.NVIC_EnableIRQ
                0x08003bb8       0x30 MCU16 ARM Release/stm32f7xx_hal_cortex.o
 .text.NVIC_SetPriority
                0x08003be8       0x54 MCU16 ARM Release/stm32f7xx_hal_cortex.o
 .text.NVIC_EncodePriority
                0x08003c3c       0x64 MCU16 ARM Release/stm32f7xx_hal_cortex.o
 .text.NVIC_SystemReset
                0x08003ca0       0x28 MCU16 ARM Release/stm32f7xx_hal_cortex.o
 .text.SysTick_Config
                0x08003cc8       0x44 MCU16 ARM Release/stm32f7xx_hal_cortex.o
 .text.HAL_NVIC_SetPriorityGrouping
                0x08003d0c       0x14 MCU16 ARM Release/stm32f7xx_hal_cortex.o
                0x08003d0c                HAL_NVIC_SetPriorityGrouping
 .text.HAL_NVIC_SetPriority
                0x08003d20       0x38 MCU16 ARM Release/stm32f7xx_hal_cortex.o
                0x08003d20                HAL_NVIC_SetPriority
 .text.HAL_NVIC_EnableIRQ
                0x08003d58       0x1c MCU16 ARM Release/stm32f7xx_hal_cortex.o
                0x08003d58                HAL_NVIC_EnableIRQ
 .text.HAL_NVIC_SystemReset
                0x08003d74        0xc MCU16 ARM Release/stm32f7xx_hal_cortex.o
                0x08003d74                HAL_NVIC_SystemReset
 .text.HAL_SYSTICK_Config
                0x08003d80       0x18 MCU16 ARM Release/stm32f7xx_hal_cortex.o
                0x08003d80                HAL_SYSTICK_Config
 .text.HAL_SYSTICK_CLKSourceConfig
                0x08003d98       0x38 MCU16 ARM Release/stm32f7xx_hal_cortex.o
                0x08003d98                HAL_SYSTICK_CLKSourceConfig
 .text.HAL_SYSTICK_IRQHandler
                0x08003dd0        0xc MCU16 ARM Release/stm32f7xx_hal_cortex.o
                0x08003dd0                HAL_SYSTICK_IRQHandler
 .text.HAL_SYSTICK_Callback
                0x08003ddc        0xc MCU16 ARM Release/stm32f7xx_hal_cortex.o
                0x08003ddc                HAL_SYSTICK_Callback
 .text.HAL_TIMEx_MasterConfigSynchronization
                0x08003de8       0xa8 MCU16 ARM Release/stm32f7xx_hal_tim_ex.o
                0x08003de8                HAL_TIMEx_MasterConfigSynchronization
 .text.HAL_TIMEx_CommutationCallback
                0x08003e90       0x14 MCU16 ARM Release/stm32f7xx_hal_tim_ex.o
                0x08003e90                HAL_TIMEx_CommutationCallback
 .text.HAL_TIMEx_BreakCallback
                0x08003ea4       0x14 MCU16 ARM Release/stm32f7xx_hal_tim_ex.o
                0x08003ea4                HAL_TIMEx_BreakCallback
 .text.HAL_TIM_Base_Init
                0x08003eb8       0x50 MCU16 ARM Release/stm32f7xx_hal_tim.o
                0x08003eb8                HAL_TIM_Base_Init
 .text.HAL_TIM_Base_Start
                0x08003f08       0x38 MCU16 ARM Release/stm32f7xx_hal_tim.o
                0x08003f08                HAL_TIM_Base_Start
 .text.HAL_TIM_Base_Start_IT
                0x08003f40       0x38 MCU16 ARM Release/stm32f7xx_hal_tim.o
                0x08003f40                HAL_TIM_Base_Start_IT
 .text.HAL_TIM_Base_Stop_IT
                0x08003f78       0x58 MCU16 ARM Release/stm32f7xx_hal_tim.o
                0x08003f78                HAL_TIM_Base_Stop_IT
 .text.HAL_TIM_Encoder_Init
                0x08003fd0      0x130 MCU16 ARM Release/stm32f7xx_hal_tim.o
                0x08003fd0                HAL_TIM_Encoder_Init
 .text.HAL_TIM_Encoder_Start
                0x08004100       0x70 MCU16 ARM Release/stm32f7xx_hal_tim.o
                0x08004100                HAL_TIM_Encoder_Start
 .text.HAL_TIM_IRQHandler
                0x08004170      0x23c MCU16 ARM Release/stm32f7xx_hal_tim.o
                0x08004170                HAL_TIM_IRQHandler
 .text.HAL_TIM_ConfigClockSource
                0x080043ac      0x1cc MCU16 ARM Release/stm32f7xx_hal_tim.o
                0x080043ac                HAL_TIM_ConfigClockSource
 .text.HAL_TIM_OC_DelayElapsedCallback
                0x08004578       0x14 MCU16 ARM Release/stm32f7xx_hal_tim.o
                0x08004578                HAL_TIM_OC_DelayElapsedCallback
 .text.HAL_TIM_IC_CaptureCallback
                0x0800458c       0x14 MCU16 ARM Release/stm32f7xx_hal_tim.o
                0x0800458c                HAL_TIM_IC_CaptureCallback
 .text.HAL_TIM_PWM_PulseFinishedCallback
                0x080045a0       0x14 MCU16 ARM Release/stm32f7xx_hal_tim.o
                0x080045a0                HAL_TIM_PWM_PulseFinishedCallback
 .text.HAL_TIM_TriggerCallback
                0x080045b4       0x14 MCU16 ARM Release/stm32f7xx_hal_tim.o
                0x080045b4                HAL_TIM_TriggerCallback
 .text.TIM_Base_SetConfig
                0x080045c8      0x150 MCU16 ARM Release/stm32f7xx_hal_tim.o
                0x080045c8                TIM_Base_SetConfig
 .text.TIM_TI1_ConfigInputStage
                0x08004718       0x64 MCU16 ARM Release/stm32f7xx_hal_tim.o
 .text.TIM_TI2_ConfigInputStage
                0x0800477c       0x68 MCU16 ARM Release/stm32f7xx_hal_tim.o
 .text.TIM_ITRx_SetConfig
                0x080047e4       0x40 MCU16 ARM Release/stm32f7xx_hal_tim.o
 .text.TIM_ETR_SetConfig
                0x08004824       0x44 MCU16 ARM Release/stm32f7xx_hal_tim.o
                0x08004824                TIM_ETR_SetConfig
 .text.TIM_CCxChannelCmd
                0x08004868       0x44 MCU16 ARM Release/stm32f7xx_hal_tim.o
                0x08004868                TIM_CCxChannelCmd
 .text.HAL_PWREx_EnableOverDrive
                0x080048ac       0xa0 MCU16 ARM Release/stm32f7xx_hal_pwr_ex.o
                0x080048ac                HAL_PWREx_EnableOverDrive
 .text.HAL_RCC_OscConfig
                0x0800494c      0x5a0 MCU16 ARM Release/stm32f7xx_hal_rcc.o
                0x0800494c                HAL_RCC_OscConfig
 .text.HAL_RCC_ClockConfig
                0x08004eec      0x2c8 MCU16 ARM Release/stm32f7xx_hal_rcc.o
                0x08004eec                HAL_RCC_ClockConfig
 .text.HAL_RCC_GetSysClockFreq
                0x080051b4       0xfc MCU16 ARM Release/stm32f7xx_hal_rcc.o
                0x080051b4                HAL_RCC_GetSysClockFreq
 .text.HAL_RCC_GetHCLKFreq
                0x080052b0       0x50 MCU16 ARM Release/stm32f7xx_hal_rcc.o
                0x080052b0                HAL_RCC_GetHCLKFreq
 .text.HAL_RCC_GetPCLK1Freq
                0x08005300       0x44 MCU16 ARM Release/stm32f7xx_hal_rcc.o
                0x08005300                HAL_RCC_GetPCLK1Freq
 .text.HAL_RCC_GetPCLK2Freq
                0x08005344       0x44 MCU16 ARM Release/stm32f7xx_hal_rcc.o
                0x08005344                HAL_RCC_GetPCLK2Freq
 .text.HAL_RCCEx_PeriphCLKConfig
                0x08005388      0xe00 MCU16 ARM Release/stm32f7xx_hal_rcc_ex.o
                0x08005388                HAL_RCCEx_PeriphCLKConfig
 .text.HAL_GPIO_Init
                0x08006188      0x350 MCU16 ARM Release/stm32f7xx_hal_gpio.o
                0x08006188                HAL_GPIO_Init
 .text.HAL_GPIO_ReadPin
                0x080064d8       0x30 MCU16 ARM Release/stm32f7xx_hal_gpio.o
                0x080064d8                HAL_GPIO_ReadPin
 .text.HAL_GPIO_WritePin
                0x08006508       0x30 MCU16 ARM Release/stm32f7xx_hal_gpio.o
                0x08006508                HAL_GPIO_WritePin
 .text.HAL_UART_Init
                0x08006538       0xa4 MCU16 ARM Release/stm32f7xx_hal_uart.o
                0x08006538                HAL_UART_Init
 .text.HAL_UART_Transmit_IT
                0x080065dc       0xc0 MCU16 ARM Release/stm32f7xx_hal_uart.o
                0x080065dc                HAL_UART_Transmit_IT
 .text.HAL_UART_Receive_IT
                0x0800669c      0x144 MCU16 ARM Release/stm32f7xx_hal_uart.o
                0x0800669c                HAL_UART_Receive_IT
 .text.HAL_UART_IRQHandler
                0x080067e0      0x174 MCU16 ARM Release/stm32f7xx_hal_uart.o
                0x080067e0                HAL_UART_IRQHandler
 .text.UART_WaitOnFlagUntilTimeout
                0x08006954      0x130 MCU16 ARM Release/stm32f7xx_hal_uart.o
                0x08006954                UART_WaitOnFlagUntilTimeout
 .text.HAL_UART_ErrorCallback
                0x08006a84       0x14 MCU16 ARM Release/stm32f7xx_hal_uart.o
                0x08006a84                HAL_UART_ErrorCallback
 .text.UART_Transmit_IT
                0x08006a98       0xdc MCU16 ARM Release/stm32f7xx_hal_uart.o
 .text.UART_EndTransmit_IT
                0x08006b74       0x48 MCU16 ARM Release/stm32f7xx_hal_uart.o
 .text.UART_Receive_IT
                0x08006bbc       0xfc MCU16 ARM Release/stm32f7xx_hal_uart.o
 .text.UART_SetConfig
                0x08006cb8      0x498 MCU16 ARM Release/stm32f7xx_hal_uart.o
                0x08006cb8                UART_SetConfig
 .text.UART_AdvFeatureConfig
                0x08007150      0x144 MCU16 ARM Release/stm32f7xx_hal_uart.o
                0x08007150                UART_AdvFeatureConfig
 .text.UART_CheckIdleState
                0x08007294       0x78 MCU16 ARM Release/stm32f7xx_hal_uart.o
                0x08007294                UART_CheckIdleState
 .text.HAL_ADC_Init
                0x0800730c       0x88 MCU16 ARM Release/stm32f7xx_hal_adc.o
                0x0800730c                HAL_ADC_Init
 .text.HAL_ADC_Start
                0x08007394      0x148 MCU16 ARM Release/stm32f7xx_hal_adc.o
                0x08007394                HAL_ADC_Start
 .text.HAL_ADC_Stop
                0x080074dc       0x68 MCU16 ARM Release/stm32f7xx_hal_adc.o
                0x080074dc                HAL_ADC_Stop
 .text.HAL_ADC_GetValue
                0x08007544       0x1c MCU16 ARM Release/stm32f7xx_hal_adc.o
                0x08007544                HAL_ADC_GetValue
 .text.HAL_ADC_ConfigChannel
                0x08007560      0x26c MCU16 ARM Release/stm32f7xx_hal_adc.o
                0x08007560                HAL_ADC_ConfigChannel
 .text.ADC_Init
                0x080077cc      0x204 MCU16 ARM Release/stm32f7xx_hal_adc.o
 .text.SystemInit
                0x080079d0       0x5c MCU16 ARM Release/system_stm32f7xx.o
                0x080079d0                SystemInit
 .text.libc.__int32_to_float64
                0x08007a2c       0x30 C:/Program Files (x86)/Rowley Associates Limited/CrossWorks for ARM 3.6/lib/libm_v7em_t_le_eabi.a(libm_asm.o)
                0x08007a2c                __aeabi_i2d
                0x08007a2c                __int32_to_float64
                0x08007a2c                __floatsidf
 .text.libc.__float64_to_int32
                0x08007a5c       0x50 C:/Program Files (x86)/Rowley Associates Limited/CrossWorks for ARM 3.6/lib/libm_v7em_t_le_eabi.a(libm_asm.o)
                0x08007a5c                __aeabi_d2iz
                0x08007a5c                __float64_to_int32
                0x08007a5c                __fixdfsi
 .text.libc.__float64_mul
                0x08007aac      0x16c C:/Program Files (x86)/Rowley Associates Limited/CrossWorks for ARM 3.6/lib/libm_v7em_t_le_eabi.a(libm_asm.o)
                0x08007aac                __float64_mul
                0x08007aac                __muldf3
                0x08007aac                __aeabi_dmul
 .text.libc.abs
                0x08007c18        0x8 C:/Program Files (x86)/Rowley Associates Limited/CrossWorks for ARM 3.6/lib/libc_v7em_t_le_eabi.a(libc2.o)
                0x08007c18                abs
                0x08007c20                __text_end__ = (__text_start__ + SIZEOF (.text))
                0x0000780c                __text_size__ = SIZEOF (.text)
                0x08007c20                __text_load_end__ = __text_end__

.vfp11_veneer   0x00000000        0x0
 .vfp11_veneer  0x00000000        0x0 linker stubs

.v4_bx          0x00000000        0x0
 .v4_bx         0x00000000        0x0 linker stubs

.iplt           0x00000000        0x0
 .iplt          0x00000000        0x0 MCU16 ARM Release/mcu_encoder.o
                0x00000001                . = ASSERT (((__text_start__ == __text_end__) || ((__text_end__ >= __FLASH_segment_start__) && (__text_end__ <= __FLASH_segment_end__))), error: .text is too large to fit in FLASH memory segment)
                0x08007c20                __dtors_load_start__ = ALIGN (__text_end__, 0x4)

.dtors          0x08007c20        0x0
                0x08007c20                __dtors_start__ = .
 *(SORT(.dtors.*))
 *(.dtors)
 *(.fini_array)
 *(SORT(.fini_array.*))
                0x08007c20                __dtors_end__ = (__dtors_start__ + SIZEOF (.dtors))
                0x00000000                __dtors_size__ = SIZEOF (.dtors)
                0x08007c20                __dtors_load_end__ = __dtors_end__
                0x00000001                . = ASSERT (((__dtors_start__ == __dtors_end__) || ((__dtors_end__ >= __FLASH_segment_start__) && (__dtors_end__ <= __FLASH_segment_end__))), error: .dtors is too large to fit in FLASH memory segment)
                0x08007c20                __ctors_load_start__ = ALIGN (__dtors_end__, 0x4)

.ctors          0x08007c20        0x0
                0x08007c20                __ctors_start__ = .
 *(SORT(.ctors.*))
 *(.ctors)
 *(.init_array)
 *(SORT(.init_array.*))
                0x08007c20                __ctors_end__ = (__ctors_start__ + SIZEOF (.ctors))
                0x00000000                __ctors_size__ = SIZEOF (.ctors)
                0x08007c20                __ctors_load_end__ = __ctors_end__
                0x00000001                . = ASSERT (((__ctors_start__ == __ctors_end__) || ((__ctors_end__ >= __FLASH_segment_start__) && (__ctors_end__ <= __FLASH_segment_end__))), error: .ctors is too large to fit in FLASH memory segment)
                0x08007c20                __rodata_load_start__ = ALIGN (__ctors_end__, 0x4)

.rodata         0x08007c20       0x10
                0x08007c20                __rodata_start__ = .
 *(.rodata .rodata.* .gnu.linkonce.r.*)
 .rodata.APBAHBPrescTable
                0x08007c20       0x10 MCU16 ARM Release/stm32f7xx_hal_rcc.o
                0x08007c20                APBAHBPrescTable
                0x08007c30                __rodata_end__ = (__rodata_start__ + SIZEOF (.rodata))
                0x00000010                __rodata_size__ = SIZEOF (.rodata)
                0x08007c30                __rodata_load_end__ = __rodata_end__

.rel.dyn        0x08000000        0x0
 .rel.iplt      0x00000000        0x0 MCU16 ARM Release/mcu_encoder.o
                0x00000001                . = ASSERT (((__rodata_start__ == __rodata_end__) || ((__rodata_end__ >= __FLASH_segment_start__) && (__rodata_end__ <= __FLASH_segment_end__))), error: .rodata is too large to fit in FLASH memory segment)
                0x08007c30                __ARM.exidx_load_start__ = ALIGN (__rodata_end__, 0x4)

.ARM.exidx      0x08007c30        0x0
                0x08007c30                __ARM.exidx_start__ = .
                0x08007c30                __exidx_start = __ARM.exidx_start__
 *(.ARM.exidx .ARM.exidx.*)
                0x08007c30                __ARM.exidx_end__ = (__ARM.exidx_start__ + SIZEOF (.ARM.exidx))
                0x00000000                __ARM.exidx_size__ = SIZEOF (.ARM.exidx)
                0x08007c30                __exidx_end = __ARM.exidx_end__
                0x08007c30                __ARM.exidx_load_end__ = __ARM.exidx_end__
                0x00000001                . = ASSERT (((__ARM.exidx_start__ == __ARM.exidx_end__) || ((__ARM.exidx_end__ >= __FLASH_segment_start__) && (__ARM.exidx_end__ <= __FLASH_segment_end__))), error: .ARM.exidx is too large to fit in FLASH memory segment)
                0x08007c30                __fast_load_start__ = ALIGN (__ARM.exidx_end__, 0x4)

.fast           0x20000000        0x0 load address 0x08007c30
                0x20000000                __fast_start__ = .
 *(.fast .fast.*)
                0x20000000                __fast_end__ = (__fast_start__ + SIZEOF (.fast))
                0x00000000                __fast_size__ = SIZEOF (.fast)
                0x08007c30                __fast_load_end__ = (__fast_load_start__ + SIZEOF (.fast))
                0x00000001                . = ASSERT (((__fast_load_start__ == __fast_load_end__) || ((__fast_load_end__ >= __FLASH_segment_start__) && (__fast_load_end__ <= __FLASH_segment_end__))), error: .fast is too large to fit in FLASH memory segment)

.fast_run       0x20000000        0x0
                0x20000000                __fast_run_start__ = .
                0x20000000                . = MAX ((__fast_run_start__ + SIZEOF (.fast)), .)
                0x20000000                __fast_run_end__ = (__fast_run_start__ + SIZEOF (.fast_run))
                0x00000000                __fast_run_size__ = SIZEOF (.fast_run)
                0x20000000                __fast_run_load_end__ = __fast_run_end__
                0x00000001                . = ASSERT (((__fast_run_start__ == __fast_run_end__) || ((__fast_run_end__ >= __RAM_segment_start__) && (__fast_run_end__ <= __RAM_segment_end__))), error: .fast_run is too large to fit in RAM memory segment)
                0x08007c30                __data_load_start__ = ALIGN ((__fast_load_start__ + SIZEOF (.fast)), 0x4)

.data           0x20000000        0x8 load address 0x08007c30
                0x20000000                __data_start__ = .
 *(.data .data.* .gnu.linkonce.d.*)
 .data.step_rate
                0x20000000        0x1 MCU16 ARM Release/main.o
                0x20000000                step_rate
 .data.group_addr
                0x20000001        0x1 MCU16 ARM Release/main.o
                0x20000001                group_addr
 *fill*         0x20000002        0x2 
 .data.SystemCoreClock
                0x20000004        0x4 MCU16 ARM Release/system_stm32f7xx.o
                0x20000004                SystemCoreClock
                0x20000008                __data_end__ = (__data_start__ + SIZEOF (.data))
                0x00000008                __data_size__ = SIZEOF (.data)
                0x08007c38                __data_load_end__ = (__data_load_start__ + SIZEOF (.data))

.igot.plt       0x00000000        0x0
 .igot.plt      0x00000000        0x0 MCU16 ARM Release/mcu_encoder.o
                0x00000001                . = ASSERT (((__data_load_start__ == __data_load_end__) || ((__data_load_end__ >= __FLASH_segment_start__) && (__data_load_end__ <= __FLASH_segment_end__))), error: .data is too large to fit in FLASH memory segment)

.data_run       0x20000000        0x8 load address 0x08007c30
                0x20000000                __data_run_start__ = .
                0x20000008                . = MAX ((__data_run_start__ + SIZEOF (.data)), .)
 *fill*         0x20000000        0x8 
                0x20000008                __data_run_end__ = (__data_run_start__ + SIZEOF (.data_run))
                0x00000008                __data_run_size__ = SIZEOF (.data_run)
                0x20000008                __data_run_load_end__ = __data_run_end__
                0x00000001                . = ASSERT (((__data_run_start__ == __data_run_end__) || ((__data_run_end__ >= __RAM_segment_start__) && (__data_run_end__ <= __RAM_segment_end__))), error: .data_run is too large to fit in RAM memory segment)
                0x08007c38                __tdata_load_start__ = ALIGN ((__data_load_start__ + SIZEOF (.data)), 0x4)

.tdata          0x20000008        0x0 load address 0x08007c38
                0x20000008                __tdata_start__ = .
 *(.tdata .tdata.*)
                0x20000008                __tdata_end__ = (__tdata_start__ + SIZEOF (.tdata))
                0x00000000                __tdata_size__ = SIZEOF (.tdata)
                0x08007c38                __tdata_load_end__ = (__tdata_load_start__ + SIZEOF (.tdata))
                0x08007c38                __FLASH_segment_used_end__ = (ALIGN ((__data_load_start__ + SIZEOF (.data)), 0x4) + SIZEOF (.tdata))
                0x00007c38                __FLASH_segment_used_size__ = (__FLASH_segment_used_end__ - __FLASH_segment_start__)
                0x00000001                . = ASSERT (((__tdata_load_start__ == __tdata_load_end__) || ((__tdata_load_end__ >= __FLASH_segment_start__) && (__tdata_load_end__ <= __FLASH_segment_end__))), error: .tdata is too large to fit in FLASH memory segment)

.tdata_run      0x20000008        0x0
                0x20000008                __tdata_run_start__ = .
                0x20000008                . = MAX ((__tdata_run_start__ + SIZEOF (.tdata)), .)
                0x20000008                __tdata_run_end__ = (__tdata_run_start__ + SIZEOF (.tdata_run))
                0x00000000                __tdata_run_size__ = SIZEOF (.tdata_run)
                0x20000008                __tdata_run_load_end__ = __tdata_run_end__
                0x00000001                . = ASSERT (((__tdata_run_start__ == __tdata_run_end__) || ((__tdata_run_end__ >= __RAM_segment_start__) && (__tdata_run_end__ <= __RAM_segment_end__))), error: .tdata_run is too large to fit in RAM memory segment)
                0x20000008                __bss_load_start__ = ALIGN (__tdata_run_end__, 0x4)

.bss            0x20000008    0x11e88
                0x20000008                __bss_start__ = .
 *(.bss .bss.* .gnu.linkonce.b.*)
 .bss.c_in.7078
                0x20000008        0x1 MCU16 ARM Release/mcu_serial_cmd.o
 *fill*         0x20000009        0x3 
 .bss.testit    0x2000000c        0x4 MCU16 ARM Release/main.o
                0x2000000c                testit
 .bss.testit2   0x20000010        0x4 MCU16 ARM Release/main.o
                0x20000010                testit2
 .bss.scount1   0x20000014        0x4 MCU16 ARM Release/main.o
                0x20000014                scount1
 .bss.scount2   0x20000018        0x4 MCU16 ARM Release/main.o
                0x20000018                scount2
 .bss.scount3   0x2000001c        0x4 MCU16 ARM Release/main.o
                0x2000001c                scount3
 .bss.scount4   0x20000020        0x4 MCU16 ARM Release/main.o
                0x20000020                scount4
 .bss.scount5   0x20000024        0x4 MCU16 ARM Release/main.o
                0x20000024                scount5
 .bss.EncPos1   0x20000028        0x4 MCU16 ARM Release/main.o
                0x20000028                EncPos1
 .bss.EncPos2   0x2000002c        0x4 MCU16 ARM Release/main.o
                0x2000002c                EncPos2
 .bss.EncPos3   0x20000030        0x4 MCU16 ARM Release/main.o
                0x20000030                EncPos3
 .bss.UpperWord2
                0x20000034        0x2 MCU16 ARM Release/main.o
                0x20000034                UpperWord2
 .bss.UpperWord3
                0x20000036        0x2 MCU16 ARM Release/main.o
                0x20000036                UpperWord3
 .bss.status_byte
                0x20000038        0x1 MCU16 ARM Release/main.o
                0x20000038                status_byte
 .bss.status_packet
                0x20000039        0x1 MCU16 ARM Release/main.o
                0x20000039                status_packet
 .bss.cmd_ready
                0x2000003a        0x1 MCU16 ARM Release/main.o
                0x2000003a                cmd_ready
 .bss.image_count_dis
                0x2000003b        0x1 MCU16 ARM Release/main.o
                0x2000003b                image_count_dis
 .bss.cmdlen    0x2000003c        0x1 MCU16 ARM Release/main.o
                0x2000003c                cmdlen
 .bss.motor_count_dis
                0x2000003d        0x1 MCU16 ARM Release/main.o
                0x2000003d                motor_count_dis
 .bss.enc_error_band1
                0x2000003e        0x2 MCU16 ARM Release/main.o
                0x2000003e                enc_error_band1
 .bss.enc_error_band2
                0x20000040        0x2 MCU16 ARM Release/main.o
                0x20000040                enc_error_band2
 .bss.enc_error_band3
                0x20000042        0x2 MCU16 ARM Release/main.o
                0x20000042                enc_error_band3
 .bss.enc_error_flg
                0x20000044        0x1 MCU16 ARM Release/main.o
                0x20000044                enc_error_flg
 .bss.enc_overflow
                0x20000045        0x1 MCU16 ARM Release/main.o
                0x20000045                enc_overflow
 .bss.servo_flt_flg
                0x20000046        0x1 MCU16 ARM Release/main.o
                0x20000046                servo_flt_flg
 .bss.last_path_flg
                0x20000047        0x1 MCU16 ARM Release/main.o
                0x20000047                last_path_flg
 .bss.pos2_now  0x20000048        0x2 MCU16 ARM Release/main.o
                0x20000048                pos2_now
 .bss.pos2_last
                0x2000004a        0x2 MCU16 ARM Release/main.o
                0x2000004a                pos2_last
 .bss.pos3_now  0x2000004c        0x2 MCU16 ARM Release/main.o
                0x2000004c                pos3_now
 .bss.pos3_last
                0x2000004e        0x2 MCU16 ARM Release/main.o
                0x2000004e                pos3_last
 .bss.StepTimer
                0x20000050        0x4 MCU16 ARM Release/main.o
                0x20000050                StepTimer
 .bss.PathTimer
                0x20000054        0x4 MCU16 ARM Release/main.o
                0x20000054                PathTimer
 .bss.path_error
                0x20000058        0x1 MCU16 ARM Release/main.o
                0x20000058                path_error
 .bss.jog_mode  0x20000059        0x1 MCU16 ARM Release/main.o
                0x20000059                jog_mode
 .bss.remote_mode
                0x2000005a        0x1 MCU16 ARM Release/main.o
                0x2000005a                remote_mode
 .bss.motion    0x2000005b        0x1 MCU16 ARM Release/main.o
                0x2000005b                motion
 .bss.PathBuffer1
                0x2000005c     0x3840 MCU16 ARM Release/main.o
                0x2000005c                PathBuffer1
 .bss.PathBuffer2
                0x2000389c     0x3840 MCU16 ARM Release/main.o
                0x2000389c                PathBuffer2
 .bss.PathBuffer3
                0x200070dc     0x3840 MCU16 ARM Release/main.o
                0x200070dc                PathBuffer3
 .bss.PathBuffer4
                0x2000a91c     0x3840 MCU16 ARM Release/main.o
                0x2000a91c                PathBuffer4
 .bss.PathBuffer5
                0x2000e15c     0x3840 MCU16 ARM Release/main.o
                0x2000e15c                PathBuffer5
 .bss.PathOut   0x2001199c        0xa MCU16 ARM Release/main.o
                0x2001199c                PathOut
 *fill*         0x200119a6        0x2 
 .bss.PathIn    0x200119a8        0xa MCU16 ARM Release/main.o
                0x200119a8                PathIn
 .bss.PointerIn
                0x200119b2        0x2 MCU16 ARM Release/main.o
                0x200119b2                PointerIn
 .bss.PointerOut
                0x200119b4        0x2 MCU16 ARM Release/main.o
                0x200119b4                PointerOut
 .bss.DataInPathBuf
                0x200119b6        0x2 MCU16 ARM Release/main.o
                0x200119b6                DataInPathBuf
 .bss.SpaceAvailable
                0x200119b8        0x2 MCU16 ARM Release/main.o
                0x200119b8                SpaceAvailable
 *fill*         0x200119ba        0x2 
 .bss.PathsExecuted
                0x200119bc        0x4 MCU16 ARM Release/main.o
                0x200119bc                PathsExecuted
 .bss.PathsPlusBuf
                0x200119c0        0x4 MCU16 ARM Release/main.o
                0x200119c0                PathsPlusBuf
 .bss.PCount1   0x200119c4        0x2 MCU16 ARM Release/main.o
                0x200119c4                PCount1
 .bss.PCount2   0x200119c6        0x2 MCU16 ARM Release/main.o
                0x200119c6                PCount2
 .bss.PCount3   0x200119c8        0x2 MCU16 ARM Release/main.o
                0x200119c8                PCount3
 .bss.PCount4   0x200119ca        0x2 MCU16 ARM Release/main.o
                0x200119ca                PCount4
 .bss.PCount5   0x200119cc        0x2 MCU16 ARM Release/main.o
                0x200119cc                PCount5
 .bss.Dir1      0x200119ce        0x1 MCU16 ARM Release/main.o
                0x200119ce                Dir1
 .bss.Dir2      0x200119cf        0x1 MCU16 ARM Release/main.o
                0x200119cf                Dir2
 .bss.Dir3      0x200119d0        0x1 MCU16 ARM Release/main.o
                0x200119d0                Dir3
 .bss.Dir4      0x200119d1        0x1 MCU16 ARM Release/main.o
                0x200119d1                Dir4
 .bss.Dir5      0x200119d2        0x1 MCU16 ARM Release/main.o
                0x200119d2                Dir5
 .bss.quad_out  0x200119d3        0x1 MCU16 ARM Release/main.o
                0x200119d3                quad_out
 .bss.status_request
                0x200119d4        0x1 MCU16 ARM Release/main.o
                0x200119d4                status_request
 .bss.group_leader
                0x200119d5        0x1 MCU16 ARM Release/main.o
                0x200119d5                group_leader
 *fill*         0x200119d6        0x2 
 .bss.cmd       0x200119d8       0x64 MCU16 ARM Release/main.o
                0x200119d8                cmd
 .bss.module_addr
                0x20011a3c        0x1 MCU16 ARM Release/main.o
                0x20011a3c                module_addr
 *fill*         0x20011a3d        0x3 
 .bss.rbuf      0x20011a40       0x64 MCU16 ARM Release/main.o
                0x20011a40                rbuf
 .bss.stat      0x20011aa4       0x64 MCU16 ARM Release/main.o
                0x20011aa4                stat
 .bss.remote_dis
                0x20011b08        0x1 MCU16 ARM Release/main.o
                0x20011b08                remote_dis
 .bss.remote_sw
                0x20011b09        0x1 MCU16 ARM Release/main.o
                0x20011b09                remote_sw
 *fill*         0x20011b0a        0x2 
 .bss.htim2     0x20011b0c       0x3c MCU16 ARM Release/tim.o
                0x20011b0c                htim2
 .bss.htim3     0x20011b48       0x3c MCU16 ARM Release/tim.o
                0x20011b48                htim3
 .bss.htim4     0x20011b84       0x3c MCU16 ARM Release/tim.o
                0x20011b84                htim4
 .bss.htim5     0x20011bc0       0x3c MCU16 ARM Release/tim.o
                0x20011bc0                htim5
 .bss.htim9     0x20011bfc       0x3c MCU16 ARM Release/tim.o
                0x20011bfc                htim9
 .bss.htim10    0x20011c38       0x3c MCU16 ARM Release/tim.o
                0x20011c38                htim10
 .bss.htim11    0x20011c74       0x3c MCU16 ARM Release/tim.o
                0x20011c74                htim11
 .bss.htim12    0x20011cb0       0x3c MCU16 ARM Release/tim.o
                0x20011cb0                htim12
 .bss.htim13    0x20011cec       0x3c MCU16 ARM Release/tim.o
                0x20011cec                htim13
 .bss.htim14    0x20011d28       0x3c MCU16 ARM Release/tim.o
                0x20011d28                htim14
 .bss.huart1    0x20011d64       0x70 MCU16 ARM Release/usart.o
                0x20011d64                huart1
 .bss.huart3    0x20011dd4       0x70 MCU16 ARM Release/usart.o
                0x20011dd4                huart3
 .bss.hadc1     0x20011e44       0x48 MCU16 ARM Release/adc.o
                0x20011e44                hadc1
 .bss.uwTick    0x20011e8c        0x4 MCU16 ARM Release/stm32f7xx_hal.o
 *(COMMON)
                0x20011e90                __bss_end__ = (__bss_start__ + SIZEOF (.bss))
                0x00011e88                __bss_size__ = SIZEOF (.bss)
                0x20011e90                __bss_load_end__ = __bss_end__
                0x00000001                . = ASSERT (((__bss_start__ == __bss_end__) || ((__bss_end__ >= __RAM_segment_start__) && (__bss_end__ <= __RAM_segment_end__))), error: .bss is too large to fit in RAM memory segment)
                0x20011e90                __tbss_load_start__ = ALIGN (__bss_end__, 0x4)

.tbss           0x20011e90        0x0
                0x20011e90                __tbss_start__ = .
 *(.tbss .tbss.*)
                0x20011e90                __tbss_end__ = (__tbss_start__ + SIZEOF (.tbss))
                0x00000000                __tbss_size__ = SIZEOF (.tbss)
                0x20011e90                __tbss_load_end__ = __tbss_end__
                0x00000001                . = ASSERT (((__tbss_start__ == __tbss_end__) || ((__tbss_end__ >= __RAM_segment_start__) && (__tbss_end__ <= __RAM_segment_end__))), error: .tbss is too large to fit in RAM memory segment)
                0x20011e90                __non_init_load_start__ = ALIGN (__tbss_end__, 0x4)

.non_init       0x20011e90        0x0
                0x20011e90                __non_init_start__ = .
 *(.non_init .non_init.*)
                0x20011e90                __non_init_end__ = (__non_init_start__ + SIZEOF (.non_init))
                0x00000000                __non_init_size__ = SIZEOF (.non_init)
                0x20011e90                __non_init_load_end__ = __non_init_end__
                0x00000001                . = ASSERT (((__non_init_start__ == __non_init_end__) || ((__non_init_end__ >= __RAM_segment_start__) && (__non_init_end__ <= __RAM_segment_end__))), error: .non_init is too large to fit in RAM memory segment)
                0x20011e90                __heap_load_start__ = ALIGN (__non_init_end__, 0x4)

.heap           0x20011e90       0x80
                0x20011e90                __heap_start__ = .
 *(.heap .heap.*)
                0x20011f10                . = ALIGN (MAX ((__heap_start__ + __HEAPSIZE__), .), 0x4)
 *fill*         0x20011e90       0x80 
                0x20011f10                __heap_end__ = (__heap_start__ + SIZEOF (.heap))
                0x00000080                __heap_size__ = SIZEOF (.heap)
                0x20011f10                __heap_load_end__ = __heap_end__
                0x00000001                . = ASSERT (((__heap_start__ == __heap_end__) || ((__heap_end__ >= __RAM_segment_start__) && (__heap_end__ <= __RAM_segment_end__))), error: .heap is too large to fit in RAM memory segment)
                0x20011f10                __stack_load_start__ = ALIGN (__heap_end__, 0x8)

.stack          0x20011f10      0x100
                0x20011f10                __stack_start__ = .
 *(.stack .stack.*)
                0x20012010                . = ALIGN (MAX ((__stack_start__ + __STACKSIZE__), .), 0x8)
 *fill*         0x20011f10      0x100 
                0x20012010                __stack_end__ = (__stack_start__ + SIZEOF (.stack))
                0x00000100                __stack_size__ = SIZEOF (.stack)
                0x20012010                __stack_load_end__ = __stack_end__
                0x00000001                . = ASSERT (((__stack_start__ == __stack_end__) || ((__stack_end__ >= __RAM_segment_start__) && (__stack_end__ <= __RAM_segment_end__))), error: .stack is too large to fit in RAM memory segment)
                0x20012010                __stack_process_load_start__ = ALIGN (__stack_end__, 0x8)

.stack_process  0x20012010        0x0
                0x20012010                __stack_process_start__ = .
 *(.stack_process .stack_process.*)
                0x20012010                . = ALIGN (MAX ((__stack_process_start__ + __STACKSIZE_PROCESS__), .), 0x8)
                0x20012010                __stack_process_end__ = (__stack_process_start__ + SIZEOF (.stack_process))
                0x00000000                __stack_process_size__ = SIZEOF (.stack_process)
                0x20012010                __stack_process_load_end__ = __stack_process_end__
                0x20012010                __RAM_segment_used_end__ = (ALIGN (__stack_end__, 0x8) + SIZEOF (.stack_process))
                0x00012010                __RAM_segment_used_size__ = (__RAM_segment_used_end__ - __RAM_segment_start__)
                0x00000001                . = ASSERT (((__stack_process_start__ == __stack_process_end__) || ((__stack_process_end__ >= __RAM_segment_start__) && (__stack_process_end__ <= __RAM_segment_end__))), error: .stack_process is too large to fit in RAM memory segment)
START GROUP
LOAD MCU16 ARM Release/mcu_encoder.o
LOAD MCU16 ARM Release/mcu_gpio.o
LOAD MCU16 ARM Release/mcu_mode.o
LOAD MCU16 ARM Release/mcu_output.o
LOAD MCU16 ARM Release/mcu_pathcontrol.o
LOAD MCU16 ARM Release/mcu_remote.o
LOAD MCU16 ARM Release/mcu_serial_cmd.o
LOAD MCU16 ARM Release/stm32f7xx_hal_msp.o
LOAD MCU16 ARM Release/stm32f7xx_it.o
LOAD MCU16 ARM Release/main.o
LOAD MCU16 ARM Release/tim.o
LOAD MCU16 ARM Release/gpio.o
LOAD MCU16 ARM Release/usart.o
LOAD MCU16 ARM Release/adc.o
LOAD MCU16 ARM Release/stm32f7xx_hal_pwr.o
LOAD MCU16 ARM Release/stm32f7xx_hal_flash_ex.o
LOAD MCU16 ARM Release/stm32f7xx_hal_flash.o
LOAD MCU16 ARM Release/stm32f7xx_hal.o
LOAD MCU16 ARM Release/stm32f7xx_hal_rtc.o
LOAD MCU16 ARM Release/stm32f7xx_hal_cortex.o
LOAD MCU16 ARM Release/stm32f7xx_hal_dma_ex.o
LOAD MCU16 ARM Release/stm32f7xx_hal_tim_ex.o
LOAD MCU16 ARM Release/stm32f7xx_hal_tim.o
LOAD MCU16 ARM Release/stm32f7xx_hal_pwr_ex.o
LOAD MCU16 ARM Release/stm32f7xx_hal_rcc.o
LOAD MCU16 ARM Release/stm32f7xx_hal_rcc_ex.o
LOAD MCU16 ARM Release/stm32f7xx_hal_dma.o
LOAD MCU16 ARM Release/stm32f7xx_hal_gpio.o
LOAD MCU16 ARM Release/stm32f7xx_hal_rtc_ex.o
LOAD MCU16 ARM Release/stm32f7xx_hal_uart.o
LOAD MCU16 ARM Release/stm32f7xx_hal_adc_ex.o
LOAD MCU16 ARM Release/stm32f7xx_hal_adc.o
LOAD MCU16 ARM Release/system_stm32f7xx.o
LOAD MCU16 ARM Release/thumb_crt0.o
LOAD MCU16 ARM Release/STM32_Startup.o
LOAD C:/Program Files (x86)/Rowley Associates Limited/CrossWorks for ARM 3.6/lib/libcm_v7em_t_le_eabi.a
LOAD C:/Program Files (x86)/Rowley Associates Limited/CrossWorks for ARM 3.6/lib/libdebugio_mempoll_v7em_t_le_eabi.a
LOAD C:/Program Files (x86)/Rowley Associates Limited/CrossWorks for ARM 3.6/lib/libm_v7em_t_le_eabi.a
LOAD C:/Program Files (x86)/Rowley Associates Limited/CrossWorks for ARM 3.6/lib/libc_v7em_t_le_eabi.a
LOAD C:/Program Files (x86)/Rowley Associates Limited/CrossWorks for ARM 3.6/lib/libcpp_v7em_t_le_eabi.a
LOAD C:/Program Files (x86)/Rowley Associates Limited/CrossWorks for ARM 3.6/lib/libdebugio_v7em_t_le_eabi.a
LOAD C:/Program Files (x86)/Rowley Associates Limited/CrossWorks for ARM 3.6/lib/libvfprintf_v7em_t_le_eabi.o
LOAD C:/Program Files (x86)/Rowley Associates Limited/CrossWorks for ARM 3.6/lib/libvfscanf_v7em_t_le_eabi.o
END GROUP
OUTPUT(MCU16 ARM Release/MCU16.elf elf32-littlearm)

.debug_frame    0x00000000     0x9618
 .debug_frame   0x00000000      0x358 MCU16 ARM Release/mcu_encoder.o
 .debug_frame   0x00000358      0x100 MCU16 ARM Release/mcu_gpio.o
 .debug_frame   0x00000458       0xf4 MCU16 ARM Release/mcu_mode.o
 .debug_frame   0x0000054c      0x264 MCU16 ARM Release/mcu_output.o
 .debug_frame   0x000007b0      0x134 MCU16 ARM Release/mcu_pathcontrol.o
 .debug_frame   0x000008e4       0xb4 MCU16 ARM Release/mcu_remote.o
 .debug_frame   0x00000998      0x1c0 MCU16 ARM Release/mcu_serial_cmd.o
 .debug_frame   0x00000b58       0x34 MCU16 ARM Release/stm32f7xx_hal_msp.o
 .debug_frame   0x00000b8c      0x130 MCU16 ARM Release/stm32f7xx_it.o
 .debug_frame   0x00000cbc       0x6c MCU16 ARM Release/main.o
 .debug_frame   0x00000d28      0x2d0 MCU16 ARM Release/tim.o
 .debug_frame   0x00000ff8       0x48 MCU16 ARM Release/gpio.o
 .debug_frame   0x00001040       0xc8 MCU16 ARM Release/usart.o
 .debug_frame   0x00001108       0xb8 MCU16 ARM Release/adc.o
 .debug_frame   0x000011c0      0x458 MCU16 ARM Release/stm32f7xx_hal.o
 .debug_frame   0x00001618      0x6a4 MCU16 ARM Release/stm32f7xx_hal_cortex.o
 .debug_frame   0x00001cbc      0x9fc MCU16 ARM Release/stm32f7xx_hal_tim_ex.o
 .debug_frame   0x000026b8     0x18cc MCU16 ARM Release/stm32f7xx_hal_tim.o
 .debug_frame   0x00003f84      0x2b0 MCU16 ARM Release/stm32f7xx_hal_pwr_ex.o
 .debug_frame   0x00004234      0x304 MCU16 ARM Release/stm32f7xx_hal_rcc.o
 .debug_frame   0x00004538       0xcc MCU16 ARM Release/stm32f7xx_hal_rcc_ex.o
 .debug_frame   0x00004604      0x208 MCU16 ARM Release/stm32f7xx_hal_gpio.o
 .debug_frame   0x0000480c      0x9dc MCU16 ARM Release/stm32f7xx_hal_uart.o
 .debug_frame   0x000051e8      0x640 MCU16 ARM Release/stm32f7xx_hal_adc.o
 .debug_frame   0x00005828       0x80 MCU16 ARM Release/system_stm32f7xx.o
 .debug_frame   0x000058a8      0x440 C:/Program Files (x86)/Rowley Associates Limited/CrossWorks for ARM 3.6/lib/libm_v7em_t_le_eabi.a(libm_asm.o)
 .debug_frame   0x00005ce8     0x3930 C:/Program Files (x86)/Rowley Associates Limited/CrossWorks for ARM 3.6/lib/libc_v7em_t_le_eabi.a(libc2.o)

.debug_info     0x00000000    0x139fd
 .debug_info    0x00000000      0x8b6 MCU16 ARM Release/mcu_encoder.o
 .debug_info    0x000008b6      0x1f4 MCU16 ARM Release/mcu_gpio.o
 .debug_info    0x00000aaa      0x63e MCU16 ARM Release/mcu_mode.o
 .debug_info    0x000010e8      0x93c MCU16 ARM Release/mcu_output.o
 .debug_info    0x00001a24      0x7f9 MCU16 ARM Release/mcu_pathcontrol.o
 .debug_info    0x0000221d      0x9ac MCU16 ARM Release/mcu_remote.o
 .debug_info    0x00002bc9      0xa0e MCU16 ARM Release/mcu_serial_cmd.o
 .debug_info    0x000035d7      0x34b MCU16 ARM Release/stm32f7xx_hal_msp.o
 .debug_info    0x00003922      0x91f MCU16 ARM Release/stm32f7xx_it.o
 .debug_info    0x00004241     0x1307 MCU16 ARM Release/main.o
 .debug_info    0x00005548      0xf97 MCU16 ARM Release/tim.o
 .debug_info    0x000064df      0x41d MCU16 ARM Release/gpio.o
 .debug_info    0x000068fc      0xbed MCU16 ARM Release/usart.o
 .debug_info    0x000074e9      0x8c2 MCU16 ARM Release/adc.o
 .debug_info    0x00007dab      0x83d MCU16 ARM Release/stm32f7xx_hal.o
 .debug_info    0x000085e8      0xf23 MCU16 ARM Release/stm32f7xx_hal_cortex.o
 .debug_info    0x0000950b     0x1202 MCU16 ARM Release/stm32f7xx_hal_tim_ex.o
 .debug_info    0x0000a70d     0x21a2 MCU16 ARM Release/stm32f7xx_hal_tim.o
 .debug_info    0x0000c8af      0x8bf MCU16 ARM Release/stm32f7xx_hal_pwr_ex.o
 .debug_info    0x0000d16e      0xb0b MCU16 ARM Release/stm32f7xx_hal_rcc.o
 .debug_info    0x0000dc79      0xfe6 MCU16 ARM Release/stm32f7xx_hal_rcc_ex.o
 .debug_info    0x0000ec5f      0x6ec MCU16 ARM Release/stm32f7xx_hal_gpio.o
 .debug_info    0x0000f34b     0x111e MCU16 ARM Release/stm32f7xx_hal_uart.o
 .debug_info    0x00010469      0xc12 MCU16 ARM Release/stm32f7xx_hal_adc.o
 .debug_info    0x0001107b      0x671 MCU16 ARM Release/system_stm32f7xx.o
 .debug_info    0x000116ec       0xc9 MCU16 ARM Release/thumb_crt0.o
 .debug_info    0x000117b5       0xe5 MCU16 ARM Release/STM32_Startup.o
 .debug_info    0x0001189a     0x2163 C:/Program Files (x86)/Rowley Associates Limited/CrossWorks for ARM 3.6/lib/libc_v7em_t_le_eabi.a(libc2.o)

.debug_abbrev   0x00000000     0x2be0
 .debug_abbrev  0x00000000      0x211 MCU16 ARM Release/mcu_encoder.o
 .debug_abbrev  0x00000211      0x140 MCU16 ARM Release/mcu_gpio.o
 .debug_abbrev  0x00000351      0x147 MCU16 ARM Release/mcu_mode.o
 .debug_abbrev  0x00000498      0x1cd MCU16 ARM Release/mcu_output.o
 .debug_abbrev  0x00000665      0x1d7 MCU16 ARM Release/mcu_pathcontrol.o
 .debug_abbrev  0x0000083c      0x18c MCU16 ARM Release/mcu_remote.o
 .debug_abbrev  0x000009c8      0x227 MCU16 ARM Release/mcu_serial_cmd.o
 .debug_abbrev  0x00000bef       0x80 MCU16 ARM Release/stm32f7xx_hal_msp.o
 .debug_abbrev  0x00000c6f      0x133 MCU16 ARM Release/stm32f7xx_it.o
 .debug_abbrev  0x00000da2      0x1ac MCU16 ARM Release/main.o
 .debug_abbrev  0x00000f4e      0x1c6 MCU16 ARM Release/tim.o
 .debug_abbrev  0x00001114      0x11a MCU16 ARM Release/gpio.o
 .debug_abbrev  0x0000122e      0x181 MCU16 ARM Release/usart.o
 .debug_abbrev  0x000013af      0x15e MCU16 ARM Release/adc.o
 .debug_abbrev  0x0000150d      0x18f MCU16 ARM Release/stm32f7xx_hal.o
 .debug_abbrev  0x0000169c      0x2c1 MCU16 ARM Release/stm32f7xx_hal_cortex.o
 .debug_abbrev  0x0000195d      0x1fe MCU16 ARM Release/stm32f7xx_hal_tim_ex.o
 .debug_abbrev  0x00001b5b      0x207 MCU16 ARM Release/stm32f7xx_hal_tim.o
 .debug_abbrev  0x00001d62      0x1a7 MCU16 ARM Release/stm32f7xx_hal_pwr_ex.o
 .debug_abbrev  0x00001f09      0x297 MCU16 ARM Release/stm32f7xx_hal_rcc.o
 .debug_abbrev  0x000021a0      0x1e1 MCU16 ARM Release/stm32f7xx_hal_rcc_ex.o
 .debug_abbrev  0x00002381      0x1ad MCU16 ARM Release/stm32f7xx_hal_gpio.o
 .debug_abbrev  0x0000252e      0x1fc MCU16 ARM Release/stm32f7xx_hal_uart.o
 .debug_abbrev  0x0000272a      0x225 MCU16 ARM Release/stm32f7xx_hal_adc.o
 .debug_abbrev  0x0000294f      0x120 MCU16 ARM Release/system_stm32f7xx.o
 .debug_abbrev  0x00002a6f       0x12 MCU16 ARM Release/thumb_crt0.o
 .debug_abbrev  0x00002a81       0x14 MCU16 ARM Release/STM32_Startup.o
 .debug_abbrev  0x00002a95      0x14b C:/Program Files (x86)/Rowley Associates Limited/CrossWorks for ARM 3.6/lib/libc_v7em_t_le_eabi.a(libc2.o)

.debug_pubnames
                0x00000000     0x5fe0
 .debug_pubnames
                0x00000000      0x18e MCU16 ARM Release/mcu_encoder.o
 .debug_pubnames
                0x0000018e       0x54 MCU16 ARM Release/mcu_gpio.o
 .debug_pubnames
                0x000001e2       0x76 MCU16 ARM Release/mcu_mode.o
 .debug_pubnames
                0x00000258       0xd3 MCU16 ARM Release/mcu_output.o
 .debug_pubnames
                0x0000032b       0x92 MCU16 ARM Release/mcu_pathcontrol.o
 .debug_pubnames
                0x000003bd       0x57 MCU16 ARM Release/mcu_remote.o
 .debug_pubnames
                0x00000414       0xa5 MCU16 ARM Release/mcu_serial_cmd.o
 .debug_pubnames
                0x000004b9      0x769 MCU16 ARM Release/stm32f7xx_hal_msp.o
 .debug_pubnames
                0x00000c22       0xf5 MCU16 ARM Release/stm32f7xx_it.o
 .debug_pubnames
                0x00000d17      0xb89 MCU16 ARM Release/main.o
 .debug_pubnames
                0x000018a0      0x8df MCU16 ARM Release/tim.o
 .debug_pubnames
                0x0000217f       0x47 MCU16 ARM Release/gpio.o
 .debug_pubnames
                0x000021c6      0x7cb MCU16 ARM Release/usart.o
 .debug_pubnames
                0x00002991       0x6e MCU16 ARM Release/adc.o
 .debug_pubnames
                0x000029ff      0x9c7 MCU16 ARM Release/stm32f7xx_hal.o
 .debug_pubnames
                0x000033c6      0xa66 MCU16 ARM Release/stm32f7xx_hal_cortex.o
 .debug_pubnames
                0x00003e2c      0x602 MCU16 ARM Release/stm32f7xx_hal_tim_ex.o
 .debug_pubnames
                0x0000442e      0xc4e MCU16 ARM Release/stm32f7xx_hal_tim.o
 .debug_pubnames
                0x0000507c      0x243 MCU16 ARM Release/stm32f7xx_hal_pwr_ex.o
 .debug_pubnames
                0x000052bf      0x1cb MCU16 ARM Release/stm32f7xx_hal_rcc.o
 .debug_pubnames
                0x0000548a       0xc3 MCU16 ARM Release/stm32f7xx_hal_rcc_ex.o
 .debug_pubnames
                0x0000554d      0x133 MCU16 ARM Release/stm32f7xx_hal_gpio.o
 .debug_pubnames
                0x00005680      0x614 MCU16 ARM Release/stm32f7xx_hal_uart.o
 .debug_pubnames
                0x00005c94      0x2eb MCU16 ARM Release/stm32f7xx_hal_adc.o
 .debug_pubnames
                0x00005f7f       0x61 MCU16 ARM Release/system_stm32f7xx.o

.debug_pubtypes
                0x00000000     0x2dfc
 .debug_pubtypes
                0x00000000      0x20d MCU16 ARM Release/mcu_encoder.o
 .debug_pubtypes
                0x0000020d      0x105 MCU16 ARM Release/mcu_gpio.o
 .debug_pubtypes
                0x00000312      0x1f4 MCU16 ARM Release/mcu_mode.o
 .debug_pubtypes
                0x00000506      0x21e MCU16 ARM Release/mcu_output.o
 .debug_pubtypes
                0x00000724      0x200 MCU16 ARM Release/mcu_pathcontrol.o
 .debug_pubtypes
                0x00000924      0x258 MCU16 ARM Release/mcu_remote.o
 .debug_pubtypes
                0x00000b7c      0x20e MCU16 ARM Release/mcu_serial_cmd.o
 .debug_pubtypes
                0x00000d8a       0xdb MCU16 ARM Release/stm32f7xx_hal_msp.o
 .debug_pubtypes
                0x00000e65      0x263 MCU16 ARM Release/stm32f7xx_it.o
 .debug_pubtypes
                0x000010c8      0x2ae MCU16 ARM Release/main.o
 .debug_pubtypes
                0x00001376      0x275 MCU16 ARM Release/tim.o
 .debug_pubtypes
                0x000015eb      0x11e MCU16 ARM Release/gpio.o
 .debug_pubtypes
                0x00001709      0x227 MCU16 ARM Release/usart.o
 .debug_pubtypes
                0x00001930      0x1f9 MCU16 ARM Release/adc.o
 .debug_pubtypes
                0x00001b29      0x138 MCU16 ARM Release/stm32f7xx_hal.o
 .debug_pubtypes
                0x00001c61      0x149 MCU16 ARM Release/stm32f7xx_hal_cortex.o
 .debug_pubtypes
                0x00001daa      0x28b MCU16 ARM Release/stm32f7xx_hal_tim_ex.o
 .debug_pubtypes
                0x00002035      0x2b3 MCU16 ARM Release/stm32f7xx_hal_tim.o
 .debug_pubtypes
                0x000022e8      0x12a MCU16 ARM Release/stm32f7xx_hal_pwr_ex.o
 .debug_pubtypes
                0x00002412      0x1a7 MCU16 ARM Release/stm32f7xx_hal_rcc.o
 .debug_pubtypes
                0x000025b9      0x16e MCU16 ARM Release/stm32f7xx_hal_rcc_ex.o
 .debug_pubtypes
                0x00002727      0x176 MCU16 ARM Release/stm32f7xx_hal_gpio.o
 .debug_pubtypes
                0x0000289d      0x242 MCU16 ARM Release/stm32f7xx_hal_uart.o
 .debug_pubtypes
                0x00002adf      0x219 MCU16 ARM Release/stm32f7xx_hal_adc.o
 .debug_pubtypes
                0x00002cf8      0x104 MCU16 ARM Release/system_stm32f7xx.o

.debug_aranges  0x00000000     0x1e48
 .debug_aranges
                0x00000000       0xa8 MCU16 ARM Release/mcu_encoder.o
 .debug_aranges
                0x000000a8       0x40 MCU16 ARM Release/mcu_gpio.o
 .debug_aranges
                0x000000e8       0x48 MCU16 ARM Release/mcu_mode.o
 .debug_aranges
                0x00000130       0x70 MCU16 ARM Release/mcu_output.o
 .debug_aranges
                0x000001a0       0x48 MCU16 ARM Release/mcu_pathcontrol.o
 .debug_aranges
                0x000001e8       0x38 MCU16 ARM Release/mcu_remote.o
 .debug_aranges
                0x00000220       0x58 MCU16 ARM Release/mcu_serial_cmd.o
 .debug_aranges
                0x00000278       0x20 MCU16 ARM Release/stm32f7xx_hal_msp.o
 .debug_aranges
                0x00000298       0x58 MCU16 ARM Release/stm32f7xx_it.o
 .debug_aranges
                0x000002f0       0x28 MCU16 ARM Release/main.o
 .debug_aranges
                0x00000318       0x88 MCU16 ARM Release/tim.o
 .debug_aranges
                0x000003a0       0x20 MCU16 ARM Release/gpio.o
 .debug_aranges
                0x000003c0       0x38 MCU16 ARM Release/usart.o
 .debug_aranges
                0x000003f8       0x30 MCU16 ARM Release/adc.o
 .debug_aranges
                0x00000428       0xd0 MCU16 ARM Release/stm32f7xx_hal.o
 .debug_aranges
                0x000004f8      0x108 MCU16 ARM Release/stm32f7xx_hal_cortex.o
 .debug_aranges
                0x00000600      0x170 MCU16 ARM Release/stm32f7xx_hal_tim_ex.o
 .debug_aranges
                0x00000770      0x368 MCU16 ARM Release/stm32f7xx_hal_tim.o
 .debug_aranges
                0x00000ad8       0x80 MCU16 ARM Release/stm32f7xx_hal_pwr_ex.o
 .debug_aranges
                0x00000b58       0x88 MCU16 ARM Release/stm32f7xx_hal_rcc.o
 .debug_aranges
                0x00000be0       0x30 MCU16 ARM Release/stm32f7xx_hal_rcc_ex.o
 .debug_aranges
                0x00000c10       0x58 MCU16 ARM Release/stm32f7xx_hal_gpio.o
 .debug_aranges
                0x00000c68      0x168 MCU16 ARM Release/stm32f7xx_hal_uart.o
 .debug_aranges
                0x00000dd0       0xe8 MCU16 ARM Release/stm32f7xx_hal_adc.o
 .debug_aranges
                0x00000eb8       0x28 MCU16 ARM Release/system_stm32f7xx.o
 .debug_aranges
                0x00000ee0       0xa8 MCU16 ARM Release/thumb_crt0.o
 .debug_aranges
                0x00000f88       0x20 MCU16 ARM Release/STM32_Startup.o
 .debug_aranges
                0x00000fa8      0xea0 C:/Program Files (x86)/Rowley Associates Limited/CrossWorks for ARM 3.6/lib/libc_v7em_t_le_eabi.a(libc2.o)

.debug_ranges   0x00000000     0x1c80
 .debug_ranges  0x00000000       0x98 MCU16 ARM Release/mcu_encoder.o
 .debug_ranges  0x00000098       0x30 MCU16 ARM Release/mcu_gpio.o
 .debug_ranges  0x000000c8       0x38 MCU16 ARM Release/mcu_mode.o
 .debug_ranges  0x00000100       0x60 MCU16 ARM Release/mcu_output.o
 .debug_ranges  0x00000160       0x38 MCU16 ARM Release/mcu_pathcontrol.o
 .debug_ranges  0x00000198       0x28 MCU16 ARM Release/mcu_remote.o
 .debug_ranges  0x000001c0       0x48 MCU16 ARM Release/mcu_serial_cmd.o
 .debug_ranges  0x00000208       0x10 MCU16 ARM Release/stm32f7xx_hal_msp.o
 .debug_ranges  0x00000218       0x48 MCU16 ARM Release/stm32f7xx_it.o
 .debug_ranges  0x00000260       0x18 MCU16 ARM Release/main.o
 .debug_ranges  0x00000278       0x78 MCU16 ARM Release/tim.o
 .debug_ranges  0x000002f0       0x10 MCU16 ARM Release/gpio.o
 .debug_ranges  0x00000300       0x28 MCU16 ARM Release/usart.o
 .debug_ranges  0x00000328       0x20 MCU16 ARM Release/adc.o
 .debug_ranges  0x00000348       0xc0 MCU16 ARM Release/stm32f7xx_hal.o
 .debug_ranges  0x00000408       0xf8 MCU16 ARM Release/stm32f7xx_hal_cortex.o
 .debug_ranges  0x00000500      0x160 MCU16 ARM Release/stm32f7xx_hal_tim_ex.o
 .debug_ranges  0x00000660      0x358 MCU16 ARM Release/stm32f7xx_hal_tim.o
 .debug_ranges  0x000009b8       0x70 MCU16 ARM Release/stm32f7xx_hal_pwr_ex.o
 .debug_ranges  0x00000a28       0x78 MCU16 ARM Release/stm32f7xx_hal_rcc.o
 .debug_ranges  0x00000aa0       0x20 MCU16 ARM Release/stm32f7xx_hal_rcc_ex.o
 .debug_ranges  0x00000ac0       0x48 MCU16 ARM Release/stm32f7xx_hal_gpio.o
 .debug_ranges  0x00000b08      0x158 MCU16 ARM Release/stm32f7xx_hal_uart.o
 .debug_ranges  0x00000c60       0xd8 MCU16 ARM Release/stm32f7xx_hal_adc.o
 .debug_ranges  0x00000d38       0x18 MCU16 ARM Release/system_stm32f7xx.o
 .debug_ranges  0x00000d50       0xa0 MCU16 ARM Release/thumb_crt0.o
 .debug_ranges  0x00000df0      0xe90 C:/Program Files (x86)/Rowley Associates Limited/CrossWorks for ARM 3.6/lib/libc_v7em_t_le_eabi.a(libc2.o)

.debug_line     0x00000000     0x8ebd
 .debug_line    0x00000000      0x469 MCU16 ARM Release/mcu_encoder.o
 .debug_line    0x00000469      0x26b MCU16 ARM Release/mcu_gpio.o
 .debug_line    0x000006d4      0x308 MCU16 ARM Release/mcu_mode.o
 .debug_line    0x000009dc      0x584 MCU16 ARM Release/mcu_output.o
 .debug_line    0x00000f60      0x37f MCU16 ARM Release/mcu_pathcontrol.o
 .debug_line    0x000012df      0x37e MCU16 ARM Release/mcu_remote.o
 .debug_line    0x0000165d      0x4d5 MCU16 ARM Release/mcu_serial_cmd.o
 .debug_line    0x00001b32      0x1e4 MCU16 ARM Release/stm32f7xx_hal_msp.o
 .debug_line    0x00001d16      0x316 MCU16 ARM Release/stm32f7xx_it.o
 .debug_line    0x0000202c      0x31a MCU16 ARM Release/main.o
 .debug_line    0x00002346      0x43c MCU16 ARM Release/tim.o
 .debug_line    0x00002782      0x282 MCU16 ARM Release/gpio.o
 .debug_line    0x00002a04      0x2f2 MCU16 ARM Release/usart.o
 .debug_line    0x00002cf6      0x2d7 MCU16 ARM Release/adc.o
 .debug_line    0x00002fcd      0x400 MCU16 ARM Release/stm32f7xx_hal.o
 .debug_line    0x000033cd      0x548 MCU16 ARM Release/stm32f7xx_hal_cortex.o
 .debug_line    0x00003915      0x9d1 MCU16 ARM Release/stm32f7xx_hal_tim_ex.o
 .debug_line    0x000042e6     0x147b MCU16 ARM Release/stm32f7xx_hal_tim.o
 .debug_line    0x00005761      0x3c3 MCU16 ARM Release/stm32f7xx_hal_pwr_ex.o
 .debug_line    0x00005b24      0x5f1 MCU16 ARM Release/stm32f7xx_hal_rcc.o
 .debug_line    0x00006115      0x6c8 MCU16 ARM Release/stm32f7xx_hal_rcc_ex.o
 .debug_line    0x000067dd      0x484 MCU16 ARM Release/stm32f7xx_hal_gpio.o
 .debug_line    0x00006c61      0xac8 MCU16 ARM Release/stm32f7xx_hal_uart.o
 .debug_line    0x00007729      0x6d3 MCU16 ARM Release/stm32f7xx_hal_adc.o
 .debug_line    0x00007dfc      0x22b MCU16 ARM Release/system_stm32f7xx.o
 .debug_line    0x00008027      0x240 MCU16 ARM Release/thumb_crt0.o
 .debug_line    0x00008267      0x13a MCU16 ARM Release/STM32_Startup.o
 .debug_line    0x000083a1      0xb1c C:/Program Files (x86)/Rowley Associates Limited/CrossWorks for ARM 3.6/lib/libc_v7em_t_le_eabi.a(libc2.o)

.debug_str      0x00000000     0x6a5b
 .debug_str     0x00000000      0x879 MCU16 ARM Release/mcu_encoder.o
                                0x8f3 (size before relaxing)
 .debug_str     0x00000879       0xce MCU16 ARM Release/mcu_gpio.o
                                0x2e5 (size before relaxing)
 .debug_str     0x00000947       0xea MCU16 ARM Release/mcu_mode.o
                                0x77c (size before relaxing)
 .debug_str     0x00000a31      0x17d MCU16 ARM Release/mcu_output.o
                                0x86a (size before relaxing)
 .debug_str     0x00000bae      0x182 MCU16 ARM Release/mcu_pathcontrol.o
                                0x8b8 (size before relaxing)
 .debug_str     0x00000d30      0x207 MCU16 ARM Release/mcu_remote.o
                                0x964 (size before relaxing)
 .debug_str     0x00000f37      0x3e2 MCU16 ARM Release/mcu_serial_cmd.o
                                0x9f0 (size before relaxing)
 .debug_str     0x00001319      0x615 MCU16 ARM Release/stm32f7xx_hal_msp.o
                                0x814 (size before relaxing)
 .debug_str     0x0000192e      0x124 MCU16 ARM Release/stm32f7xx_it.o
                                0xa40 (size before relaxing)
 .debug_str     0x00001a52      0x567 MCU16 ARM Release/main.o
                               0x144c (size before relaxing)
 .debug_str     0x00001fb9      0x2b9 MCU16 ARM Release/tim.o
                               0x1098 (size before relaxing)
 .debug_str     0x00002272       0x82 MCU16 ARM Release/gpio.o
                                0x417 (size before relaxing)
 .debug_str     0x000022f4       0xad MCU16 ARM Release/usart.o
                                0xf00 (size before relaxing)
 .debug_str     0x000023a1       0xc6 MCU16 ARM Release/adc.o
                                0x87d (size before relaxing)
 .debug_str     0x00002467      0x2f4 MCU16 ARM Release/stm32f7xx_hal.o
                                0xbc1 (size before relaxing)
 .debug_str     0x0000275b      0x4cd MCU16 ARM Release/stm32f7xx_hal_cortex.o
                                0xdf7 (size before relaxing)
 .debug_str     0x00002c28      0x725 MCU16 ARM Release/stm32f7xx_hal_tim_ex.o
                                0xe88 (size before relaxing)
 .debug_str     0x0000334d      0xa63 MCU16 ARM Release/stm32f7xx_hal_tim.o
                               0x144f (size before relaxing)
 .debug_str     0x00003db0      0x23c MCU16 ARM Release/stm32f7xx_hal_pwr_ex.o
                                0x6ed (size before relaxing)
 .debug_str     0x00003fec      0x225 MCU16 ARM Release/stm32f7xx_hal_rcc.o
                                0x742 (size before relaxing)
 .debug_str     0x00004211      0x125 MCU16 ARM Release/stm32f7xx_hal_rcc_ex.o
                                0x72a (size before relaxing)
 .debug_str     0x00004336      0x15f MCU16 ARM Release/stm32f7xx_hal_gpio.o
                                0x593 (size before relaxing)
 .debug_str     0x00004495      0x463 MCU16 ARM Release/stm32f7xx_hal_uart.o
                                0xd94 (size before relaxing)
 .debug_str     0x000048f8      0x2c1 MCU16 ARM Release/stm32f7xx_hal_adc.o
                                0x9f2 (size before relaxing)
 .debug_str     0x00004bb9       0xac MCU16 ARM Release/system_stm32f7xx.o
                                0x518 (size before relaxing)
 .debug_str     0x00004c65     0x1df6 C:/Program Files (x86)/Rowley Associates Limited/CrossWorks for ARM 3.6/lib/libc_v7em_t_le_eabi.a(libc2.o)
                               0x1f5e (size before relaxing)

.comment        0x00000000       0x4e
 .comment       0x00000000       0x4e MCU16 ARM Release/mcu_encoder.o
                                 0x4f (size before relaxing)
 .comment       0x00000000       0x4f MCU16 ARM Release/mcu_gpio.o
 .comment       0x00000000       0x4f MCU16 ARM Release/mcu_mode.o
 .comment       0x00000000       0x4f MCU16 ARM Release/mcu_output.o
 .comment       0x00000000       0x4f MCU16 ARM Release/mcu_pathcontrol.o
 .comment       0x00000000       0x4f MCU16 ARM Release/mcu_remote.o
 .comment       0x00000000       0x4f MCU16 ARM Release/mcu_serial_cmd.o
 .comment       0x00000000       0x4f MCU16 ARM Release/stm32f7xx_hal_msp.o
 .comment       0x00000000       0x4f MCU16 ARM Release/stm32f7xx_it.o
 .comment       0x00000000       0x4f MCU16 ARM Release/main.o
 .comment       0x00000000       0x4f MCU16 ARM Release/tim.o
 .comment       0x00000000       0x4f MCU16 ARM Release/gpio.o
 .comment       0x00000000       0x4f MCU16 ARM Release/usart.o
 .comment       0x00000000       0x4f MCU16 ARM Release/adc.o
 .comment       0x00000000       0x4f MCU16 ARM Release/stm32f7xx_hal.o
 .comment       0x00000000       0x4f MCU16 ARM Release/stm32f7xx_hal_cortex.o
 .comment       0x00000000       0x4f MCU16 ARM Release/stm32f7xx_hal_tim_ex.o
 .comment       0x00000000       0x4f MCU16 ARM Release/stm32f7xx_hal_tim.o
 .comment       0x00000000       0x4f MCU16 ARM Release/stm32f7xx_hal_pwr_ex.o
 .comment       0x00000000       0x4f MCU16 ARM Release/stm32f7xx_hal_rcc.o
 .comment       0x00000000       0x4f MCU16 ARM Release/stm32f7xx_hal_rcc_ex.o
 .comment       0x00000000       0x4f MCU16 ARM Release/stm32f7xx_hal_gpio.o
 .comment       0x00000000       0x4f MCU16 ARM Release/stm32f7xx_hal_uart.o
 .comment       0x00000000       0x4f MCU16 ARM Release/stm32f7xx_hal_adc.o
 .comment       0x00000000       0x4f MCU16 ARM Release/system_stm32f7xx.o
 .comment       0x00000000       0x4f C:/Program Files (x86)/Rowley Associates Limited/CrossWorks for ARM 3.6/lib/libc_v7em_t_le_eabi.a(libc2.o)

.ARM.attributes
                0x00000000       0x31
 .ARM.attributes
                0x00000000       0x33 MCU16 ARM Release/mcu_encoder.o
 .ARM.attributes
                0x00000033       0x33 MCU16 ARM Release/mcu_gpio.o
 .ARM.attributes
                0x00000066       0x33 MCU16 ARM Release/mcu_mode.o
 .ARM.attributes
                0x00000099       0x33 MCU16 ARM Release/mcu_output.o
 .ARM.attributes
                0x000000cc       0x33 MCU16 ARM Release/mcu_pathcontrol.o
 .ARM.attributes
                0x000000ff       0x33 MCU16 ARM Release/mcu_remote.o
 .ARM.attributes
                0x00000132       0x33 MCU16 ARM Release/mcu_serial_cmd.o
 .ARM.attributes
                0x00000165       0x33 MCU16 ARM Release/stm32f7xx_hal_msp.o
 .ARM.attributes
                0x00000198       0x33 MCU16 ARM Release/stm32f7xx_it.o
 .ARM.attributes
                0x000001cb       0x33 MCU16 ARM Release/main.o
 .ARM.attributes
                0x000001fe       0x33 MCU16 ARM Release/tim.o
 .ARM.attributes
                0x00000231       0x33 MCU16 ARM Release/gpio.o
 .ARM.attributes
                0x00000264       0x33 MCU16 ARM Release/usart.o
 .ARM.attributes
                0x00000297       0x33 MCU16 ARM Release/adc.o
 .ARM.attributes
                0x000002ca       0x33 MCU16 ARM Release/stm32f7xx_hal.o
 .ARM.attributes
                0x000002fd       0x33 MCU16 ARM Release/stm32f7xx_hal_cortex.o
 .ARM.attributes
                0x00000330       0x33 MCU16 ARM Release/stm32f7xx_hal_tim_ex.o
 .ARM.attributes
                0x00000363       0x33 MCU16 ARM Release/stm32f7xx_hal_tim.o
 .ARM.attributes
                0x00000396       0x33 MCU16 ARM Release/stm32f7xx_hal_pwr_ex.o
 .ARM.attributes